 arcsas

 Timestamp is 5d131a64 (Wed Jun 26 00:10:28 2019)

 Preferred load address is 0000000140000000

 Start         Length     Name                   Class
 0001:00000000 0001d970H .text$mn                CODE
 0001:0001d970 00000050H .text$mn$00             CODE
 0001:0001d9c0 00000430H .text$mn$21             CODE
 0001:0001ddf0 00009958H .text$s                 CODE
 0002:00000000 000000c8H .idata$5                DATA
 0002:000000c8 00000010H .00cfg                  DATA
 0002:000000d8 000000b8H .gfids                  DATA
 0002:00000184 00000000H .gfids$y                DATA
 0002:00000190 000006c0H .rdata                  DATA
 0002:00000850 000001b0H .rdata$zzzdbg           DATA
 0002:00000a00 0000159cH .xdata                  DATA
 0003:00000000 000009e0H .data                   DATA
 0003:000009e0 000002e8H .bss                    DATA
 0004:00000000 00000cc0H .pdata                  DATA
 0005:00000000 00000090H INIT                    CODE
 0005:00000090 0000003cH .idata$2                CODE
 0005:000000cc 00000014H .idata$3                CODE
 0005:000000e0 000000c8H .idata$4                CODE
 0005:000001a8 00000238H .idata$6                CODE
 0006:00000000 000000d0H .rsrc$01                DATA
 0006:000000d0 00001110H .rsrc$02                DATA

  Address         Publics by Value              Rva+Base               Lib:Object

 0000:00000000       __guard_iat_table          0000000000000000     <absolute>
 0000:00000000       __guard_longjmp_count      0000000000000000     <absolute>
 0000:00000000       __guard_longjmp_table      0000000000000000     <absolute>
 0000:00000000       __guard_iat_count          0000000000000000     <absolute>
 0000:00000000       __enclave_config           0000000000000000     <absolute>
 0000:00000000       ___safe_se_handler_table   0000000000000000     <absolute>
 0000:00000000       __hybrid_code_map          0000000000000000     <absolute>
 0000:00000000       ___safe_se_handler_count   0000000000000000     <absolute>
 0000:00000000       __dynamic_value_reloc_table 0000000000000000     <absolute>
 0000:00000000       __hybrid_auxiliary_iat     0000000000000000     <absolute>
 0000:00000000       __hybrid_code_map_count    0000000000000000     <absolute>
 0000:0000002b       __guard_fids_count         000000000000002b     <absolute>
 0000:00014500       __guard_flags              0000000000014500     <absolute>
 0000:00000000       __ImageBase                0000000140000000     <linker-defined>
 0001:00000000       DumpHandles                0000000140001000 f   rxdevice.obj
 0001:000003b0       DumpHandlesZeroPointer     00000001400013b0 f   rxdevice.obj
 0001:00000760       GetOutstandingIoCnt        0000000140001760 f   rxdevice.obj
 0001:00000770       NonMSIXInterruptHandler    0000000140001770 f   rxdevice.obj
 0001:00000b50       PMCDpcResponseHandler      0000000140001b50 f   rxdevice.obj
 0001:000012f0       PMCInterruptHandler        00000001400022f0 f   rxdevice.obj
 0001:000018f0       PMCPushMessageUnitQueueFib 00000001400028f0 f   rxdevice.obj
 0001:00001c10       RxAccessDeviceRegister     0000000140002c10 f   rxdevice.obj
 0001:00001db0       RxCheckAdapterHealth       0000000140002db0 f   rxdevice.obj
 0001:00001e20       RxCheckSyncCommandComplete 0000000140002e20 f   rxdevice.obj
 0001:00001f60       RxDpcInterruptHandler      0000000140002f60 f   rxdevice.obj
 0001:00001f60       _guard_check_icall_nop     0000000140002f60 f   BufferOverflowK:guard_support.obj
 0001:00001f70       RxGetIBW                   0000000140002f70 f   rxdevice.obj
 0001:00001fa0       RxGetOMRx0                 0000000140002fa0 f   rxdevice.obj
 0001:00001fd0       RxInterruptHandler         0000000140002fd0 f   rxdevice.obj
 0001:000022a0       RxMapMailBoxFirmwareBase   00000001400032a0 f   rxdevice.obj
 0001:00002390       RxNewCommProcessInterrupt  0000000140003390 f   rxdevice.obj
 0001:00002760       RxNotifyAdapter            0000000140003760 f   rxdevice.obj
 0001:000027e0       RxPullMessageUnitQueueCompletedFib 00000001400037e0 f   rxdevice.obj
 0001:00002980       RxPushMessageUnitQueueFib  0000000140003980 f   rxdevice.obj
 0001:00002a70       RxSendSynchCommand         0000000140003a70 f   rxdevice.obj
 0001:000036b0       RxStartAdapter             00000001400046b0 f   rxdevice.obj
 0001:00003d30       RxWaitForAdapterToBoot     0000000140004d30 f   rxdevice.obj
 0001:00003e20       RxWriteIBW                 0000000140004e20 f   rxdevice.obj
 0001:00003e50       RxWriteIDR                 0000000140004e50 f   rxdevice.obj
 0001:00003e80       RxWriteODR                 0000000140004e80 f   rxdevice.obj
 0001:00003ec0       RevCheckCompatibility      0000000140004ec0 f   revision.obj
 0001:00003f60       RevGetBuildNumber          0000000140004f60 f   revision.obj
 0001:00003f70       RevGetExternalRev          0000000140004f70 f   revision.obj
 0001:00003f80       CompareStrings             0000000140004f80 f   helpers.obj
 0001:00004000       GetDriverParameter         0000000140005000 f   helpers.obj
 0001:00004140       LongToAscii                0000000140005140 f   helpers.obj
 0001:000041f0       MatchRegistryString        00000001400051f0 f   helpers.obj
 0001:000042b0       ZeroStructure              00000001400052b0 f   helpers.obj
 0001:000042c0       NullTraceFunc              00000001400052c0 f i arcdebug.obj
 0001:000042d0       ArcPrintf                  00000001400052d0 f   arcdebug.obj
 0001:00004880       GetFwDebugBuffer           0000000140005880 f   arcdebug.obj
 0001:00004a90       ProcessCompleteSrbToHost   0000000140005a90 f   arcdebug.obj
 0001:00004aa0       RealSprintf                0000000140005aa0 f   arcdebug.obj
 0001:00004f50       CheckingFWAfterPowerStateChange 0000000140005f50 f   timer.obj
 0001:00005340       MainTimeThread             0000000140006340 f   timer.obj
 0001:00006000       RequestTimer               0000000140007000 f   timer.obj
 0001:000060d0       Reset_IOP_CompletionTimer  00000001400070d0 f   timer.obj
 0001:000065a0       StopTimer                  00000001400075a0 f   timer.obj
 0001:00006640       UpdateThorHBAMappingTable  0000000140007640 f   timer.obj
 0001:00006920       VMCloseAllCompletionTimer  0000000140007920 f   timer.obj
 0001:00006b70       AllocateConsumerProducerCommArea 0000000140007b70 f   arcinit.obj
 0001:00006ef0       AllocateMessageUnitQueueCommArea 0000000140007ef0 f   arcinit.obj
 0001:000074a0       ArcLogEventString          00000001400084a0 f   arcinit.obj
 0001:00007520       AtomicINTXReleaseSlot      0000000140008520 f   arcinit.obj
 0001:00007540       CheckMSIxPossibility       0000000140008540 f   arcinit.obj
 0001:00007750       CleanHostSideRRQ           0000000140008750 f   arcinit.obj
 0001:00007980       ConfigureContainersRuntime 0000000140008980 f   arcinit.obj
 0001:000082b0       DecToHex                   00000001400092b0 f   arcinit.obj
 0001:00008310       DriverEntry                0000000140009310 f   arcinit.obj
 0001:00008530       DumpFibsSentToFW60SecondsBefore 0000000140009530 f   arcinit.obj
 0001:00008810       DynamicallyThrottleLunQueueDepth 0000000140009810 f   arcinit.obj
 0001:00008ac0       EventTracingCleanup        0000000140009ac0 f   arcinit.obj
 0001:00008b30       FindAdapter                0000000140009b30 f   arcinit.obj
 0001:0000b420       GetElapsedSeconds          000000014000c420 f   arcinit.obj
 0001:0000b4b0       GetFreeSlot                000000014000c4b0 f   arcinit.obj
 0001:0000b4e0       GetThorHbaPhyDevInfo       000000014000c4e0 f   arcinit.obj
 0001:0000ba30       HWSoftReset                000000014000ca30 f   arcinit.obj
 0001:0000bb90       HandleAdapterCommitConfig  000000014000cb90 f   arcinit.obj
 0001:0000bc60       HandleAdapterConfigIssues  000000014000cc60 f   arcinit.obj
 0001:0000be30       HandleAdapterGetConfig     000000014000ce30 f   arcinit.obj
 0001:0000bf40       HwInitializeAdapter        000000014000cf40 f   arcinit.obj
 0001:0000c390       INTXGetFreeSlot            000000014000d390 f   arcinit.obj
 0001:0000c3b0       IOPReset                   000000014000d3b0 f   arcinit.obj
 0001:0000c900       InitializeConsumerProducerCommRegion 000000014000d900 f   arcinit.obj
 0001:0000cb90       InitializeDPCs             000000014000db90 f   arcinit.obj
 0001:0000d2d0       IsAdapterReadyForConfigCommand 000000014000e2d0 f   arcinit.obj
 0001:0000d400       LogSystemEvent             000000014000e400 f   arcinit.obj
 0001:0000d4e0       MapDeviceBase              000000014000e4e0 f   arcinit.obj
 0001:0000da70       ReleaseSlot                000000014000ea70 f   arcinit.obj
 0001:0000daa0       ResetAdapter               000000014000eaa0 f   arcinit.obj
 0001:0000e2e0       ReturnOutstandingFibOnTargetDevice 000000014000f2e0 f   arcinit.obj
 0001:0000e490       ReturningLocalOutstandingRequestsToOS 000000014000f490 f   arcinit.obj
 0001:0000e610       ReturningOutstandingSentToFWBeforeIOPResetToOS 000000014000f610 f   arcinit.obj
 0001:0000e7c0       SA4ACI2Interface           000000014000f7c0 f   arcinit.obj
 0001:0000e950       SA4StatusBatching          000000014000f950 f   arcinit.obj
 0001:0000eae0       SMCrashDumpModeInitAdapter 000000014000fae0 f   arcinit.obj
 0001:0000eda0       SMNormalModeInitAdapter    000000014000fda0 f   arcinit.obj
 0001:0000f390       SendEvent2OS               0000000140010390 f   arcinit.obj
 0001:0000fd20       SendEvent2OSChild          0000000140010d20 f   arcinit.obj
 0001:000101b0       SendEvent2OSDelayed        00000001400111b0 f   arcinit.obj
 0001:00010900       SendInitStructure          0000000140011900 f   arcinit.obj
 0001:00010cd0       SendWellnessCmnd           0000000140011cd0 f   arcinit.obj
 0001:00010ed0       SetArcsasFwTime            0000000140011ed0 f   arcinit.obj
 0001:00010fb0       SetFwTime                  0000000140011fb0 f   arcinit.obj
 0001:00011440       SetPciSlotNumber           0000000140012440 f   arcinit.obj
 0001:00011520       StorWmiTraceMessage        0000000140012520 f i arcinit.obj
 0001:00011580       WppTraceCallback           0000000140012580 f   arcinit.obj
 0001:00011800       CompleteQueuedRequest      0000000140012800 f   cmddelivery.obj
 0001:00011900       DequeueCertainLD           0000000140012900 f   cmddelivery.obj
 0001:000119b0       DequeueRawIoReadWriteRequest 00000001400129b0 f   cmddelivery.obj
 0001:00011ad0       HandleInterrupt            0000000140012ad0 f   cmddelivery.obj
 0001:00011af0       HandleMSIXInterrupt        0000000140012af0 f   cmddelivery.obj
 0001:00011bd0       PollSmartHBAFIBCompletion  0000000140012bd0 f   cmddelivery.obj
 0001:00011f70       PostProcessScsiCommand     0000000140012f70 f   cmddelivery.obj
 0001:000122c0       ProcessContainerInquiry    00000001400132c0 f   cmddelivery.obj
 0001:000127d0       ProcessScsiCommand         00000001400137d0 f   cmddelivery.obj
 0001:00013430       QueuePrintf                0000000140014430 f   cmddelivery.obj
 0001:000134f0       QueueRawIoReadWriteRequest 00000001400144f0 f   cmddelivery.obj
 0001:000137e0       SaveNFHandle               00000001400147e0 f   cmddelivery.obj
 0001:00013820       SendFib                    0000000140014820 f   cmddelivery.obj
 0001:00013e60       SendRawIoFib               0000000140014e60 f   cmddelivery.obj
 0001:00014040       SendSynchFib               0000000140015040 f   cmddelivery.obj
 0001:00014240       StartIo                    0000000140015240 f   cmddelivery.obj
 0001:00014b70       AdapterControl             0000000140015b70 f   cmdproc.obj
 0001:000152a0       BuildIo                    00000001400162a0 f   cmdproc.obj
 0001:00015c80       BuildRawIo2ScatterGather   0000000140016c80 f   cmdproc.obj
 0001:00015e60       BuildRawIoFib              0000000140016e60 f   cmdproc.obj
 0001:000161b0       BuildRawIoScatterGather    00000001400171b0 f   cmdproc.obj
 0001:000163a0       BuildReadWriteFib          00000001400173a0 f   cmdproc.obj
 0001:00016770       BuildScatterGather         0000000140017770 f   cmdproc.obj
 0001:00016820       BuildScatterGather64       0000000140017820 f   cmdproc.obj
 0001:000168e0       BuildSrbFib                00000001400178e0 f   cmdproc.obj
 0001:00016b90       ConvertRawIo2ScatterGather 0000000140017b90 f   cmdproc.obj
 0001:00016cd0       InitializeFib              0000000140017cd0 f   cmdproc.obj
 0001:00016d00       PrepareBMIC15              0000000140017d00 f   cmdproc.obj
 0001:00016f40       BuildRawScatterGather      0000000140017f40 f   ioctl.obj
 0001:00016ff0       BuildRawScatterGather64    0000000140017ff0 f   ioctl.obj
 0001:000170a0       CSMIGetRAIDConfig          00000001400180a0 f   ioctl.obj
 0001:00017310       CSMISTPPassThru            0000000140018310 f   ioctl.obj
 0001:000175b0       HandleCSMI                 00000001400185b0 f   ioctl.obj
 0001:00017d00       ProcessIoctl               0000000140018d00 f   ioctl.obj
 0001:0001a620       AdapterIsAlive             000000014001b620 f   comm.obj
 0001:0001a660       CompleteAllSortingQueue    000000014001b660 f   comm.obj
 0001:0001a770       CompleteBufferedRequest    000000014001b770 f   comm.obj
 0001:0001a830       DeQueueSortingQueue        000000014001b830 f   comm.obj
 0001:0001a9e0       DpcDequeueRawIoReadWriteRequest 000000014001b9e0 f   comm.obj
 0001:0001aa50       FreeConsumerProducerAif    000000014001ba50 f   comm.obj
 0001:0001aba0       GetConsumerProducerCompletedFib 000000014001bba0 f   comm.obj
 0001:0001ac30       GetMessageUnitQueueCompletedFib 000000014001bc30 f   comm.obj
 0001:0001ac50       ProcessAif                 000000014001bc50 f   comm.obj
 0001:0001b580       ProcessHbaErrors           000000014001c580 f   comm.obj
 0001:0001bb90       ProcessNormalFib           000000014001cb90 f   comm.obj
 0001:0001c600       QueueEvent                 000000014001d600 f   comm.obj
 0001:0001c6a0       SendConsumerProducerFib    000000014001d6a0 f   comm.obj
 0001:0001c7a0       SendMessageUnitQueueFib    000000014001d7a0 f   comm.obj
 0001:0001c810       ServiceHostCommandNormalQueue 000000014001d810 f   comm.obj
 0001:0001c900       ServiceHostResponseNormalQueue 000000014001d900 f   comm.obj
 0001:0001cd20       ServiceInternalAifQueue    000000014001dd20 f   comm.obj
 0001:0001cdf0       SubDeQueueSortingQueue     000000014001ddf0 f   comm.obj
 0001:0001cef0       HwScsiWmiExecuteMethod     000000014001def0 f   wmi.obj
 0001:0001cf90       HwScsiWmiQueryDataBlock    000000014001df90 f   wmi.obj
 0001:0001cf90       HwScsiWmiFunctionControl   000000014001df90 f   wmi.obj
 0001:0001cfb0       HwScsiWmiQueryReginfo      000000014001dfb0 f   wmi.obj
 0001:0001cfc0       HwScsiWmiSetDataItem       000000014001dfc0 f   wmi.obj
 0001:0001cfc0       HwScsiWmiSetDataBlock      000000014001dfc0 f   wmi.obj
 0001:0001cfd0       InitializeWmiInterface     000000014001dfd0 f   wmi.obj
 0001:0001d0e0       ProcessWmi                 000000014001e0e0 f   wmi.obj
 0001:0001d170       __security_check_cookie    000000014001e170 f   BufferOverflowK:amdsecgs.obj
 0001:0001d190       __report_gsfailure         000000014001e190 f   BufferOverflowK:gs_report.obj
 0001:0001d1b8       __report_rangecheckfailure 000000014001e1b8 f   BufferOverflowK:gs_report.obj
 0001:0001d1c8       __report_securityfailure   000000014001e1c8 f   BufferOverflowK:gs_report.obj
 0001:0001d200       __GSHandlerCheck           000000014001e200 f   ntoskrnl:gshandler.obj
 0001:0001d220       __GSHandlerCheckCommon     000000014001e220 f   ntoskrnl:gshandler.obj
 0001:0001d280       ExSystemTimeToLocalTime    000000014001e280 f   ntoskrnl:ntoskrnl.exe
 0001:0001d286       RtlTimeToTimeFields        000000014001e286 f   ntoskrnl:ntoskrnl.exe
 0001:0001d28c       KeQueryPerformanceCounter  000000014001e28c f   hal:HAL.dll
 0001:0001d294       ScsiPortWmiDispatchFunction 000000014001e294 f   scsiwmi:wmilib.obj
 0001:0001d334       ScsiPortWmiPostProcess     000000014001e334 f   scsiwmi:wmilib.obj
 0001:0001d370       ScsiWmipFindGuid           000000014001e370 f   scsiwmi:wmilib.obj
 0001:0001d3d0       ScsiWmipPostProcess        000000014001e3d0 f   scsiwmi:wmilib.obj
 0001:0001d520       ScsiWmipProcessRequest     000000014001e520 f   scsiwmi:wmilib.obj
 0001:0001d980       _guard_dispatch_icall_nop  000000014001e980 f   BufferOverflowK:guard_dispatch.obj
 0001:0001d9c0       memcpy                     000000014001e9c0 f   ntoskrnl:memcpy.obj
 0001:0001d9c0       memmove                    000000014001e9c0 f   ntoskrnl:memcpy.obj
 0001:0001dd00       memset                     000000014001ed00 f   ntoskrnl:memset.obj
 0001:0001ddf0       ??_C@_0CJ@KAGJNHLI@OMR?5value?5in?5Check?5Adapter?5Healt@FNODOBFM@ 000000014001edf0     rxdevice.obj
 0001:0001de20       ??_C@_0DE@IHDJGLJF@This?5should?5not?5happen?4?5We?5only?5@FNODOBFM@ 000000014001ee20     rxdevice.obj
 0001:0001de60       ??_C@_0CP@PEAJGKJE@?$CK?5NonMSIXInterruptHandle?3?5pFibCo@FNODOBFM@ 000000014001ee60     rxdevice.obj
 0001:0001de90       ??_C@_0EM@CCDNION@?$CK?5Start?5a?5timer?5to?5update?5contai@FNODOBFM@ 000000014001ee90     rxdevice.obj
 0001:0001dee0       ??_C@_0DL@ELHJEKAJ@?$CK?57?124?3?5pFibContext?$DNNULL?5?$CB?$CBline?5@FNODOBFM@ 000000014001eee0     rxdevice.obj
 0001:0001df20       ??_C@_0DA@IEDLNFHE@?$CK?55?124?3?5?9VectorIndex?9?5?$CB?$CBline?5?$CFd?5@FNODOBFM@ 000000014001ef20     rxdevice.obj
 0001:0001df50       ??_C@_0CN@FKDOCGDJ@?$CK?55?124?3?5OutStanding?5IO?5?$CB?$CBline?5?$CFd@FNODOBFM@ 000000014001ef50     rxdevice.obj
 0001:0001df80       ??_C@_0CD@PAEIGALF@?$CK?57?124?3?5?$CB?$CBline?5?$CFd?5?$CIhandle?5?9?51?$CJ?5?$CF@FNODOBFM@ 000000014001ef80     rxdevice.obj
 0001:0001dfb0       ??_C@_0ED@DAJFCMJP@?$CK?5Start?5a?5timer?5to?5update?5Contai@FNODOBFM@ 000000014001efb0     rxdevice.obj
 0001:0001e000       ??_C@_0DK@JKKKPJCO@Dumping?5Normal?5Fib?5handles?0?5?5pDe@FNODOBFM@ 000000014001f000     rxdevice.obj
 0001:0001e040       ??_C@_0DG@FEIEMBNE@?$CFd?3?5?$CFd?5?$CFd?5?$CFd?5?$CFd?5?$CFd?5?$CFd?5?$CFd?5?$CFd?5?$CFd?5?$CF@FNODOBFM@ 000000014001f040     rxdevice.obj
 0001:0001e080       ??_C@_0GP@CPJOGFCD@Dumping?5Free?5handle?5list?0?5?5pDevi@FNODOBFM@ 000000014001f080     rxdevice.obj
 0001:0001e0f0       ??_C@_0DN@IDNOKJK@ZP?5Dumping?5Normal?5Fib?5handles?0?5?5@FNODOBFM@ 000000014001f0f0     rxdevice.obj
 0001:0001e130       ??_C@_0DJ@BENIEDOK@ZP?5?$CFd?3?5?$CFd?5?$CFd?5?$CFd?5?$CFd?5?$CFd?5?$CFd?5?$CFd?5?$CFd?5?$CF@FNODOBFM@ 000000014001f130     rxdevice.obj
 0001:0001e170       ??_C@_0HC@OLAIGIPB@ZP?5Dumping?5Free?5handle?5list?0?5?5pD@FNODOBFM@ 000000014001f170     rxdevice.obj
 0001:0001e1f0       ??_C@_0CG@KADALDIK@?$CK?5?$CFd?5call?5of?5CheckForDupHandles?5@FNODOBFM@ 000000014001f1f0     rxdevice.obj
 0001:0001e220       ??_C@_0EK@CPNBBJGG@?$CK?5duplicated?5handle?5found?5?$CFd?4?5?$CFd@FNODOBFM@ 000000014001f220     rxdevice.obj
 0001:0001e270       ??_C@_0BP@BKKLPPMO@pFibContext?$DNNULL?5?$CB?$CB?5Handle?5?$CFd?6?$AA@FNODOBFM@ 000000014001f270     rxdevice.obj
 0001:0001e290       ??_C@_0EI@DKKBIMEF@?$CK?5Start?5a?5timer?5to?5update?5contai@FNODOBFM@ 000000014001f290     rxdevice.obj
 0001:0001e2e0       ??_C@_0FE@JLKFMCPA@?$CK?5PMCPushMessageUnitQueueFib?3?5Cm@FNODOBFM@ 000000014001f2e0     rxdevice.obj
 0001:0001e340       ??_C@_0FE@JICOMBJP@?$CK?5PMCPushMessageUnitQueueFib?3?5Cm@FNODOBFM@ 000000014001f340     rxdevice.obj
 0001:0001e3a0       ??_C@_0HN@JEPKAECC@?$CK?5RxSendSynchCommand?3?5Thor?5AIF?5e@FNODOBFM@ 000000014001f3a0     rxdevice.obj
 0001:0001e420       ??_C@_0EC@LAPIEKPJ@?$CK?5RxSendSynchCommand?3?5mailbox?$FL0?$FN@FNODOBFM@ 000000014001f420     rxdevice.obj
 0001:0001e470       ??_C@_0DJ@GJNDHOED@?$CK?5RxSendSynchCommand?3?5mailbox?$FL0?$FN@FNODOBFM@ 000000014001f470     rxdevice.obj
 0001:0001e4b0       ??_C@_0HK@NJDHDGMI@?$CK?5RxSendSynchCommand?3?5There?5is?5a@FNODOBFM@ 000000014001f4b0     rxdevice.obj
 0001:0001e530       ??_C@_0HB@PLCHFMAA@?$CK?5RxSendSynchCommand?3?5synch?5cmd?3@FNODOBFM@ 000000014001f530     rxdevice.obj
 0001:0001e5b0       ??_C@_0FD@ECFFGBJE@?5RxSendSynchCommand?3?5FW?5doing?5IO@FNODOBFM@ 000000014001f5b0     rxdevice.obj
 0001:0001e610       ??_C@_0FE@DOFCONDK@?$CK?5RxSendSynchCommand?3?5wait?5for?5F@FNODOBFM@ 000000014001f610     rxdevice.obj
 0001:0001e670       ??_C@_0GF@LFEFAJKJ@?5RxSendSynchCommand?5?$CIcrash?5dump?5@FNODOBFM@ 000000014001f670     rxdevice.obj
 0001:0001e6e0       ??_C@_0GF@CDCMENMG@?$CK?5RxSendSynchCommand?5?$CIcrash?5dump@FNODOBFM@ 000000014001f6e0     rxdevice.obj
 0001:0001e750       ??_C@_0EL@HOIBIGPI@?$CK?5RxSendSynchCommand?3?5Got?5respon@FNODOBFM@ 000000014001f750     rxdevice.obj
 0001:0001e7a0       ??_C@_0EJ@DGPABBLG@?$CK?5RxSendSynchCommand?3?5Should?5NOT@FNODOBFM@ 000000014001f7a0     rxdevice.obj
 0001:0001e7f0       ??_C@_0FA@HKIBFKMH@?$CK?5RxSendSynchCommand?3?5Still?5NO?5r@FNODOBFM@ 000000014001f7f0     rxdevice.obj
 0001:0001e840       ??_C@_0KI@HMCHOJIN@?5RxSendSynchCommand?$FLMSIX?5mode?$FN?5f@FNODOBFM@ 000000014001f840     rxdevice.obj
 0001:0001e8f0       ??_C@_0JP@JKCHEOCJ@?5RxSendSynchCommand?$FLMSIX?5mode?$FN?3?5@FNODOBFM@ 000000014001f8f0     rxdevice.obj
 0001:0001e990       ??_C@_0CN@BCCBJMEA@?5RxSendSynchCommand?5Failed?5?$CFd?0wa@FNODOBFM@ 000000014001f990     rxdevice.obj
 0001:0001e9c0       ??_C@_0DB@JEAHJGPL@?$CK?5pDeviceExtension?9?$DOMaxMSIXVecto@FNODOBFM@ 000000014001f9c0     rxdevice.obj
 0001:0001ea00       ??_C@_0CB@JPABDNKH@?$CK?5Begins?5StatusBatching?0?5Yeaaa?$CB?6@FNODOBFM@ 000000014001fa00     rxdevice.obj
 0001:0001ea30       ??_C@_0CF@BPKEMKA@?$CK?5ACI2?5Command?5Delivery?5is?5enabl@FNODOBFM@ 000000014001fa30     rxdevice.obj
 0001:0001ea60       ??_C@_1DK@JBHFOPMP@?$AAA?$AAd?$AAa?$AAp?$AAt?$AAe?$AAr?$AA?5?$AAC?$AAo?$AAn?$AAf?$AAi?$AAg?$AAu?$AAr?$AAa?$AAt?$AAi?$AAo?$AAn?$AA?5?$AAf?$AAa?$AAi?$AAl?$AAe?$AAd?$AA?$AA@FNODOBFM@ 000000014001fa60     rxdevice.obj
 0001:0001eaa0       ??_C@_02DKCKIIND@?$CFs?$AA@FNODOBFM@ 000000014001faa0     arcdebug.obj
 0001:0001eab0       ??_C@_06CMBKHLEL@Arcsas?$AA@FNODOBFM@ 000000014001fab0     arcdebug.obj
 0001:0001eac0       ??_C@_0BC@JKBDDNDF@DelayNotification?$AA@FNODOBFM@ 000000014001fac0     timer.obj
 0001:0001eae0       ??_C@_0CK@BKKGBKDP@?$CK?5Scan?5Notification?5sent?5in?5?$CFs?5?$CI@FNODOBFM@ 000000014001fae0     timer.obj
 0001:0001eb10       ??_C@_0GB@FAGGLJPH@?$CK?5First?58?5HBA?5devices?3?5?$CI0x?$CFx?0?$CFd?$CJ@FNODOBFM@ 000000014001fb10     timer.obj
 0001:0001eb80       ??_C@_0FN@EKAEFPGA@?$CK?5HBA?5mapping?5table?5updated?0?5tim@FNODOBFM@ 000000014001fb80     timer.obj
 0001:0001ebe0       ??_C@_0GF@PMGNJLIM@?$CK?5Start?5a?5timer?5to?5update?5Contai@FNODOBFM@ 000000014001fbe0     timer.obj
 0001:0001ec50       ??_C@_0CK@JLKEFPAM@entering?5CheckingFWAfterPowerSta@FNODOBFM@ 000000014001fc50     timer.obj
 0001:0001ec80       ??_C@_0GN@GHJFFNOA@?$CK?5set?5timer?5AGAIN?5in?5CheckingFWA@FNODOBFM@ 000000014001fc80     timer.obj
 0001:0001ecf0       ??_C@_0FK@MIIMDOAD@?$CK?5set?5timer?5AGAIN?5in?5CheckingFWA@FNODOBFM@ 000000014001fcf0     timer.obj
 0001:0001ed50       ??_C@_0GB@EDFGCDFC@?$CK?5set?5timer?5AGAIN?5in?5CheckingFWA@FNODOBFM@ 000000014001fd50     timer.obj
 0001:0001edc0       ??_C@_0N@GNMOCHOO@7?45?40?458012?$AA?$AA@FNODOBFM@ 000000014001fdc0     timer.obj
 0001:0001edd0       ??_C@_0DO@GCDGNMH@?$CK?5FW?5is?5back?5from?5S3?1S4?4?5StorPor@FNODOBFM@ 000000014001fdd0     timer.obj
 0001:0001ee10       ??_C@_0DM@JABFAEPO@?$CK?5?9?5Reset?5AIFSrb?5to?5NULL?5when?5ba@FNODOBFM@ 000000014001fe10     timer.obj
 0001:0001ee50       ??_C@_0DN@ELHOMNDM@?$CK?5leaving?5CheckingFWAfterPowerSt@FNODOBFM@ 000000014001fe50     timer.obj
 0001:0001ee90       ??_C@_0DO@OBELKDEH@?$CK?5set?5timer?5AGAIN?5to?5check?5the?5F@FNODOBFM@ 000000014001fe90     timer.obj
 0001:0001eed0       ??_C@_0CI@JPJEKICG@DPC?9Timeout?5may?5happen?5in?5ResetA@FNODOBFM@ 000000014001fed0     timer.obj
 0001:0001ef00       ??_C@_0DH@JNGKJDAE@One?5kidnapped?5FIB?5released?$CB?5FIB_@FNODOBFM@ 000000014001ff00     timer.obj
 0001:0001ef40       ??_C@_0EJ@PCDGPKJP@?$CK?5Driver?5was?5not?5able?5to?5send?5?$CFd@FNODOBFM@ 000000014001ff40     timer.obj
 0001:0001ef90       ??_C@_0DM@PNDEAHOI@?$CK?5Send?5BusChangeDetected?5to?5OS?5i@FNODOBFM@ 000000014001ff90     timer.obj
 0001:0001efd0       ??_C@_0EH@FCLGCKBJ@?$CK?5Start?5a?5timer?5to?5update?5HBA?5de@FNODOBFM@ 000000014001ffd0     timer.obj
 0001:0001f020       ??_C@_0GE@IFJDDHGE@?$CK?5Start?5a?5timer?5to?5update?5Contai@FNODOBFM@ 0000000140020020     timer.obj
 0001:0001f090       ??_C@_0DC@ODEFHEA@?$CK?5ConfigureContainersTimer?3?5Cont@FNODOBFM@ 0000000140020090     timer.obj
 0001:0001f0d0       ??_C@_0DL@DODBJONE@?$CK?5SynchCommandCompletionTimer?3?5S@FNODOBFM@ 00000001400200d0     timer.obj
 0001:0001f110       ??_C@_0EO@CBNEAKKI@?$CK?5VMCloseAllCompletionTimer?3?5sen@FNODOBFM@ 0000000140020110     timer.obj
 0001:0001f160       ??_C@_0FI@MJCPBEAD@?$CK?5VMCloseAllCompletionTimer?3?5wai@FNODOBFM@ 0000000140020160     timer.obj
 0001:0001f1c0       ??_C@_0DO@ELMMCKMD@?$CK?5VMCloseAllCompletionTimer?3?5SRB@FNODOBFM@ 00000001400201c0     timer.obj
 0001:0001f200       ??_C@_0EH@BGEEAOIJ@?$CK?5VMCloseAllCompletionTimer?3?5Sho@FNODOBFM@ 0000000140020200     timer.obj
 0001:0001f250       ??_C@_0EF@HLMPMNBN@?$CK?5VMCloseAllCompletionTimer?3?5Syn@FNODOBFM@ 0000000140020250     timer.obj
 0001:0001f2a0       ??_C@_0DH@IBACIAED@?$CK?5SynchFibCompletionTimer?3?5SyncF@FNODOBFM@ 00000001400202a0     timer.obj
 0001:0001f2e0       ??_C@_0DP@OKLOLMOG@?5IBW_SWR?5register?5value?50?0?5reset@FNODOBFM@ 00000001400202e0     timer.obj
 0001:0001f320       ??_C@_0CK@IHFMNBPG@?$CK?5IOP?5Reset?5TSR?3?5State?5Machine?5s@FNODOBFM@ 0000000140020320     timer.obj
 0001:0001f350       ??_C@_0DH@KAAGAFOD@?$CK?5leaving?5Reset_IOP_CompletionTi@FNODOBFM@ 0000000140020350     timer.obj
 0001:0001f390       ??_C@_0CD@MKPFBJDC@leaving?5Reset_IOP_CompletionTime@FNODOBFM@ 0000000140020390     timer.obj
 0001:0001f3c0       ??_C@_0DL@DOEFCINE@?$CK?5HW?5SOFT?5RESET?5done?4?5StorPort?5m@FNODOBFM@ 00000001400203c0     timer.obj
 0001:0001f400       ??_C@_0EA@DAIPACKH@?$CK?5RESET?5IOP?5done?5?$CFd?5times?4?5StorP@FNODOBFM@ 0000000140020400     timer.obj
 0001:0001f440       ??_C@_0CJ@HBOEHNNB@Kernel?5Panic?5BlinkLed?5Code?5?$CFx?0?5l@FNODOBFM@ 0000000140020440     timer.obj
 0001:0001f470       ??_C@_0CK@CJGFOJPA@IOP_HWSOFT_RESET?3?5FW?5status?5?$CFx?0?5@FNODOBFM@ 0000000140020470     timer.obj
 0001:0001f4a0       ??_C@_0BP@HJBLFCEF@?$CK?5PCIE?5reset?5issued?0?5line?5?$CD?$CFd?6?$AA@FNODOBFM@ 00000001400204a0     timer.obj
 0001:0001f4c0       ??_C@_0DE@KOMJIKJE@?$CK?5set?5timer?5AGAIN?5to?5check?5the?5F@FNODOBFM@ 00000001400204c0     timer.obj
 0001:0001f500       ??_C@_0EF@BBNOBECH@?$CK?5set?5timer?5AGAIN?5to?5check?5the?5F@FNODOBFM@ 0000000140020500     timer.obj
 0001:0001f550       ??_C@_0EC@MICIKMJM@?$CK?5set?5timer?5AGAIN?5to?5check?5the?5F@FNODOBFM@ 0000000140020550     timer.obj
 0001:0001f5a0       ??_C@_0DI@CMFOGNCK@?$CK?5RequestAif?3?5do?5not?5handle?5AIF?5@FNODOBFM@ 00000001400205a0     timer.obj
 0001:0001f5e0       ??_C@_0BJ@HIBCALL@ProcessAgeOfSortingQueue?$AA@FNODOBFM@ 00000001400205e0     timer.obj
 0001:0001f600       ??_C@_0DA@GEMOEFPE@Dequeue?5Sorting?5Queue?5failed?5in?5@FNODOBFM@ 0000000140020600     timer.obj
 0001:0001f630       ??_C@_0ID@HFHPGANL@Dequeue?5Sorting?5Queue?5failed?5whe@FNODOBFM@ 0000000140020630     timer.obj
 0001:0001f6c0       ??_C@_0CL@MJMGCLDD@entering?5AllocateConsumerProduce@FNODOBFM@ 00000001400206c0     arcinit.obj
 0001:0001f6f0       ??_C@_0DK@IJIOFPFH@leaving?5AllocateConsumerProducer@FNODOBFM@ 00000001400206f0     arcinit.obj
 0001:0001f730       ??_C@_0CI@FFOEPFMJ@?$CK?5ConsumerProducerCommArea?0?5VAdd@FNODOBFM@ 0000000140020730     arcinit.obj
 0001:0001f760       ??_C@_0CN@MBHLABKL@?$CK?5Adapter?5got?5an?5invalid?5host?5me@FNODOBFM@ 0000000140020760     arcinit.obj
 0001:0001f790       ??_C@_0DJ@JGKEIEFI@leaving?5AllocateConsumerProducer@FNODOBFM@ 0000000140020790     arcinit.obj
 0001:0001f7d0       ??_C@_0CL@KCDMGIOM@entering?5AllocateMessageUnitQueu@FNODOBFM@ 00000001400207d0     arcinit.obj
 0001:0001f800       ??_C@_0FP@JFBPKCDF@?$CK?5AllocateMessageUnitQueueCommAr@FNODOBFM@ 0000000140020800     arcinit.obj
 0001:0001f860       ??_C@_0DM@JMMHKBOC@?$CK?5AllocateMessageUnitQueueCommAr@FNODOBFM@ 0000000140020860     arcinit.obj
 0001:0001f8a0       ??_C@_0DK@BKFHOPDI@leaving?5AllocateMessageUnitQueue@FNODOBFM@ 00000001400208a0     arcinit.obj
 0001:0001f8e0       ??_C@_0DA@ICFHAOHF@?$CK?5AllocateMessageUnitQueueCommAr@FNODOBFM@ 00000001400208e0     arcinit.obj
 0001:0001f910       ??_C@_0FB@FDJPGKAF@?$CK?5StorPortAllocateContiguousMemo@FNODOBFM@ 0000000140020910     arcinit.obj
 0001:0001f970       ??_C@_0FB@MMEFOJJL@?$CK?5StorPortAllocateContiguousMemo@FNODOBFM@ 0000000140020970     arcinit.obj
 0001:0001f9d0       ??_C@_0BJ@OICKMJHC@?$CK?5pBuf1?$DN0x?$CFp?0pBuf2?$DN0x?$CFp?6?$AA@FNODOBFM@ 00000001400209d0     arcinit.obj
 0001:0001f9f0       ??_C@_0BO@DPONBFMO@?$CK?5MemoryPhysicalAddress?$DN0x?$CFp?6?$AA@FNODOBFM@ 00000001400209f0     arcinit.obj
 0001:0001fa10       ??_C@_0EL@ELLGMDMB@?$CK?5Allocate?5big?5IOCTL?5buffer?5succ@FNODOBFM@ 0000000140020a10     arcinit.obj
 0001:0001fa60       ??_C@_0DJ@EGOLHGNF@leaving?5AllocateMessageUnitQueue@FNODOBFM@ 0000000140020a60     arcinit.obj
 0001:0001faa0       ??_C@_0CF@DNFJFJLG@entering?5ConfigureContainersRunt@FNODOBFM@ 0000000140020aa0     arcinit.obj
 0001:0001fad0       ??_C@_0EJ@GFICDCBB@?$CK?5ConfigureContainersRuntime?3?5Re@FNODOBFM@ 0000000140020ad0     arcinit.obj
 0001:0001fb20       ??_C@_0EF@KJEEMCEN@?$CK?5ConfigureContainersRuntime?3?5Ge@FNODOBFM@ 0000000140020b20     arcinit.obj
 0001:0001fb70       ??_C@_0EF@JADMGPAN@?$CK?5ConfigureContainersRuntime?3?5Ge@FNODOBFM@ 0000000140020b70     arcinit.obj
 0001:0001fbc0       ??_C@_0EM@NKPEDKJ@?$CK?5ConfigureContainersRuntime?3?5no@FNODOBFM@ 0000000140020bc0     arcinit.obj
 0001:0001fc10       ??_C@_0EF@ECHMIPBP@?$CK?5Found?5a?5new?5container?5?9?5tid?3?5?$CF@FNODOBFM@ 0000000140020c10     arcinit.obj
 0001:0001fc60       ??_C@_0DK@FCJKMAGD@ConfigureContainersRuntime?3?5UID?5@FNODOBFM@ 0000000140020c60     arcinit.obj
 0001:0001fca0       ??_C@_0DK@PHPDGAOG@?$CK?5ConfigureContainersRuntime?3?5di@FNODOBFM@ 0000000140020ca0     arcinit.obj
 0001:0001fce0       ??_C@_0GG@BFFFADFC@?$CK?5ConfigureContainersRuntime?3?5Fa@FNODOBFM@ 0000000140020ce0     arcinit.obj
 0001:0001fd50       ??_C@_0EA@JBBLNOGE@?$CK?5ConfigureContainersRuntime?3?5RA@FNODOBFM@ 0000000140020d50     arcinit.obj
 0001:0001fd90       ??_C@_0FJ@MOJFHLFO@?$CK?5ConfigureContainersRuntime?3?5Di@FNODOBFM@ 0000000140020d90     arcinit.obj
 0001:0001fdf0       ??_C@_0CO@FOBCLEMJ@?$CK?5ConfigureContainersRuntime?3?5di@FNODOBFM@ 0000000140020df0     arcinit.obj
 0001:0001fe20       ??_C@_0DO@KMBICFHC@?$CK?5ConfigureContainersRuntime?3?5Sy@FNODOBFM@ 0000000140020e20     arcinit.obj
 0001:0001fe60       ??_C@_0DB@JMFIFBDA@leaving?5ConfigureContainersRunti@FNODOBFM@ 0000000140020e60     arcinit.obj
 0001:0001fea0       ??_C@_0CC@KOGKIGDL@entering?5CheckForVersionMisMatch@FNODOBFM@ 0000000140020ea0     arcinit.obj
 0001:0001fed0       ??_C@_0CB@BOFDNAKM@This?5is?5a?5code?5stream?5identifier@FNODOBFM@ 0000000140020ed0     arcinit.obj
 0001:0001ff00       ??_C@_1CE@PCDJGPON@?$AAB?$AAa?$AAd?$AA?5?$AAV?$AAe?$AAr?$AAs?$AAi?$AAo?$AAn?$AA?5?$AAM?$AAa?$AAt?$AAc?$AAh?$AA?$AA@FNODOBFM@ 0000000140020f00     arcinit.obj
 0001:0001ff30       ??_C@_0DF@MNNMPGOO@?$CK?5Version?5Mismatch?3?5Bios?3?$CFd?0?5Fir@FNODOBFM@ 0000000140020f30     arcinit.obj
 0001:0001ff70       ??_C@_0EC@DEDLMEPI@leving?5CheckForVersionMisMatch?5w@FNODOBFM@ 0000000140020f70     arcinit.obj
 0001:0001ffc0       ??_C@_0BN@GKEKJNDP@?$CFs?5Driver?5entry?5rtnval?5?$DN?5?$CFx?6?$AA@FNODOBFM@ 0000000140020fc0     arcinit.obj
 0001:0001ffe0       ??_C@_0DD@FIIKPLIC@?$CFs?3?5Driver?5FindAdapter?5?9?5invalid@FNODOBFM@ 0000000140020fe0     arcinit.obj
 0001:00020020       ??_C@_0M@NCHBOPE@kernalprint?$AA@FNODOBFM@ 0000000140021020     arcinit.obj
 0001:00020030       ??_C@_0BE@IDLOJBGB@?$CK?5KERNAL?5PRINT?5?$DN?51?6?$AA@FNODOBFM@ 0000000140021030     arcinit.obj
 0001:00020050       ??_C@_0BG@INJAEJHE@entering?5FindAdapter?6?$AA@FNODOBFM@ 0000000140021050     arcinit.obj
 0001:00020070       ??_C@_0FD@NLKPIIHJ@?$CK?5This?5is?5WS03?5R2?0?5Vista?5or?5Long@FNODOBFM@ 0000000140021070     arcinit.obj
 0001:000200d0       ??_C@_0FF@EIPBDAPC@?$CK?$CK?$CK?$CK?$CK?5Size?5of?5PORT_CONFIGURATION@FNODOBFM@ 00000001400210d0     arcinit.obj
 0001:00020130       ??_C@_0EF@MDPAOPOH@?$CK?5HwScsiFindAdapter?3?5DeviceExten@FNODOBFM@ 0000000140021130     arcinit.obj
 0001:00020180       ??_C@_0CD@BBBDOKPE@?$CK?5Returned?5PCI?5bus?5data?5length?$DN?$CF@FNODOBFM@ 0000000140021180     arcinit.obj
 0001:000201b0       ??_C@_0BB@ELNGMCEN@BreakPointHelper?$AA@FNODOBFM@ 00000001400211b0     arcinit.obj
 0001:000201d0       ??_C@_0BN@NMODDHNP@?$CK?53?5seconds?5waiting?5is?5done?6?$AA@FNODOBFM@ 00000001400211d0     arcinit.obj
 0001:000201f0       ??_C@_0DD@OAOECDIB@leaving?5FindAdapter?5?9?5StorPortGe@FNODOBFM@ 00000001400211f0     arcinit.obj
 0001:00020230       ??_C@_0DF@ODNFGMFG@?$CK?5leaving?5FindAdapter?5?9?5StorPort@FNODOBFM@ 0000000140021230     arcinit.obj
 0001:00020270       ??_C@_0BN@FJDEMAMC@?$CK?50x40?5PCI?5Bus?5Data?5read?5in?6?$AA@FNODOBFM@ 0000000140021270     arcinit.obj
 0001:00020290       ??_C@_0BN@INBKDNHG@?$CK?50xFF?5PCI?5Bus?5Data?5read?5in?6?$AA@FNODOBFM@ 0000000140021290     arcinit.obj
 0001:000202b0       ??_C@_0DB@DAIGEFPJ@?$CK?5No?5Support?5on?5Capabilties?5list@FNODOBFM@ 00000001400212b0     arcinit.obj
 0001:000202f0       ??_C@_0BM@KCLFMKNE@?$CK?5Capability_offset?5?$DN?50x?$CFx?5?$AA@FNODOBFM@ 00000001400212f0     arcinit.obj
 0001:00020310       ??_C@_0BJ@KNABCMMM@?5?9?9?$DOcapabilty_id?5?$DN?50x?$CFx?6?$AA@FNODOBFM@ 0000000140021310     arcinit.obj
 0001:00020330       ??_C@_0BK@JIIOJNIO@?$CK?5Message_control?5?$DN?50x?$CFx?6?$AA@FNODOBFM@ 0000000140021330     arcinit.obj
 0001:00020350       ??_C@_0BF@HNFCBKLM@?$CK?5HW?5supports?5MSI?9X?6?$AA@FNODOBFM@ 0000000140021350     arcinit.obj
 0001:00020370       ??_C@_0L@BLEMHNKF@archbamode?$AA@FNODOBFM@ 0000000140021370     arcinit.obj
 0001:00020380       ??_C@_0BM@OFPMAGCK@?$CK?5ARC?5HBA?5MODE?5setting?3?5?$CFd?6?$AA@FNODOBFM@ 0000000140021380     arcinit.obj
 0001:000203a0       ??_C@_07IICIIOGL@fibdump?$AA@FNODOBFM@ 00000001400213a0     arcinit.obj
 0001:000203b0       ??_C@_0BI@NEHBJBBP@?$CK?5FIB?5DUMP?5setting?3?5?$CFd?6?$AA@FNODOBFM@ 00000001400213b0     arcinit.obj
 0001:000203d0       ??_C@_09LEIBFFMJ@forceintx?$AA@FNODOBFM@ 00000001400213d0     arcinit.obj
 0001:000203e0       ??_C@_0N@FCLAIEBP@forcepolling?$AA@FNODOBFM@ 00000001400213e0     arcinit.obj
 0001:000203f0       ??_C@_0DI@MNEPEDIK@?$CK?5StorPortGetActiveGroupCount?5ha@FNODOBFM@ 00000001400213f0     arcinit.obj
 0001:00020430       ??_C@_0ED@JJDFFHPI@?$CK?5StorPortGetActiveGroupCount?5re@FNODOBFM@ 0000000140021430     arcinit.obj
 0001:00020480       ??_C@_0DJ@FDFDEBND@?$CK?5StorPortGetHighestNodeNumber?5h@FNODOBFM@ 0000000140021480     arcinit.obj
 0001:000204c0       ??_C@_0EL@PIGODLHL@?$CK?5StorPortGetHighestNodeNumber?5r@FNODOBFM@ 00000001400214c0     arcinit.obj
 0001:00020510       ??_C@_0EM@HBPALBEJ@?$CK?5StorPortGetHighestNodeNumber?5r@FNODOBFM@ 0000000140021510     arcinit.obj
 0001:00020560       ??_C@_0DF@EDOFIEGL@?$CK?5StorPortGetGroupAffinity?5has?5n@FNODOBFM@ 0000000140021560     arcinit.obj
 0001:000205a0       ??_C@_0HE@CADMEBCK@?$CK?5StorPortGetGroupAffinity?5retur@FNODOBFM@ 00000001400215a0     arcinit.obj
 0001:00020620       ??_C@_0EI@OFPHCHHN@?$CK?5StorPortGetGroupAffinity?5retur@FNODOBFM@ 0000000140021620     arcinit.obj
 0001:00020670       ??_C@_0EO@MADFJJKE@?$CK?5StorPortGetGroupAffinity?5retur@FNODOBFM@ 0000000140021670     arcinit.obj
 0001:000206c0       ??_C@_0P@JECJMKHH@runspecialcode?$AA@FNODOBFM@ 00000001400216c0     arcinit.obj
 0001:000206d0       ??_C@_0BI@LHEEIHDL@?$CK?5RUN?5SPECIAL?5CODE?5?$DN?51?6?$AA@FNODOBFM@ 00000001400216d0     arcinit.obj
 0001:000206f0       ??_C@_0BI@LGIGONAM@?$CK?5RUN?5SPECIAL?5CODE?5?$DN?50?6?$AA@FNODOBFM@ 00000001400216f0     arcinit.obj
 0001:00020710       ??_C@_0N@DDALOBCN@enablekidnap?$AA@FNODOBFM@ 0000000140021710     arcinit.obj
 0001:00020720       ??_C@_0BE@NKPEGEFN@?$CK?5Catchfib?5enabled?6?$AA@FNODOBFM@ 0000000140021720     arcinit.obj
 0001:00020740       ??_C@_0BI@PLLAPJLO@?$CK?5Catchfib?5not?5enabled?6?$AA@FNODOBFM@ 0000000140021740     arcinit.obj
 0001:00020760       ??_C@_0M@KNIKEID@kidnapvalve?$AA@FNODOBFM@ 0000000140021760     arcinit.obj
 0001:00020770       ??_C@_0BF@CEDJMGLL@?$CK?5KIDNAP?5VALVE?5?$DN?5?$CFd?6?$AA@FNODOBFM@ 0000000140021770     arcinit.obj
 0001:00020790       ??_C@_0O@OCGMBHKL@checkinterval?$AA@FNODOBFM@ 0000000140021790     arcinit.obj
 0001:000207a0       ??_C@_0CM@FEFEBKKC@?$CK?5IOP?5RESET?5COMPLETION?5Check?5Int@FNODOBFM@ 00000001400217a0     arcinit.obj
 0001:000207d0       ??_C@_0N@MOEJGNKK@stallseconds?$AA@FNODOBFM@ 00000001400217d0     arcinit.obj
 0001:000207e0       ??_C@_0BG@DLFLFJEO@?$CK?5STALL?5SECONDS?5?$DN?5?$CFd?6?$AA@FNODOBFM@ 00000001400217e0     arcinit.obj
 0001:00020800       ??_C@_0O@BPMKJHCJ@hbaqueuedepth?$AA@FNODOBFM@ 0000000140021800     arcinit.obj
 0001:00020810       ??_C@_0BI@IIHNBKPK@?$CK?5HBA?5QUEUE?5DEPTH?5?$DN?5?$CFd?6?$AA@FNODOBFM@ 0000000140021810     arcinit.obj
 0001:00020830       ??_C@_04GGLOKIEE@dump?$AA@FNODOBFM@ 0000000140021830     arcinit.obj
 0001:00020840       ??_C@_05FDLGEGEK@ntldr?$AA@FNODOBFM@ 0000000140021840     arcinit.obj
 0001:00020850       ??_C@_05PMICOLGA@hiber?$AA@FNODOBFM@ 0000000140021850     arcinit.obj
 0001:00020860       ??_C@_0CD@JEMNEMMP@?$CK?$CK?$CK?$CK?5dump?5?$HM?5ntldr?5?$HM?5hiber?5is?5TRU@FNODOBFM@ 0000000140021860     arcinit.obj
 0001:00020890       ??_C@_0BK@NELCFLHO@?$CK?5Switching?5to?5INTx?5mode?6?$AA@FNODOBFM@ 0000000140021890     arcinit.obj
 0001:000208b0       ??_C@_09IPELKJIO@BLEDCheck?$AA@FNODOBFM@ 00000001400218b0     arcinit.obj
 0001:000208c0       ??_C@_0L@NIPCGJOG@DPCAllowed?$AA@FNODOBFM@ 00000001400218c0     arcinit.obj
 0001:000208d0       ??_C@_09CHINNNMJ@CSMI?$DNNone?$AA@FNODOBFM@ 00000001400218d0     arcinit.obj
 0001:000208e0       ??_C@_0BA@BKKNJKOP@CSMI?$DNRestricted?$AA@FNODOBFM@ 00000001400218e0     arcinit.obj
 0001:000208f0       ??_C@_09PKBPEONE@CSMI?$DNFull?$AA@FNODOBFM@ 00000001400218f0     arcinit.obj
 0001:00020900       ??_C@_0CJ@JHBMKCEI@leaving?5FindAdapter?5?9?5PCI?5Id?5not@FNODOBFM@ 0000000140021900     arcinit.obj
 0001:00020930       ??_C@_0CL@HDBMPJMP@?$CK?5leaving?5FindAdapter?5?9?5PCI?5Id?5n@FNODOBFM@ 0000000140021930     arcinit.obj
 0001:00020960       ??_C@_0CH@LNPKNDMP@Rx?3?5BAR0?5Range?50x?$CFlx?5MappedSize?5@FNODOBFM@ 0000000140021960     arcinit.obj
 0001:00020990       ??_C@_0DF@OFCBAPFL@leaving?5FindAdapter?5?9?5fail?5mappi@FNODOBFM@ 0000000140021990     arcinit.obj
 0001:000209d0       ??_C@_0DH@MNDLADLD@?$CK?5leaving?5FindAdapter?5?9?5fail?5map@FNODOBFM@ 00000001400219d0     arcinit.obj
 0001:00020a10       ??_C@_0DC@NODBFDAD@leaving?5FindAdapter?5?9?5illegal?5FW@FNODOBFM@ 0000000140021a10     arcinit.obj
 0001:00020a50       ??_C@_0EH@FLDBENFC@?$CK?5leaving?5FindAdapter?5?9?5illegal?5@FNODOBFM@ 0000000140021a50     arcinit.obj
 0001:00020aa0       ??_C@_0EI@ILGHPFNM@?$CK?5FULL?564?5BIT?5addressing?5support@FNODOBFM@ 0000000140021aa0     arcinit.obj
 0001:00020af0       ??_C@_0CD@NJEIKDOH@?$CK?5New?5outstanding?5number?5chose?3?$CF@FNODOBFM@ 0000000140021af0     arcinit.obj
 0001:00020b20       ??_C@_0CD@CCLGIJ@?$CK?5Old?5outstanding?5number?5chose?3?$CF@FNODOBFM@ 0000000140021b20     arcinit.obj
 0001:00020b50       ??_C@_05JGHMLIKJ@devqd?$AA@FNODOBFM@ 0000000140021b50     arcinit.obj
 0001:00020b60       ??_C@_0O@EPNNFPIH@?$CK?5DEV?5QD?3?5?$CFd?6?$AA@FNODOBFM@ 0000000140021b60     arcinit.obj
 0001:00020b70       ??_C@_0N@OEGLNJCG@ioctlbufsize?$AA@FNODOBFM@ 0000000140021b70     arcinit.obj
 0001:00020b80       ??_C@_0CI@LFOBEGIG@?$CK?5This?5is?564?9bit?5Vista?5or?5Longho@FNODOBFM@ 0000000140021b80     arcinit.obj
 0001:00020bb0       ??_C@_0DB@NLEKMFMO@?$CK?5This?5is?532?9bit?5WS03?5R2?0?5Vista?5@FNODOBFM@ 0000000140021bb0     arcinit.obj
 0001:00020bf0       ??_C@_0CA@DJAEOOFI@?$CK?5This?5is?564?9bit?5WS03?5SP1?5?4?4?4?5?6?$AA@FNODOBFM@ 0000000140021bf0     arcinit.obj
 0001:00020c10       ??_C@_0CA@IELABMFO@?$CK?5This?5is?532?9bit?5WS03?5SP1?5?4?4?4?5?6?$AA@FNODOBFM@ 0000000140021c10     arcinit.obj
 0001:00020c30       ??_C@_0CA@MNGBKCLD@?$CK?5This?5is?532?9bit?5WS03?5RTM?5?4?4?4?5?6?$AA@FNODOBFM@ 0000000140021c30     arcinit.obj
 0001:00020c50       ??_C@_0BL@FPDNGGII@?$CK?5Adapter?5is?5in?5poll?5mode?6?$AA@FNODOBFM@ 0000000140021c50     arcinit.obj
 0001:00020c70       ??_C@_0CO@NGAJFGIM@?$CK?5pDeviceExtension?9?$DONewCommInter@FNODOBFM@ 0000000140021c70     arcinit.obj
 0001:00020ca0       ??_C@_0CE@MCFGELJ@?$CK?5pDeviceExtension?9?$DOVendorId?3?50x@FNODOBFM@ 0000000140021ca0     arcinit.obj
 0001:00020cd0       ??_C@_0CE@PNKCKBKJ@?$CK?5pDeviceExtension?9?$DODeviceId?3?50x@FNODOBFM@ 0000000140021cd0     arcinit.obj
 0001:00020d00       ??_C@_0CH@NNKEKBEL@?$CK?5pDeviceExtension?9?$DOSubVendorId?3@FNODOBFM@ 0000000140021d00     arcinit.obj
 0001:00020d30       ??_C@_0CH@BEBMHIHH@?$CK?5pDeviceExtension?9?$DOSubSystemId?3@FNODOBFM@ 0000000140021d30     arcinit.obj
 0001:00020d60       ??_C@_0CB@ELGCJIGA@?$CK?5Uncached?5Memory?5address?3?50x?$CFp?6@FNODOBFM@ 0000000140021d60     arcinit.obj
 0001:00020d90       ??_C@_0CH@CKCEEBMD@?$CK?5Uncached?5Memory?5allocated?3?50x?$CF@FNODOBFM@ 0000000140021d90     arcinit.obj
 0001:00020dc0       ??_C@_0DK@INJPNBCP@?$CK?5MailBox?51?3?$CFx?0?5MailBox?52?3?$CFx?0?5Ma@FNODOBFM@ 0000000140021dc0     arcinit.obj
 0001:00020e00       ??_C@_0DB@DBAPOAM@?$CK?5pDeviceExtension?9?$DOMaxOutstandi@FNODOBFM@ 0000000140021e00     arcinit.obj
 0001:00020e40       ??_C@_0DF@CKKIGFIG@?$CK?5pDeviceExtension?9?$DOMaxMSIXVecto@FNODOBFM@ 0000000140021e40     arcinit.obj
 0001:00020e80       ??_C@_0M@EHMNKBMA@forcev8tov7?$AA@FNODOBFM@ 0000000140021e80     arcinit.obj
 0001:00020e90       ??_C@_0CA@HGCPDEFI@?$CK?5SupportV8InitStruct?5Flag?3?5?$CFd?6?$AA@FNODOBFM@ 0000000140021e90     arcinit.obj
 0001:00020eb0       ??_C@_0BA@EOIIECBM@loopbacklatency?$AA@FNODOBFM@ 0000000140021eb0     arcinit.obj
 0001:00020ec0       ??_C@_0BC@BDCJEMN@?$CK?5FORCE?5INTX?3?5?$CFd?6?$AA@FNODOBFM@ 0000000140021ec0     arcinit.obj
 0001:00020ee0       ??_C@_0BF@FJIEGFMA@?$CK?5FORCE?5POLLING?3?5?$CFd?6?$AA@FNODOBFM@ 0000000140021ee0     arcinit.obj
 0001:00020f00       ??_C@_0CN@OMCAJNOM@?$CK?5?$DN?$DN?$DN?$DN?$DN?$DN?$DO?5Front?5Vector?5Number?5is@FNODOBFM@ 0000000140021f00     arcinit.obj
 0001:00020f30       ??_C@_0CI@BJJEDHMG@?$CK?5pDeviceExtension?9?$DOVectorCapaci@FNODOBFM@ 0000000140021f30     arcinit.obj
 0001:00020f60       ??_C@_0DE@JJAKLEJD@?$CK?5pDeviceExtension?9?$DOMSIXIoThrott@FNODOBFM@ 0000000140021f60     arcinit.obj
 0001:00020fa0       ??_C@_0DF@LMKAIIEG@?$CK?5pDeviceExtension?9?$DOMSIXIoThrott@FNODOBFM@ 0000000140021fa0     arcinit.obj
 0001:00020fe0       ??_C@_0BK@NKHDFADJ@?$CK?5CPU?5Group?5number?5is?5?$CFd?6?$AA@FNODOBFM@ 0000000140021fe0     arcinit.obj
 0001:00021000       ??_C@_0BJ@OBKJCBPL@?$CK?5CPU?5Node?5number?5is?5?$CFd?6?$AA@FNODOBFM@ 0000000140022000     arcinit.obj
 0001:00021020       ??_C@_0BI@KNCDOCH@?$CK?5Node?5per?5Group?5is?5?$CFd?6?$AA@FNODOBFM@ 0000000140022020     arcinit.obj
 0001:00021040       ??_C@_0BH@FMFCFLGH@?$CK?5Core?5per?5Node?5is?5?$CFd?6?$AA@FNODOBFM@ 0000000140022040     arcinit.obj
 0001:00021060       ??_C@_0CB@HDFPBACC@?$CK?5System?5processor?5number?5is?5?$CFd?6@FNODOBFM@ 0000000140022060     arcinit.obj
 0001:00021090       ??_C@_0CI@EOOKBOFL@?$CK?5?$DN?$DN?$DN?$DN?$DN?$DN?$DO?5End?5of?5Front?5summary?5?$DM@FNODOBFM@ 0000000140022090     arcinit.obj
 0001:000210c0       ??_C@_0DE@FBKNPKIG@?$CK?5?$DN?$DN?$DN?$DN?$DN?$DN?$DO?5inside?5finalizing?5vect@FNODOBFM@ 00000001400220c0     arcinit.obj
 0001:00021100       ??_C@_06DCBAGJIF@vecnum?$AA@FNODOBFM@ 0000000140022100     arcinit.obj
 0001:00021110       ??_C@_0EB@PLAOEAEF@?$CK?5Valid_MSIX_Vectors?5is?5reset?5to@FNODOBFM@ 0000000140022110     arcinit.obj
 0001:00021160       ??_C@_0CN@KPEBIFEO@?$CK?5?$DN?$DN?$DN?$DN?$DN?$DN?$DO?5Final?5Vector?5Number?5is@FNODOBFM@ 0000000140022160     arcinit.obj
 0001:00021190       ??_C@_0CC@CEGCGDDK@?$CK?5?$DN?$DN?$DN?$DN?$DN?$DN?$DO?5End?5of?5summary?5?$DM?$DN?$DN?$DN?$DN?$DN?$DN@FNODOBFM@ 0000000140022190     arcinit.obj
 0001:000211c0       ??_C@_0EC@KMMHNEKL@?$CK?5ConfigInfo?9?$DOHwMSInterruptRouti@FNODOBFM@ 00000001400221c0     arcinit.obj
 0001:00021210       ??_C@_0BH@CDLDBOJF@?$CK?5SrbExtensionSize?3?$CFx?6?$AA@FNODOBFM@ 0000000140022210     arcinit.obj
 0001:00021230       ??_C@_0EK@GNODIBNL@?$CK?5MiniARC?5Interface?5?9?5?5CommandSi@FNODOBFM@ 0000000140022230     arcinit.obj
 0001:00021280       ??_C@_0EL@HJMLPDNI@?$CK?5New?5Comm?5Interface?5?9?5?5CommandS@FNODOBFM@ 0000000140022280     arcinit.obj
 0001:000212d0       ??_C@_0CM@NKHNJDEG@leaving?5FindAdapter?5?9?5fail?5initi@FNODOBFM@ 00000001400222d0     arcinit.obj
 0001:00021300       ??_C@_0CO@GHEIBKDI@?$CK?5leaving?5FindAdapter?5?9?5fail?5ini@FNODOBFM@ 0000000140022300     arcinit.obj
 0001:00021330       ??_C@_1EA@GNKDGDHK@?$AAA?$AAd?$AAa?$AAp?$AAt?$AAe?$AAr?$AA?5?$AAg?$AAo?$AAt?$AA?5?$AAi?$AAn?$AAv?$AAa?$AAl?$AAi?$AAd?$AA?5?$AAh?$AAo?$AAs?$AAt?$AA?5?$AAw?$AAi?$AAn?$AAd?$AAo?$AAw?$AA?$AA@FNODOBFM@ 0000000140022330     arcinit.obj
 0001:00021370       ??_C@_1EI@NELDFHEH@?$AAA?$AAd?$AAa?$AAp?$AAt?$AAe?$AAr?$AA?5?$AAd?$AAo?$AAe?$AAs?$AA?5?$AAn?$AAo?$AAt?$AA?5?$AAs?$AAu?$AAp?$AAp?$AAo?$AAr?$AAt?$AA?5?$AA4?$AAG?$AAB?$AA?5?$AAw?$AAi?$AAn@FNODOBFM@ 0000000140022370     arcinit.obj
 0001:000213c0       ??_C@_0DC@BFHJHJOO@?$CK?5fail?5SynFibCT_SET_MINIARC_HOST@FNODOBFM@ 00000001400223c0     arcinit.obj
 0001:00021400       ??_C@_0DF@KABMIJBB@?$CK?5RequestSupplementAdapterInfo?0?5@FNODOBFM@ 0000000140022400     arcinit.obj
 0001:00021440       ??_C@_0CE@IADADNNA@?$CK?5Use?5MU?5Register?5for?5IOP_Reset?4@FNODOBFM@ 0000000140022440     arcinit.obj
 0001:00021470       ??_C@_0CJ@LHHNJCHI@?$CK?5Use?5inbound?5doorbell?5for?5IOP_R@FNODOBFM@ 0000000140022470     arcinit.obj
 0001:000214a0       ??_C@_0DI@LGINDMLA@?$CK?5ERROR?3?5FW?5does?5not?5provide?5whi@FNODOBFM@ 00000001400224a0     arcinit.obj
 0001:000214e0       ??_C@_0BP@DJKPJIGJ@?$CK?5Ignore_IOP_Reset?5is?5set?5?4?4?4?6?$AA@FNODOBFM@ 00000001400224e0     arcinit.obj
 0001:00021500       ??_C@_0CK@LEDHDPPJ@?$CK?5Disk?5Power?5Management?5is?5suppo@FNODOBFM@ 0000000140022500     arcinit.obj
 0001:00021530       ??_C@_0CJ@PJOACPGJ@?$CK?5This?5firmware?5supports?5fast?5JB@FNODOBFM@ 0000000140022530     arcinit.obj
 0001:00021560       ??_C@_0DB@HEHLEMPI@?$CK?5Controller?5Firmware?5supports?5S@FNODOBFM@ 0000000140022560     arcinit.obj
 0001:000215a0       ??_C@_0CI@CJPAOACI@?$CK?5Controller?5Firmware?5supports?52@FNODOBFM@ 00000001400225a0     arcinit.obj
 0001:000215d0       ??_C@_0BM@LNCHEOOO@?$CK?5Virtual?5B?1T?1L?5?$CI?$CFd?1?$CFd?1?$CFd?$CJ?6?$AA@FNODOBFM@ 00000001400225d0     arcinit.obj
 0001:000215f0       ??_C@_0DA@OBMGONKI@?$CK?5Driver?5got?5SUPPORTED_NATIVE_HB@FNODOBFM@ 00000001400225f0     arcinit.obj
 0001:00021620       ??_C@_0DI@GIKAIFLA@?$CK?5Driver?5did?5not?5get?5SUPPORTED_N@FNODOBFM@ 0000000140022620     arcinit.obj
 0001:00021660       ??_C@_0BH@LMHJIEKF@?$CK?5ExposeNonDASD?5is?5?$CFx?6?$AA@FNODOBFM@ 0000000140022660     arcinit.obj
 0001:00021680       ??_C@_0BB@JIKBMNNG@QueueDepthPerLun?$AA@FNODOBFM@ 0000000140022680     arcinit.obj
 0001:000216a0       ??_C@_0N@GDDJMKFE@PauseIOLimit?$AA@FNODOBFM@ 00000001400226a0     arcinit.obj
 0001:000216b0       ??_C@_0O@LIIBGGCF@ResumeIOLimit?$AA@FNODOBFM@ 00000001400226b0     arcinit.obj
 0001:000216c0       ??_C@_0O@OKMDGJBG@ConvertSGList?$AA@FNODOBFM@ 00000001400226c0     arcinit.obj
 0001:000216d0       ??_C@_0BE@IIJOOEPG@QueueStartThreshold?$AA@FNODOBFM@ 00000001400226d0     arcinit.obj
 0001:000216f0       ??_C@_0BD@CEDPKLI@QueueDumpThreshold?$AA@FNODOBFM@ 00000001400226f0     arcinit.obj
 0001:00021710       ??_C@_0BA@NLIGFJMK@MaxIoSizeQueued?$AA@FNODOBFM@ 0000000140022710     arcinit.obj
 0001:00021720       ??_C@_0N@MLHJOFDC@QueueAllowed?$AA@FNODOBFM@ 0000000140022720     arcinit.obj
 0001:00021730       ??_C@_0BC@IEBJFOIJ@FlushSizeInBlocks?$AA@FNODOBFM@ 0000000140022730     arcinit.obj
 0001:00021750       ??_C@_0EA@OJJGPBKL@leaving?5FindAdapter?5?9?5fail?5Handl@FNODOBFM@ 0000000140022750     arcinit.obj
 0001:00021790       ??_C@_0EC@HNCBOCML@?$CK?5leaving?5FindAdapter?5?9?5fail?5Han@FNODOBFM@ 0000000140022790     arcinit.obj
 0001:000217e0       ??_C@_09NBOIBGGK@EnableWMI?$AA@FNODOBFM@ 00000001400227e0     arcinit.obj
 0001:000217f0       ??_C@_0DH@OIMAJCMK@?$CK?5?9?5Driver?5version?5?$CFs?0?5adapter?5n@FNODOBFM@ 00000001400227f0     arcinit.obj
 0001:00021830       ??_C@_0DF@NGIHOECA@?$CK?5?9?5Size?5of?5HwDevExt?$DN0x?$CFx?4?5Size?5@FNODOBFM@ 0000000140022830     arcinit.obj
 0001:00021870       ??_C@_0IC@BPBMMOAO@?$CK?5?9?5Size?$CISrbExt?$CJ?$DN0x?$CFx?4?5sizeof?$CIFI@FNODOBFM@ 0000000140022870     arcinit.obj
 0001:00021900       ??_C@_0CA@ENCHFGMA@?$CK?5?9?5reported?5Size?$CISrbExt?$CJ?$DN0x?$CFx?6?$AA@FNODOBFM@ 0000000140022900     arcinit.obj
 0001:00021920       ??_C@_0BG@JAEBOKND@?$CK?5?9?5Done?5FindAdapter?6?$AA@FNODOBFM@ 0000000140022920     arcinit.obj
 0001:00021940       ??_C@_0FF@LMEIGAGF@?$CK?5?9?5ConfigInfo?9?$DOMaximumTransferL@FNODOBFM@ 0000000140022940     arcinit.obj
 0001:000219a0       ??_C@_0CG@GOHAMHPA@leaving?5FindAdapter?5?9?5adapter?5fo@FNODOBFM@ 00000001400229a0     arcinit.obj
 0001:000219d0       ??_C@_0BN@DGMFEGDN@entering?5GetElapsedSeconds?5?6?$AA@FNODOBFM@ 00000001400229d0     arcinit.obj
 0001:000219f0       ??_C@_0DD@GOLHMOHG@leaving?5GetElapsedSeconds?5?9?5seco@FNODOBFM@ 00000001400229f0     arcinit.obj
 0001:00021a30       ??_C@_0CJ@KCPJKGH@entering?5IsAdapterReadyForConfig@FNODOBFM@ 0000000140022a30     arcinit.obj
 0001:00021a60       ??_C@_0DB@PNDBFHEI@IsAdapterReadyForConfigCommand?3?5@FNODOBFM@ 0000000140022a60     arcinit.obj
 0001:00021aa0       ??_C@_0CH@PFKKGKLP@IsAdapterReadyForConfigCommand?3?5@FNODOBFM@ 0000000140022aa0     arcinit.obj
 0001:00021ad0       ??_C@_0DJ@FMKIDFML@?$CK?5leaving?5IsAdapterReadyForConfi@FNODOBFM@ 0000000140022ad0     arcinit.obj
 0001:00021b10       ??_C@_0CI@LLJGECEO@leaving?5IsAdapterReadyForConfigC@FNODOBFM@ 0000000140022b10     arcinit.obj
 0001:00021b40       ??_C@_0BD@LJONEFCN@entering?5IOPReset?6?$AA@FNODOBFM@ 0000000140022b40     arcinit.obj
 0001:00021b60       ??_C@_0EN@CPGMGMBD@?$CK?$CK?5Fail?5to?5iopreset?5the?5adapter?5@FNODOBFM@ 0000000140022b60     arcinit.obj
 0001:00021bb0       ??_C@_0GF@NGDIBMBA@?$CK?5Driver?5has?5been?5waiting?55?5seco@FNODOBFM@ 0000000140022bb0     arcinit.obj
 0001:00021c20       ??_C@_1CG@OOCCJMGE@?$AAI?$AAO?$AAP?$AA?5?$AAR?$AAE?$AAS?$AAE?$AAT?$AA?5?$AAd?$AAi?$AAs?$AAa?$AAb?$AAl?$AAe?$AAd?$AA?$AA@FNODOBFM@ 0000000140022c20     arcinit.obj
 0001:00021c50       ??_C@_1CC@HLNFBNCO@?$AAI?$AAO?$AAP?$AA?5?$AAR?$AAE?$AAS?$AAE?$AAT?$AA?5?$AAf?$AAa?$AAi?$AAl?$AAe?$AAd?$AA?$AA@FNODOBFM@ 0000000140022c50     arcinit.obj
 0001:00021c80       ??_C@_0DE@GCJLBNBN@?$CK?$CK?5Fail?5to?5iopreset?5the?5adapter?0@FNODOBFM@ 0000000140022c80     arcinit.obj
 0001:00021cc0       ??_C@_0BI@DKKBLGKC@?$CK?$CK?5IOPReset?5succeeded?4?6?$AA@FNODOBFM@ 0000000140022cc0     arcinit.obj
 0001:00021ce0       ??_C@_0DG@MCABGJKN@Driver?5should?5not?5work?5under?5MSI@FNODOBFM@ 0000000140022ce0     arcinit.obj
 0001:00021d20       ??_C@_0DE@DDNIODIO@?$CK?5Set?5pInitStruct?9?$DONoOfMsiVector@FNODOBFM@ 0000000140022d20     arcinit.obj
 0001:00021d60       ??_C@_0BC@JKJGEENA@leaving?5IOPReset?6?$AA@FNODOBFM@ 0000000140022d60     arcinit.obj
 0001:00021d80       ??_C@_0HE@MJKNAGNA@?$CK?$CK?5Fib2?5sent?560?5seconds?5ago?3?5B?1T@FNODOBFM@ 0000000140022d80     arcinit.obj
 0001:00021e00       ??_C@_0HE@MLFEGAEP@?$CK?$CK?5Fib1?5sent?560?5seconds?5ago?3?5B?1T@FNODOBFM@ 0000000140022e00     arcinit.obj
 0001:00021e80       ??_C@_0EB@NJFNJFPK@?$CK?$CK?5Driver?5internal?5AIF?5FIB?5has?5n@FNODOBFM@ 0000000140022e80     arcinit.obj
 0001:00021ed0       ??_C@_0EN@EHHFOLPM@?$CK?$CK?5returned?5?$CFd?5SRB?5to?5OS?5at?5Retu@FNODOBFM@ 0000000140022ed0     arcinit.obj
 0001:00021f20       ??_C@_0EB@JKABANOB@?$CK?$CK?5Returned?5?$CFd?5SRB?5to?5OS?5at?5Retu@FNODOBFM@ 0000000140022f20     arcinit.obj
 0001:00021f70       ??_C@_0BK@OLLEIHIC@?$CK?5Switching?5to?5MSIx?5mode?6?$AA@FNODOBFM@ 0000000140022f70     arcinit.obj
 0001:00021f90       ??_C@_0BA@EAOKKBLN@?$CK?5MSIx?5Enabled?6?$AA@FNODOBFM@ 0000000140022f90     arcinit.obj
 0001:00021fa0       ??_C@_0EB@JEEKIEDM@?$CK?5Set?5pInitStruct?9?$DONoOfMsiVector@FNODOBFM@ 0000000140022fa0     arcinit.obj
 0001:00021ff0       ??_C@_0EA@DFHNCIMC@?$CK?5Set?5pInitStruct?9?$DONoOfMsiVector@FNODOBFM@ 0000000140022ff0     arcinit.obj
 0001:00022030       ??_C@_0FP@EFJPBKEO@?$CK?5Valid?5Vector?$CI?$CFd?$CJ?0?5msix?5capabil@FNODOBFM@ 0000000140023030     arcinit.obj
 0001:00022090       ??_C@_0CE@KCFAPPCO@?$CK?5Coalescing?5Disabled?5in?5INTx?5Mo@FNODOBFM@ 0000000140023090     arcinit.obj
 0001:000220c0       ??_C@_0BE@OKKJEBLK@?$CK?5MSIX?5NOT?5Enabled?6?$AA@FNODOBFM@ 00000001400230c0     arcinit.obj
 0001:000220e0       ??_C@_0DJ@NFBMPICJ@?$CK?5Thor?5V8?5INIT?5structure?5sent?5su@FNODOBFM@ 00000001400230e0     arcinit.obj
 0001:00022120       ??_C@_0DK@LLCEGMEJ@?$CK?5NON?9Thor?5INIT?5structure?5sent?5s@FNODOBFM@ 0000000140023120     arcinit.obj
 0001:00022160       ??_C@_0DE@DCIDKABN@?$CK?5V8?5INIT?5structure?5sent?5success@FNODOBFM@ 0000000140023160     arcinit.obj
 0001:000221a0       ??_C@_0DI@LJKDAFIG@?$CK?5NON?9V8?5INIT?5structure?5sent?5suc@FNODOBFM@ 00000001400231a0     arcinit.obj
 0001:000221e0       ??_C@_0ED@LLOJEJPI@leaving?5HandleAdapterGetConfig?5a@FNODOBFM@ 00000001400231e0     arcinit.obj
 0001:00022230       ??_C@_0EF@MHNEOFPB@?$CK?5leaving?5HandleAdapterGetConfig@FNODOBFM@ 0000000140023230     arcinit.obj
 0001:00022280       ??_C@_0DP@PECHNPGJ@leaving?5HandleAdapterGetConfig?5a@FNODOBFM@ 0000000140023280     arcinit.obj
 0001:000222c0       ??_C@_0EB@CHAPDLOA@?$CK?5leaving?5HandleAdapterGetConfig@FNODOBFM@ 00000001400232c0     arcinit.obj
 0001:00022310       ??_C@_0EC@JNDOKFCE@leaving?5HandleAdapterCommitConfi@FNODOBFM@ 0000000140023310     arcinit.obj
 0001:00022360       ??_C@_0EE@HMHNBLOK@?$CK?5leaving?5HandleAdapterCommitCon@FNODOBFM@ 0000000140023360     arcinit.obj
 0001:000223b0       ??_C@_0CE@FDDAIENL@entering?5HandleAdapterConfigIssu@FNODOBFM@ 00000001400233b0     arcinit.obj
 0001:000223e0       ??_C@_0EG@EOLGKFDM@leaving?5HandleAdapterConfigIssue@FNODOBFM@ 00000001400233e0     arcinit.obj
 0001:00022430       ??_C@_0EI@BLLNCBDL@?$CK?5leaving?5HandleAdapterConfigIss@FNODOBFM@ 0000000140023430     arcinit.obj
 0001:00022480       ??_C@_0EC@KFDDDOGD@leaving?5HandleAdapterConfigIssue@FNODOBFM@ 0000000140023480     arcinit.obj
 0001:000224d0       ??_C@_0EE@EEHAIAKN@?$CK?5leaving?5HandleAdapterConfigIss@FNODOBFM@ 00000001400234d0     arcinit.obj
 0001:00022520       ??_C@_0EC@EGKDAAOP@leaving?5HandleAdapterConfigIssue@FNODOBFM@ 0000000140023520     arcinit.obj
 0001:00022570       ??_C@_0EE@KHOALOCB@?$CK?5leaving?5HandleAdapterConfigIss@FNODOBFM@ 0000000140023570     arcinit.obj
 0001:000225c0       ??_C@_0CD@FIHDJCJC@leaving?5HandleAdapterConfigIssue@FNODOBFM@ 00000001400235c0     arcinit.obj
 0001:000225f0       ??_C@_0BK@LNIBADPE@?$CK?5Setting?5StatusBatching?6?$AA@FNODOBFM@ 00000001400235f0     arcinit.obj
 0001:00022610       ??_C@_0EF@JDALIICL@?$CK?5Firmware?5should?5support?5ACI2?5i@FNODOBFM@ 0000000140023610     arcinit.obj
 0001:00022660       ??_C@_0CB@DDHFLEBF@?$CK?5FW?5sets?5KERNEL_UP_AND_RUNNING?6@FNODOBFM@ 0000000140023660     arcinit.obj
 0001:00022690       ??_C@_0CC@HECBNNJJ@?$CK?5FW?5is?5ready?5for?5config?5command@FNODOBFM@ 0000000140023690     arcinit.obj
 0001:000226c0       ??_C@_0BJ@GODFBPEB@?$CK?5Get?5config?5from?5FW?5ok?6?$AA@FNODOBFM@ 00000001400236c0     arcinit.obj
 0001:000226e0       ??_C@_0BK@PANMBLHC@?$CK?5Commit?5config?5to?5FW?5ok?6?$AA@FNODOBFM@ 00000001400236e0     arcinit.obj
 0001:00022700       ??_C@_0CA@BDIKNGAL@?$CK?5INIT?5Structure?5sent?5to?5FW?5ok?6?$AA@FNODOBFM@ 0000000140023700     arcinit.obj
 0001:00022720       ??_C@_0BK@HCHBCLAI@?$CK?5Get?5FW?5debug?5buffer?5ok?6?$AA@FNODOBFM@ 0000000140023720     arcinit.obj
 0001:00022740       ??_C@_0EE@GNMBAHCA@?$CK?5Get?5FW?5debug?5buffer?5failed?0?5bu@FNODOBFM@ 0000000140023740     arcinit.obj
 0001:00022790       ??_C@_0BH@FLOGONBD@?$CK?5?9?5Driver?5version?5?$CFs?6?$AA@FNODOBFM@ 0000000140023790     arcinit.obj
 0001:000227b0       ??_C@_0DN@NNHBAELD@SMNormalModeInitAdapter?3?5Soft?5Re@FNODOBFM@ 00000001400237b0     arcinit.obj
 0001:000227f0       ??_C@_0BO@IEENCLHE@entering?5HwInitializeAdapter?6?$AA@FNODOBFM@ 00000001400237f0     arcinit.obj
 0001:00022810       ??_C@_1CA@OFEHMOBK@?$AAB?$AAa?$AAd?$AA?5?$AAP?$AAo?$AAr?$AAt?$AA?5?$AAD?$AAr?$AAi?$AAv?$AAe?$AAr?$AA?$AA@FNODOBFM@ 0000000140023810     arcinit.obj
 0001:00022830       ??_C@_0FM@FIFECPG@?$CK?5pDeviceExtension?9?$DOValid_MSIX_V@FNODOBFM@ 0000000140023830     arcinit.obj
 0001:00022890       ??_C@_0EH@ONHPKJKD@?$CK?5StorPortGetMSIInfo?5returned?5Fa@FNODOBFM@ 0000000140023890     arcinit.obj
 0001:000228e0       ??_C@_0EC@KLPNNIKH@?$CK?5StorPortGetMSIInfo?5returned?5st@FNODOBFM@ 00000001400238e0     arcinit.obj
 0001:00022930       ??_C@_0EE@OLLCNNAO@?$CK?5StorPortGetMSIInfo?5returned?5st@FNODOBFM@ 0000000140023930     arcinit.obj
 0001:00022980       ??_C@_0EJ@OBPFJGIJ@?$CK?5StorPortGetMSIInfo?5returned?5st@FNODOBFM@ 0000000140023980     arcinit.obj
 0001:000229d0       ??_C@_0CF@FDBIIPFF@?$CK?5This?5Tupelo?5driver?5is?5MSI?5enab@FNODOBFM@ 00000001400239d0     arcinit.obj
 0001:00022a00       ??_C@_0BO@FHHBMMGN@?$CK?5PerfConfigData?4Flags?3?50x?$CFx?6?$AA@FNODOBFM@ 0000000140023a00     arcinit.obj
 0001:00022a20       ??_C@_0FE@LBLIGLIO@GetDoorbellMaskForIOPReset?5retur@FNODOBFM@ 0000000140023a20     arcinit.obj
 0001:00022a80       ??_C@_0DN@IMFNPMPP@?$CK?5Failed?5to?5Initialize?5Adapter?5i@FNODOBFM@ 0000000140023a80     arcinit.obj
 0001:00022ac0       ??_C@_0DE@CMNGFMDL@?$CK?5Succeed?5to?5Initialize?5Adapter?5@FNODOBFM@ 0000000140023ac0     arcinit.obj
 0001:00022b00       ??_C@_0EG@KGJBNOFG@?$CK?5Failed?5to?5Initialize?5Adapter?5i@FNODOBFM@ 0000000140023b00     arcinit.obj
 0001:00022b50       ??_C@_0BP@MCCOMIEF@?$CK?5leaving?5HwInitializeAdapter?6?$AA@FNODOBFM@ 0000000140023b50     arcinit.obj
 0001:00022b70       ??_C@_0FN@OJHBJJGK@?$CK?5StorPortAllocateContiguousMemo@FNODOBFM@ 0000000140023b70     arcinit.obj
 0001:00022bd0       ??_C@_0FD@MKBBGMOP@?$CK?5PROBLEM?3?5returnedSize?5?$DN?50?5?$CISto@FNODOBFM@ 0000000140023bd0     arcinit.obj
 0001:00022c30       ??_C@_0IH@LCJNFDMG@?$CK?5StorPortAllocateContiguousMemo@FNODOBFM@ 0000000140023c30     arcinit.obj
 0001:00022cc0       ??_C@_0BI@BOGNCAIA@entering?5InitializeDPC?6?$AA@FNODOBFM@ 0000000140023cc0     arcinit.obj
 0001:00022ce0       ??_C@_0BL@ICGKMMAJ@?$CK?5Start?5scanning?5group?5?$CFd?6?$AA@FNODOBFM@ 0000000140023ce0     arcinit.obj
 0001:00022d00       ??_C@_0CO@FDNLALKJ@?$CK?5Group?5Affinity?5for?5msix?5vector@FNODOBFM@ 0000000140023d00     arcinit.obj
 0001:00022d30       ??_C@_0DA@FPNPLEPN@?$CK?5NUMA?5node?5for?5MSIX?5vector?5?$CFd?5i@FNODOBFM@ 0000000140023d30     arcinit.obj
 0001:00022d60       ??_C@_0DP@MAPFHEEH@?$CK?5Outbound?5Queue?5Memory?5allocate@FNODOBFM@ 0000000140023d60     arcinit.obj
 0001:00022da0       ??_C@_0CG@GFDFODNM@?$CK?5MemoryBlock?5?$CFd?5assigned?5in?5nod@FNODOBFM@ 0000000140023da0     arcinit.obj
 0001:00022dd0       ??_C@_0DG@CGCBEMEO@?$CK?5MSG?5CAP?5setup?5failed?5?$CIbecause?5@FNODOBFM@ 0000000140023dd0     arcinit.obj
 0001:00022e10       ??_C@_0ED@CJAGENOE@?$CK?5we?5are?5processing?5last?5MSIX?5ve@FNODOBFM@ 0000000140023e10     arcinit.obj
 0001:00022e60       ??_C@_0HA@GKDMKHHO@?$CK?5we?5have?5a?5problem?4?5All?5groups?1@FNODOBFM@ 0000000140023e60     arcinit.obj
 0001:00022ed0       ??_C@_0FD@LFCJJKMC@?$CK?5StorPortGetLogicalProcessorRel@FNODOBFM@ 0000000140023ed0     arcinit.obj
 0001:00022f30       ??_C@_0BG@FAIHHGLA@?$CK?5Vector?5?$CFd?5is?5done?6?6?$AA@FNODOBFM@ 0000000140023f30     arcinit.obj
 0001:00022f50       ??_C@_0DJ@MGMHFMAN@?$CK?5Failed?5to?5Initialize?5Adapter?5i@FNODOBFM@ 0000000140023f50     arcinit.obj
 0001:00022f90       ??_C@_0DA@GDJCAINB@?$CK?5Succeed?5to?5Initialize?5Adapter?5@FNODOBFM@ 0000000140023f90     arcinit.obj
 0001:00022fc0       ??_C@_0BJ@CFFELFMJ@?$CK?5MSIx?5DPCs?5initialized?6?$AA@FNODOBFM@ 0000000140023fc0     arcinit.obj
 0001:00022fe0       ??_C@_0BI@LAPEOFCN@?$CK?5?9?5Done?5InitializeDPC?6?$AA@FNODOBFM@ 0000000140023fe0     arcinit.obj
 0001:00023000       ??_C@_0BH@PAHICDNJ@leaving?5InitializeDPC?6?$AA@FNODOBFM@ 0000000140024000     arcinit.obj
 0001:00023020       ??_C@_0CP@OJKLKHLO@entering?5InitializeConsumerProdu@FNODOBFM@ 0000000140024020     arcinit.obj
 0001:00023050       ??_C@_0DE@MJJEGAKI@leaving?5InitializeConsumerProduc@FNODOBFM@ 0000000140024050     arcinit.obj
 0001:00023090       ??_C@_0CO@NEGLFCOP@leaving?5InitializeConsumerProduc@FNODOBFM@ 0000000140024090     arcinit.obj
 0001:000230c0       ??_C@_0CP@IKCNDLML@entering?5InitializeConsumerProdu@FNODOBFM@ 00000001400240c0     arcinit.obj
 0001:000230f0       ??_C@_0DF@IICIHNDP@leaving?5InitializeConsumerProduc@FNODOBFM@ 00000001400240f0     arcinit.obj
 0001:00023130       ??_C@_0DE@OBANPGHF@leaving?5InitializeConsumerProduc@FNODOBFM@ 0000000140024130     arcinit.obj
 0001:00023170       ??_C@_0CP@GDFIJJML@entering?5InitializeMessageUnitQu@FNODOBFM@ 0000000140024170     arcinit.obj
 0001:000231a0       ??_C@_0DF@CLHHLLI@leaving?5InitializeMessageUnitQue@FNODOBFM@ 00000001400241a0     arcinit.obj
 0001:000231e0       ??_C@_0DE@BBDIIBAC@leaving?5InitializeMessageUnitQue@FNODOBFM@ 00000001400241e0     arcinit.obj
 0001:00023220       ??_C@_0BI@PNFIHJKN@entering?5MapDeviceBase?6?$AA@FNODOBFM@ 0000000140024220     arcinit.obj
 0001:00023240       ??_C@_1CM@FGGDGCGC@?$AAA?$AAd?$AAa?$AAp?$AAt?$AAe?$AAr?$AA?5?$AAb?$AAo?$AAo?$AAt?$AA?5?$AAt?$AAi?$AAm?$AAe?$AA?5?$AAo?$AAu?$AAt?$AA?$AA@FNODOBFM@ 0000000140024240     arcinit.obj
 0001:00023270       ??_C@_0CO@NHBGNFPE@?$CK?5Driver?5got?564?5bit?5FIB?5support?5@FNODOBFM@ 0000000140024270     arcinit.obj
 0001:000232a0       ??_C@_0DG@EECBHNEJ@?$CK?5Driver?5did?5not?5get?564?5bit?5FIB?5@FNODOBFM@ 00000001400242a0     arcinit.obj
 0001:000232e0       ??_C@_0CB@MHHOKKDH@?$CK?5Smart?5Array?5Based?5FW?5detected?6@FNODOBFM@ 00000001400242e0     arcinit.obj
 0001:00023310       ??_C@_0CG@INGLDPEA@?$CK?5This?5is?5NOT?5a?5Smart?5Array?5Base@FNODOBFM@ 0000000140024310     arcinit.obj
 0001:00023340       ??_C@_0DL@HHJHAPNC@?$CK?5StorPortGetDeviceBase?5failed?0?5@FNODOBFM@ 0000000140024340     arcinit.obj
 0001:00023380       ??_C@_0FM@FAGAFMJI@?$CK?5StorPortGetDeviceBaseB1?5failed@FNODOBFM@ 0000000140024380     arcinit.obj
 0001:000233e0       ??_C@_0FM@DFFNMELK@?$CK?5StorPortGetDeviceBaseB0?5failed@FNODOBFM@ 00000001400243e0     arcinit.obj
 0001:00023440       ??_C@_0DH@GMHBCEJM@?$CK?5GET_MINIARC_PROPERTIES?5fails?0?5@FNODOBFM@ 0000000140024440     arcinit.obj
 0001:00023480       ??_C@_0CE@JIIGOPEA@?$CK?5This?5is?5a?5BEDROC?5inplementatio@FNODOBFM@ 0000000140024480     arcinit.obj
 0001:000234b0       ??_C@_0CF@HKNELPOC@leaving?5MapDeviceBase?5?9?5rtnval?5?$DN@FNODOBFM@ 00000001400244b0     arcinit.obj
 0001:000234e0       ??_C@_0BG@LOIMFNHP@entering?5MatchPciIds?6?$AA@FNODOBFM@ 00000001400244e0     arcinit.obj
 0001:00023500       ??_C@_08HNOCAICB@Adaptec?5?$AA@FNODOBFM@ 0000000140024500     arcinit.obj
 0001:00023510       ??_C@_0CC@GEDCIDMJ@leaving?5MatchPciIds?0?5rtnval?5?$DN?5?$CFx@FNODOBFM@ 0000000140024510     arcinit.obj
 0001:00023540       ??_C@_0DG@MJCHKBMN@?$CK?5Calling?5CompleteBufferedReques@FNODOBFM@ 0000000140024540     arcinit.obj
 0001:00023580       ??_C@_0HF@LDMKNKBL@?$CK?5Calling?5DequeueRawIoReadWriteR@FNODOBFM@ 0000000140024580     arcinit.obj
 0001:00023600       ??_C@_0DO@HDLNLCMA@?$CK?5Calling?5CompleteAllSortingQueu@FNODOBFM@ 0000000140024600     arcinit.obj
 0001:00023640       ??_C@_0CG@EHFONFB@ReturningLocalOutstandingRequest@FNODOBFM@ 0000000140024640     arcinit.obj
 0001:00023670       ??_C@_0CL@CGNJGHDF@?$CK?5?$CFd?5outstanding?5IO?5left?5after?5c@FNODOBFM@ 0000000140024670     arcinit.obj
 0001:000236a0       ??_C@_0DI@FDADMONL@?$CK?5CleanHostSideRRQ?3?5Host?5RRQ?5cle@FNODOBFM@ 00000001400246a0     arcinit.obj
 0001:000236e0       ??_C@_0CF@IKJOOFLA@?$CK?5ResetAdapter?3?5Entering?5Routine@FNODOBFM@ 00000001400246e0     arcinit.obj
 0001:00023710       ??_C@_0FI@OABPGHMC@?$CK?5ResetAdapter?3?5FW?5is?5processing@FNODOBFM@ 0000000140024710     arcinit.obj
 0001:00023770       ??_C@_0DK@DMNFFNOF@?$CK?5ResetAdapter?3?5OS?5calls?5ResetAd@FNODOBFM@ 0000000140024770     arcinit.obj
 0001:000237b0       ??_C@_0CF@DGMKAPOJ@?$CK?5ResetAdapter?3?5BlinkLed?5Code?3?50@FNODOBFM@ 00000001400247b0     arcinit.obj
 0001:000237e0       ??_C@_0CL@MJAGNJPB@?$CK?5ResetAdapter?3?5IOP?5RESET?5due?5to@FNODOBFM@ 00000001400247e0     arcinit.obj
 0001:00023810       ??_C@_0DG@CLNGJPOA@?$CK?5ResetAdapter?3?5SendSynchFib?5fai@FNODOBFM@ 0000000140024810     arcinit.obj
 0001:00023850       ??_C@_0FF@JLPFKNGK@?$CK?5ResetAdapter?3?5There?5is?5a?5pendi@FNODOBFM@ 0000000140024850     arcinit.obj
 0001:000238b0       ??_C@_0EC@MMLNJELN@?$CK?5ResetAdapter?3?5set?5TriggerIOPRe@FNODOBFM@ 00000001400248b0     arcinit.obj
 0001:00023900       ??_C@_0EH@BGKKNIMJ@?$CK?5ResetAdapter?3?5synch?5command?5Re@FNODOBFM@ 0000000140024900     arcinit.obj
 0001:00023950       ??_C@_0EE@KPCKIKGP@?$CK?5ResetAdapter?3?5AdapterIsAlive?5r@FNODOBFM@ 0000000140024950     arcinit.obj
 0001:000239a0       ??_C@_0DN@OJOIDCGM@?$CK?5ResetAdapter?3?5leaving?5Routine?5@FNODOBFM@ 00000001400249a0     arcinit.obj
 0001:000239e0       ??_C@_0DN@MKLLHNDH@?$CK?5ResetAdapter?3?5IOP?5RESET?5due?5to@FNODOBFM@ 00000001400249e0     arcinit.obj
 0001:00023a20       ??_C@_0FJ@HDBMDLNL@?$CK?5ResetAdapter?3?5RAID?5volume?5?$CFd?5r@FNODOBFM@ 0000000140024a20     arcinit.obj
 0001:00023a80       ??_C@_0DC@DFLLLKCM@?$CK?5ResetAdapter?3?5IOP_RESET_FW_FIB@FNODOBFM@ 0000000140024a80     arcinit.obj
 0001:00023ac0       ??_C@_0DM@IMELCPEN@?$CK?5ResetAdapter?3?5Failed?5to?5send?5I@FNODOBFM@ 0000000140024ac0     arcinit.obj
 0001:00023b00       ??_C@_0EG@FKMCGCCN@?$CK?5ResetAdapter?3?5IOP?5RESET?5due?5to@FNODOBFM@ 0000000140024b00     arcinit.obj
 0001:00023b50       ??_C@_0DE@IDNFNJBF@?$CK?5ResetAdapter?3?5NO?5lun?5reset?5cou@FNODOBFM@ 0000000140024b50     arcinit.obj
 0001:00023b90       ??_C@_0DM@KJNOMFJC@?$CK?5ResetAdapter?3?5leaving?5Routine?0@FNODOBFM@ 0000000140024b90     arcinit.obj
 0001:00023bd0       ??_C@_0EK@OOPLAGOO@?$CK?5ResetAdapter?3?5set?5timer?5to?5che@FNODOBFM@ 0000000140024bd0     arcinit.obj
 0001:00023c20       ??_C@_0DM@LMPLKKMJ@?$CK?5ResetAdapter?3?5leaving?5Routine?5@FNODOBFM@ 0000000140024c20     arcinit.obj
 0001:00023c60       ??_C@_0EJ@DNGMPOBO@?$CK?5ResetAdapter?3?5HWSoftReset?5leav@FNODOBFM@ 0000000140024c60     arcinit.obj
 0001:00023cb0       ??_C@_0CJ@PCBCCJEM@?$DMHW?$DOTD?$AI?$AA?$AA?$AA?$AA?$AA?$AA?$AA?$AA?$AADW?$AA?$AADV?$BK?$AA?$AA?$AA?$AA?$AA?$AA?$AA?$AA?$AA@FNODOBFM@ 0000000140024cb0     arcinit.obj
 0001:00023ce0       ??_C@_0BP@BFNIMKLC@?$CK?5SetFwTime?3?5Time?5sent?5failed?6?$AA@FNODOBFM@ 0000000140024ce0     arcinit.obj
 0001:00023d00       ??_C@_0BL@IIHDOJJO@?$CK?5Time?3?5?$CFd?4?$CFd?4?$CFd?5?$CFd?3?$CFd?3?$CFd?6?$AA@FNODOBFM@ 0000000140024d00     arcinit.obj
 0001:00023d20       ??_C@_0BG@NCOEMLFM@?$CK?5Driver?5version?5?$CFs?5?6?$AA@FNODOBFM@ 0000000140024d20     arcinit.obj
 0001:00023d40       ??_C@_0CF@KGAABJAP@?$CK?5SetFwTime?3?5Time?5sent?5successfu@FNODOBFM@ 0000000140024d40     arcinit.obj
 0001:00023d70       ??_C@_0DB@DBHKEEOM@?$CK?5SendWellnessCommand?3?5Wellness?5@FNODOBFM@ 0000000140024d70     arcinit.obj
 0001:00023db0       ??_C@_0DG@CHJDHKJC@?$CK?5SendWellnessCommand?3?5Wellness?5@FNODOBFM@ 0000000140024db0     arcinit.obj
 0001:00023df0       ??_C@_0N@GDIDOMEJ@?$DMHW?$DOPS?$AC?$AA?$AA?$AAZZ?$AA@FNODOBFM@ 0000000140024df0     arcinit.obj
 0001:00023e00       ??_C@_0CM@KDDJKBII@?$CK?5SetPciSlotNumber?3?5Update?5PCI?5S@FNODOBFM@ 0000000140024e00     arcinit.obj
 0001:00023e30       ??_C@_0BL@CAAHKIPO@?$CK?5PCI?5Slot?5Number?5Set?5?$CFx?5?6?$AA@FNODOBFM@ 0000000140024e30     arcinit.obj
 0001:00023e50       ??_C@_0DB@KLKDBGPC@?$CK?5current?5ElapsedTime?5is?5?$CFx?4?5Dri@FNODOBFM@ 0000000140024e50     arcinit.obj
 0001:00023e90       ??_C@_0EE@NDLKAFLN@?$CK?5SetArcsasFwTime?3?5SendSyncFib?5F@FNODOBFM@ 0000000140024e90     arcinit.obj
 0001:00023ee0       ??_C@_0DN@BMDNNOBN@?$CK?5GetThorHbaPhyDevInfo?3?5synch?5FI@FNODOBFM@ 0000000140024ee0     arcinit.obj
 0001:00023f20       ??_C@_0FG@PNEDCHMO@?$CK?5one?5dual?5port?5entry?5?$CIB?1T?1nexus@FNODOBFM@ 0000000140024f20     arcinit.obj
 0001:00023f80       ??_C@_0EM@BKPAJHPD@?$CK?5One?5entry?5?$CIB?1T?1nexus?3?5?$CFd?1?$CFd?10x@FNODOBFM@ 0000000140024f80     arcinit.obj
 0001:00023fd0       ??_C@_0BI@NKGGGHHE@?$CK?5?$CFd?5HBA?5devices?5found?6?$AA@FNODOBFM@ 0000000140024fd0     arcinit.obj
 0001:00023ff0       ??_C@_0DD@PLCLGMJE@?$CK?5All?5HBA?5devices?8?5average?5Queue@FNODOBFM@ 0000000140024ff0     arcinit.obj
 0001:00024030       ??_C@_0BF@GFOGGOIF@GetThorHbaPhyDevInfo?$AA@FNODOBFM@ 0000000140025030     arcinit.obj
 0001:00024050       ??_C@_0CL@OHPEFDNF@?$CK?5There?5is?5a?5synch?5SRB?5pending?0?5@FNODOBFM@ 0000000140025050     arcinit.obj
 0001:00024080       ??_C@_0DJ@HDKNIPML@?$CK?5Not?5a?5Thor?5product?5OR?5virtual?5@FNODOBFM@ 0000000140025080     arcinit.obj
 0001:000240c0       ??_C@_1FE@JLJHJCGF@?$AAA?$AAr?$AAr?$AAa?$AAy?$AA?5?$AAm?$AAi?$AAg?$AAr?$AAa?$AAt?$AAi?$AAo?$AAn?$AA?1?$AAe?$AAx?$AAp?$AAa?$AAn?$AAs?$AAi?$AAo?$AAn?$AA?5?$AAc?$AAo?$AAm?$AAp?$AAl?$AAe@FNODOBFM@ 00000001400250c0     arcinit.obj
 0001:00024120       ??_C@_1CK@DJNKNDAB@?$AAR?$AAa?$AAw?$AA?5?$AAD?$AAr?$AAi?$AAv?$AAe?$AA?5?$AAr?$AAe?$AAm?$AAo?$AAv?$AAe?$AAd?$AA?0?$AA?5?$AA?$CD?$AA?$AA@FNODOBFM@ 0000000140025120     arcinit.obj
 0001:00024150       ??_C@_1DG@JPPGPNNE@?$AAN?$AAa?$AAt?$AAi?$AAv?$AAe?$AA?5?$AAH?$AAB?$AAA?$AA?5?$AAd?$AAe?$AAv?$AAi?$AAc?$AAe?$AA?5?$AAi?$AAs?$AA?5?$AAa?$AAd?$AAd?$AAe?$AAd?$AA?$AA@FNODOBFM@ 0000000140025150     arcinit.obj
 0001:00024190       ??_C@_1DK@DMPEAPAK@?$AAN?$AAa?$AAt?$AAi?$AAv?$AAe?$AA?5?$AAH?$AAB?$AAA?$AA?5?$AAd?$AAe?$AAv?$AAi?$AAc?$AAe?$AA?5?$AAi?$AAs?$AA?5?$AAr?$AAe?$AAm?$AAo?$AAv?$AAe?$AAd?$AA?$AA@FNODOBFM@ 0000000140025190     arcinit.obj
 0001:000241d0       ??_C@_1EO@PNKAKFGH@?$AAH?$AAa?$AAr?$AAd?$AAw?$AAa?$AAr?$AAe?$AA?5?$AAn?$AAo?$AAt?$AA?5?$AAp?$AAr?$AAe?$AAs?$AAe?$AAn?$AAt?$AA?9?$AA?5?$AAB?$AAa?$AAc?$AAk?$AAu?$AAp?$AA?5?$AAn?$AAo?$AAt@FNODOBFM@ 00000001400251d0     arcinit.obj
 0001:00024220       ??_C@_1CI@IELPCEHF@?$AAS?$AAu?$AAp?$AAe?$AAr?$AAc?$AAa?$AAp?$AA?5?$AAh?$AAe?$AAa?$AAl?$AAt?$AAh?$AA?5?$AAl?$AAo?$AAw?$AA?$AA@FNODOBFM@ 0000000140025220     arcinit.obj
 0001:00024250       ??_C@_1CK@BAADJOPA@?$AAS?$AAu?$AAp?$AAe?$AAr?$AAc?$AAa?$AAp?$AA?5?$AAh?$AAe?$AAa?$AAl?$AAt?$AAh?$AA?5?$AA?5?$AAb?$AAa?$AAd?$AA?$AA@FNODOBFM@ 0000000140025250     arcinit.obj
 0001:00024280       ??_C@_1CA@DNJAAJKJ@?$AAC?$AAa?$AAc?$AAh?$AAe?$AA?5?$AAd?$AAa?$AAt?$AAa?$AA?5?$AAl?$AAo?$AAs?$AAs?$AA?$AA@FNODOBFM@ 0000000140025280     arcinit.obj
 0001:000242a0       ??_C@_1DG@KILEJPC@?$AAT?$AAe?$AAm?$AAp?$AAe?$AAr?$AAa?$AAt?$AAu?$AAr?$AAe?$AA?5?$AAB?$AAa?$AAc?$AAk?$AA?5?$AAt?$AAo?$AA?5?$AAN?$AAo?$AAr?$AAm?$AAa?$AAl?$AA?$AA@FNODOBFM@ 00000001400252a0     arcinit.obj
 0001:000242e0       ??_C@_1DG@IHOODPDN@?$AAS?$AAu?$AAp?$AAe?$AAr?$AAc?$AAa?$AAp?$AA?5?$AAT?$AAe?$AAm?$AAp?$AAe?$AAr?$AAa?$AAt?$AAu?$AAr?$AAe?$AA?5?$AAA?$AAl?$AAe?$AAr?$AAt?$AA?$AA@FNODOBFM@ 00000001400252e0     arcinit.obj
 0001:00024320       ??_C@_1DK@KKLIINGO@?$AAS?$AAu?$AAp?$AAe?$AAr?$AAc?$AAa?$AAp?$AA?5?$AAT?$AAe?$AAm?$AAp?$AAe?$AAr?$AAa?$AAt?$AAu?$AAr?$AAe?$AA?5?$AAW?$AAa?$AAr?$AAn?$AAi?$AAn?$AAg?$AA?$AA@FNODOBFM@ 0000000140025320     arcinit.obj
 0001:00024360       ??_C@_1DK@HENHBAOO@?$AAB?$AAa?$AAc?$AAk?$AAu?$AAp?$AA?5?$AAu?$AAn?$AAi?$AAt?$AA?5?$AAs?$AAe?$AAl?$AAf?$AA?9?$AAt?$AAe?$AAs?$AAt?$AA?5?$AAf?$AAa?$AAi?$AAl?$AAe?$AAd?$AA?$AA@FNODOBFM@ 0000000140025360     arcinit.obj
 0001:000243a0       ??_C@_1DK@GKIHJFEC@?$AAF?$AAa?$AAt?$AAa?$AAl?$AA?5?$AAE?$AAr?$AAr?$AAo?$AAr?$AA?3?$AA?5?$AAB?$AAa?$AAc?$AAk?$AAu?$AAp?$AA?5?$AAd?$AAi?$AAs?$AAa?$AAb?$AAl?$AAe?$AAd?$AA?$AA@FNODOBFM@ 00000001400253a0     arcinit.obj
 0001:000243e0       ??_C@_1CO@DFMHCOAI@?$AAL?$AAo?$AAg?$AAi?$AAc?$AAa?$AAl?$AA?5?$AAD?$AAr?$AAi?$AAv?$AAe?$AA?5?$AAa?$AAd?$AAd?$AAe?$AAd?$AA?0?$AA?5?$AA?$CD?$AA?$AA@FNODOBFM@ 00000001400253e0     arcinit.obj
 0001:00024410       ??_C@_1DC@CMPCKFLI@?$AAL?$AAo?$AAg?$AAi?$AAc?$AAa?$AAl?$AA?5?$AAD?$AAr?$AAi?$AAv?$AAe?$AA?5?$AAd?$AAe?$AAl?$AAe?$AAt?$AAe?$AAd?$AA?0?$AA?5?$AA?$CD?$AA?$AA@FNODOBFM@ 0000000140025410     arcinit.obj
 0001:00024450       ??_C@_1CI@JDGBIDGK@?$AAA?$AA?5?$AAn?$AAe?$AAw?$AA?5?$AAJ?$AAB?$AAO?$AAD?$AA?5?$AAi?$AAs?$AA?5?$AAa?$AAd?$AAd?$AAe?$AAd?$AA?$AA@FNODOBFM@ 0000000140025450     arcinit.obj
 0001:00024480       ??_C@_1CE@CICPDMOD@?$AAA?$AA?5?$AAJ?$AAB?$AAO?$AAD?$AA?5?$AAi?$AAs?$AA?5?$AAd?$AAe?$AAl?$AAe?$AAt?$AAe?$AAd?$AA?$AA@FNODOBFM@ 0000000140025480     arcinit.obj
 0001:000244b0       ??_C@_1DI@CCPBOJAM@?$AAL?$AAu?$AAn?$AA?5?$AAR?$AAe?$AAs?$AAe?$AAt?$AA?5?$AAt?$AAh?$AAr?$AAe?$AAs?$AAh?$AAo?$AAl?$AAd?$AA?5?$AAr?$AAe?$AAa?$AAc?$AAh?$AAe?$AAd?$AA?$AA@FNODOBFM@ 00000001400254b0     arcinit.obj
 0001:000244f0       ??_C@_1DG@OJKKJGHC@?$AAA?$AAd?$AAa?$AAp?$AAt?$AAe?$AAr?$AA?5?$AAa?$AAl?$AAi?$AAv?$AAe?$AA?5?$AAr?$AAe?$AAt?$AAu?$AAr?$AAn?$AA?5?$AAf?$AAa?$AAl?$AAs?$AAe?$AA?$AA@FNODOBFM@ 00000001400254f0     arcinit.obj
 0001:00024530       ??_C@_1FC@MIPJHMMM@?$AAR?$AAe?$AAq?$AAu?$AAe?$AAs?$AAt?$AAA?$AAd?$AAa?$AAp?$AAt?$AAe?$AAr?$AAI?$AAn?$AAf?$AAo?$AA?5?$AAs?$AAy?$AAn?$AAc?$AAh?$AA?5?$AAc?$AAo?$AAm?$AAm?$AAa?$AAn?$AAd@FNODOBFM@ 0000000140025530     arcinit.obj
 0001:00024590       ??_C@_1DC@FGMGNGA@?$AAF?$AAW?$AA?5?$AAK?$AAe?$AAr?$AAn?$AAe?$AAl?$AA?5?$AAP?$AAa?$AAn?$AAi?$AAc?$AA?5?$AAd?$AAe?$AAt?$AAe?$AAc?$AAt?$AAe?$AAd?$AA?$AA@FNODOBFM@ 0000000140025590     arcinit.obj
 0001:000245d0       ??_C@_1CA@BBEOIBOD@?$AAU?$AAn?$AAd?$AAe?$AAf?$AAi?$AAn?$AAe?$AAd?$AA?5?$AAE?$AAv?$AAe?$AAn?$AAt?$AA?$AA@FNODOBFM@ 00000001400255d0     arcinit.obj
 0001:000245f0       ??_C@_1EG@MMOHKHFO@?$AAC?$AAT?$AA_?$AAC?$AAO?$AAN?$AAF?$AAI?$AAG?$AA_?$AAS?$AAT?$AAA?$AAT?$AAU?$AAS?$AA_?$AAR?$AAE?$AAA?$AAD?$AAY?$AA?$CI?$AA?5?$AA?5?$AA?5?$AA?$CJ?$AA?5?$AAF?$AAa?$AAi?$AAl@FNODOBFM@ 00000001400255f0     arcinit.obj
 0001:00024640       ??_C@_1EC@LINPOIBA@?$AAC?$AAT?$AA_?$AAG?$AAE?$AAT?$AA_?$AAC?$AAO?$AAN?$AAF?$AAI?$AAG?$AA_?$AAS?$AAT?$AAA?$AAT?$AAU?$AAS?$AA?$CI?$AA?5?$AA?5?$AA?5?$AA?$CJ?$AA?5?$AAF?$AAa?$AAi?$AAl?$AAe?$AAd@FNODOBFM@ 0000000140025640     arcinit.obj
 0001:00024690       ??_C@_1DI@OLCGHNCB@?$AAC?$AAT?$AA_?$AAC?$AAO?$AAM?$AAM?$AAI?$AAT?$AA_?$AAC?$AAO?$AAN?$AAF?$AAI?$AAG?$AA?$CI?$AA?5?$AA?5?$AA?5?$AA?$CJ?$AAF?$AAa?$AAi?$AAl?$AAe?$AAd?$AA?$AA@FNODOBFM@ 0000000140025690     arcinit.obj
 0001:000246d0       ??_C@_1FA@NIJNEMHE@?$AAA?$AAD?$AAA?$AAP?$AAT?$AAE?$AAR?$AA_?$AAI?$AAN?$AAI?$AAT?$AA_?$AAS?$AAT?$AAR?$AAU?$AAC?$AAT?$AA_?$AAR?$AAE?$AAV?$AAI?$AAS?$AAI?$AAO?$AAN?$AA?$CI?$AA?5?$AA?5?$AA?$CJ@FNODOBFM@ 00000001400256d0     arcinit.obj
 0001:00024720       ??_C@_1DM@EFGMNBLE@?$AAV?$AAM?$AA_?$AAC?$AAo?$AAn?$AAt?$AAa?$AAi?$AAn?$AAe?$AAr?$AAC?$AAo?$AAn?$AAf?$AAi?$AAg?$AA?$CI?$AA?5?$AA?5?$AA?$CJ?$AA?5?$AAF?$AAa?$AAi?$AAl?$AAe?$AAd?$AA?$AA@FNODOBFM@ 0000000140025720     arcinit.obj
 0001:00024760       ??_C@_1DC@PCLINFGL@?$AAT?$AAi?$AAm?$AAe?$AAd?$AAo?$AAu?$AAt?$AA?0?$AA?5?$AAI?$AAn?$AAi?$AAt?$AA?5?$AAS?$AAt?$AAa?$AAg?$AAe?$AA?5?$AA?$CD?$AA?5?$AA?5?$AA?$AA@FNODOBFM@ 0000000140025760     arcinit.obj
 0001:000247a0       ??_C@_1FE@PCKFJNFD@?$AAR?$AAe?$AAs?$AAe?$AAt?$AA?5?$AAf?$AAr?$AAo?$AAm?$AA?5?$AAO?$AAS?$AA?3?$AAp?$AAa?$AAt?$AAh?$AA?5?$AA?$CD?$AA?5?$AA?5?$AA?0?$AAo?$AAu?$AAt?$AAs?$AAt?$AAa?$AAn?$AAd?$AAi@FNODOBFM@ 00000001400257a0     arcinit.obj
 0001:00024800       ??_C@_1FC@CLHIPIHG@?$AAG?$AAo?$AAt?$AA?5?$AAL?$AAU?$AAN?$AA?5?$AAR?$AAE?$AAS?$AAE?$AAT?$AA?5?$AAf?$AAo?$AAr?$AA?5?$AAp?$AAa?$AAt?$AAh?$AA?5?$AA?$CD?$AA?5?$AA?5?$AA?0?$AA?5?$AAt?$AAa?$AAr?$AAg@FNODOBFM@ 0000000140025800     arcinit.obj
 0001:00024860       ??_C@_1FI@HJHKOPPE@?$AAG?$AAo?$AAt?$AA?5?$AAT?$AAa?$AAr?$AAg?$AAe?$AAt?$AA?5?$AAR?$AAE?$AAS?$AAE?$AAT?$AA?5?$AAf?$AAo?$AAr?$AA?5?$AAp?$AAa?$AAt?$AAh?$AA?5?$AA?$CD?$AA?5?$AA?5?$AA?0?$AA?5?$AAt@FNODOBFM@ 0000000140025860     arcinit.obj
 0001:000248c0       ??_C@_1EC@DEFLMBHE@?$AAI?$AAO?$AAP?$AA?5?$AAR?$AAE?$AAS?$AAE?$AAT?$AA?5?$AAb?$AAe?$AAc?$AAa?$AAu?$AAs?$AAe?$AA?5?$AAo?$AAf?$AA?5?$AAF?$AAW?$AA?5?$AAB?$AAl?$AAi?$AAn?$AAk?$AAL?$AAE?$AAD@FNODOBFM@ 00000001400258c0     arcinit.obj
 0001:00024910       ??_C@_1FA@GLBMBCFD@?$AAR?$AAe?$AAq?$AAu?$AAe?$AAs?$AAt?$AAA?$AAd?$AAa?$AAp?$AAt?$AAe?$AAr?$AAI?$AAn?$AAf?$AAo?$AA?5?$AAp?$AAe?$AAn?$AAd?$AAi?$AAn?$AAg?$AA?5?$AA?5?$AA?5?$AA?5?$AA?5?$AA?5@FNODOBFM@ 0000000140025910     arcinit.obj
 0001:00024960       ??_C@_1EK@DPFNMDNI@?$AAI?$AAO?$AAP?$AAR?$AAE?$AAS?$AAE?$AAT?$AA?3?$AA?5?$AAR?$AAe?$AAq?$AAu?$AAe?$AAs?$AAt?$AAA?$AAd?$AAa?$AAp?$AAt?$AAe?$AAr?$AAI?$AAn?$AAf?$AAo?$AA?5?$AAt?$AAi?$AAm@FNODOBFM@ 0000000140025960     arcinit.obj
 0001:000249b0       ??_C@_1EC@JONMGECF@?$AAR?$AAA?$AA?3?$AA?5?$AAA?$AAd?$AAa?$AAp?$AAt?$AAe?$AAr?$AAI?$AAs?$AAA?$AAl?$AAi?$AAv?$AAe?$AA?5?$AAr?$AAe?$AAt?$AAu?$AAr?$AAn?$AAs?$AA?5?$AAf?$AAa?$AAl?$AAs?$AAe@FNODOBFM@ 00000001400259b0     arcinit.obj
 0001:00024a00       ??_C@_1EA@KMCOFCE@?$AAI?$AAO?$AAP?$AA?5?$AAR?$AAE?$AAS?$AAE?$AAT?$AA?5?$AAf?$AAo?$AAr?$AA?5?$AAS?$AAm?$AAa?$AAr?$AAt?$AAH?$AAB?$AAA?$AA?5?$AAp?$AAa?$AAt?$AAh?$AA?5?$AA?$CD?$AA?5?$AA?5?$AA?$AA@FNODOBFM@ 0000000140025a00     arcinit.obj
 0001:00024a40       ??_C@_1EK@EBJJOFBF@?$AAR?$AAE?$AAS?$AAE?$AAT?$AA?$CI?$AAc?$AAn?$AAt?$AA?$DO?$AA?$DN?$AA5?$AA?$CJ?$AA?3?$AA?5?$AAp?$AAa?$AAt?$AAh?$AA?5?$AA?$CD?$AA?5?$AA?5?$AA?0?$AA?5?$AAt?$AAa?$AAr?$AAg?$AAe?$AAt?$AA?5@FNODOBFM@ 0000000140025a40     arcinit.obj
 0001:00024a90       ??_C@_1DA@EFMGPIMG@?$AAS?$AAO?$AAF?$AAT?$AA?5?$AAR?$AAE?$AAS?$AAE?$AAT?$AA?5?$AAI?$AAs?$AAs?$AAu?$AAe?$AAd?$AA?5?$AAt?$AAo?$AA?5?$AAF?$AAW?$AA?$AA@FNODOBFM@ 0000000140025a90     arcinit.obj
 0001:00024ac0       ??_C@_1CO@GBDEAPLE@?$AAI?$AAO?$AAP?$AA?5?$AAR?$AAE?$AAS?$AAE?$AAT?$AA?5?$AAI?$AAs?$AAs?$AAu?$AAe?$AAd?$AA?5?$AAt?$AAo?$AA?5?$AAF?$AAW?$AA?$AA@FNODOBFM@ 0000000140025ac0     arcinit.obj
 0001:00024af0       ??_C@_1EI@KMCCOKBI@?$AAF?$AAW?$AA?5?$AAK?$AAE?$AAR?$AAN?$AAE?$AAL?$AA?5?$AAP?$AAA?$AAN?$AAI?$AAC?$AA?5?$AAD?$AAe?$AAt?$AAe?$AAc?$AAt?$AAe?$AAd?$AA?0?$AA?5?$AAB?$AAL?$AAE?$AAD?$AA?5?$AA?$CD@FNODOBFM@ 0000000140025af0     arcinit.obj
 0001:00024b40       ??_C@_1EK@GGMELPLN@?$AAF?$AAW?$AA?5?$AAN?$AAo?$AAt?$AA?5?$AAU?$AAp?$AA?5?$AA?$CG?$AA?5?$AAR?$AAu?$AAn?$AAn?$AAi?$AAn?$AAg?$AA?0?$AA?5?$AAB?$AAL?$AAE?$AAD?$AA?5?$AA0?$AAx?$AA?5?$AA?5?$AA?5?$AA?5@FNODOBFM@ 0000000140025b40     arcinit.obj
 0001:00024b90       ??_C@_0BG@HHGGAPDG@entering?5HWSoftReset?6?$AA@FNODOBFM@ 0000000140025b90     arcinit.obj
 0001:00024bb0       ??_C@_0CB@CNHAMPIN@HwSoftReset?3?5Soft?5Reset?5Issued?4?6@FNODOBFM@ 0000000140025bb0     arcinit.obj
 0001:00024be0       ??_C@_0DJ@CBPNBDFH@?$CK?5Set?5pInitStruct?9?$DONoOfMsiVector@FNODOBFM@ 0000000140025be0     arcinit.obj
 0001:00024c20       ??_C@_0BG@FGBHCKJG@CompleteQueuedRequest?$AA@FNODOBFM@ 0000000140025c20     cmddelivery.obj
 0001:00024c40       ??_C@_0DM@OFFCECMD@IN?5?$CFs?0?5WE?5ARE?5SEEING?5AIF?5FIB?4?5DO@FNODOBFM@ 0000000140025c40     cmddelivery.obj
 0001:00024c80       ??_C@_0L@ENAJINDB@Management?$AA@FNODOBFM@ 0000000140025c80     cmddelivery.obj
[...]
 0004:000001ec       $pdata$DumpHandles         000000014002c1ec     rxdevice.obj
 0004:000001f8       $pdata$DumpHandlesZeroPointer 000000014002c1f8     rxdevice.obj
 0004:00000204       $pdata$RevCheckCompatibility 000000014002c204     revision.obj
 0004:00000210       $pdata$GetDriverParameter  000000014002c210     helpers.obj
 0004:0000021c       $pdata$MatchRegistryString 000000014002c21c     helpers.obj
 0004:00000228       $pdata$LongToAscii         000000014002c228     helpers.obj
 0004:00000234       $pdata$CompareStrings      000000014002c234     helpers.obj
 0004:00000240       $pdata$ArcPrintf           000000014002c240     arcdebug.obj
 0004:0000024c       $pdata$3$ArcPrintf         000000014002c24c     arcdebug.obj
 0004:00000258       $pdata$4$ArcPrintf         000000014002c258     arcdebug.obj
 0004:00000264       $pdata$GetFwDebugBuffer    000000014002c264     arcdebug.obj
 0004:00000270       $pdata$RealSprintf         000000014002c270     arcdebug.obj
 0004:0000027c       $pdata$1$RealSprintf       000000014002c27c     arcdebug.obj
 0004:00000288       $pdata$6$RealSprintf       000000014002c288     arcdebug.obj
 0004:00000294       $pdata$7$RealSprintf       000000014002c294     arcdebug.obj
 0004:000002a0       $pdata$8$RealSprintf       000000014002c2a0     arcdebug.obj
 0004:000002ac       $pdata$VMCloseAllCompletionTimer 000000014002c2ac     timer.obj
 0004:000002b8       $pdata$0$VMCloseAllCompletionTimer 000000014002c2b8     timer.obj
 0004:000002c4       $pdata$1$VMCloseAllCompletionTimer 000000014002c2c4     timer.obj
 0004:000002d0       $pdata$UpdateThorHBAMappingTable 000000014002c2d0     timer.obj
 0004:000002dc       $pdata$0$UpdateThorHBAMappingTable 000000014002c2dc     timer.obj
 0004:000002e8       $pdata$2$UpdateThorHBAMappingTable 000000014002c2e8     timer.obj
 0004:000002f4       $pdata$3$UpdateThorHBAMappingTable 000000014002c2f4     timer.obj
 0004:00000300       $pdata$4$UpdateThorHBAMappingTable 000000014002c300     timer.obj
 0004:0000030c       $pdata$Reset_IOP_CompletionTimer 000000014002c30c     timer.obj
 0004:00000318       $pdata$0$Reset_IOP_CompletionTimer 000000014002c318     timer.obj
 0004:00000324       $pdata$2$Reset_IOP_CompletionTimer 000000014002c324     timer.obj
 0004:00000330       $pdata$4$Reset_IOP_CompletionTimer 000000014002c330     timer.obj
 0004:0000033c       $pdata$5$Reset_IOP_CompletionTimer 000000014002c33c     timer.obj
 0004:00000348       $pdata$StopTimer           000000014002c348     timer.obj
 0004:00000354       $pdata$RequestTimer        000000014002c354     timer.obj
 0004:00000360       $pdata$MainTimeThread      000000014002c360     timer.obj
 0004:0000036c       $pdata$4$MainTimeThread    000000014002c36c     timer.obj
 0004:00000378       $pdata$5$MainTimeThread    000000014002c378     timer.obj
 0004:00000384       $pdata$6$MainTimeThread    000000014002c384     timer.obj
 0004:00000390       $pdata$7$MainTimeThread    000000014002c390     timer.obj
 0004:0000039c       $pdata$CheckingFWAfterPowerStateChange 000000014002c39c     timer.obj
 0004:000003a8       $pdata$0$CheckingFWAfterPowerStateChange 000000014002c3a8     timer.obj
 0004:000003b4       $pdata$3$CheckingFWAfterPowerStateChange 000000014002c3b4     timer.obj
 0004:000003c0       $pdata$4$CheckingFWAfterPowerStateChange 000000014002c3c0     timer.obj
 0004:000003cc       $pdata$StorWmiTraceMessage 000000014002c3cc     arcinit.obj
 0004:000003d8       $pdata$DriverEntry         000000014002c3d8     arcinit.obj
 0004:000003e4       $pdata$0$DriverEntry       000000014002c3e4     arcinit.obj
 0004:000003f0       $pdata$1$DriverEntry       000000014002c3f0     arcinit.obj
 0004:000003fc       $pdata$2$DriverEntry       000000014002c3fc     arcinit.obj
 0004:00000408       $pdata$3$DriverEntry       000000014002c408     arcinit.obj
 0004:00000414       $pdata$FindAdapter         000000014002c414     arcinit.obj
 0004:00000420       $pdata$2$FindAdapter       000000014002c420     arcinit.obj
 0004:0000042c       $pdata$3$FindAdapter       000000014002c42c     arcinit.obj
 0004:00000438       $pdata$SMNormalModeInitAdapter 000000014002c438     arcinit.obj
 0004:00000444       $pdata$1$SMNormalModeInitAdapter 000000014002c444     arcinit.obj
 0004:00000450       $pdata$2$SMNormalModeInitAdapter 000000014002c450     arcinit.obj
 0004:0000045c       $pdata$3$SMNormalModeInitAdapter 000000014002c45c     arcinit.obj
 0004:00000468       $pdata$4$SMNormalModeInitAdapter 000000014002c468     arcinit.obj
 0004:00000474       $pdata$HwInitializeAdapter 000000014002c474     arcinit.obj
 0004:00000480       $pdata$InitializeDPCs      000000014002c480     arcinit.obj
 0004:0000048c       $pdata$1$InitializeDPCs    000000014002c48c     arcinit.obj
 0004:00000498       $pdata$2$InitializeDPCs    000000014002c498     arcinit.obj
 0004:000004a4       $pdata$ReturningLocalOutstandingRequestsToOS 000000014002c4a4     arcinit.obj
 0004:000004b0       $pdata$CleanHostSideRRQ    000000014002c4b0     arcinit.obj
 0004:000004bc       $pdata$ResetAdapter        000000014002c4bc     arcinit.obj
 0004:000004c8       $pdata$4$ResetAdapter      000000014002c4c8     arcinit.obj
 0004:000004d4       $pdata$5$ResetAdapter      000000014002c4d4     arcinit.obj
 0004:000004e0       $pdata$6$ResetAdapter      000000014002c4e0     arcinit.obj
 0004:000004ec       $pdata$EventTracingCleanup 000000014002c4ec     arcinit.obj
 0004:000004f8       $pdata$AllocateConsumerProducerCommArea 000000014002c4f8     arcinit.obj
 0004:00000504       $pdata$AllocateMessageUnitQueueCommArea 000000014002c504     arcinit.obj
 0004:00000510       $pdata$ConfigureContainersRuntime 000000014002c510     arcinit.obj
 0004:0000051c       $pdata$SendEvent2OSDelayed 000000014002c51c     arcinit.obj
 0004:00000528       $pdata$GetElapsedSeconds   000000014002c528     arcinit.obj
 0004:00000534       $pdata$IsAdapterReadyForConfigCommand 000000014002c534     arcinit.obj
 0004:00000540       $pdata$CheckMSIxPossibility 000000014002c540     arcinit.obj
 0004:0000054c       $pdata$0$CheckMSIxPossibility 000000014002c54c     arcinit.obj
 0004:00000558       $pdata$1$CheckMSIxPossibility 000000014002c558     arcinit.obj
 0004:00000564       $pdata$2$CheckMSIxPossibility 000000014002c564     arcinit.obj
 0004:00000570       $pdata$3$CheckMSIxPossibility 000000014002c570     arcinit.obj
 0004:0000057c       $pdata$HandleAdapterConfigIssues 000000014002c57c     arcinit.obj
 0004:00000588       $pdata$SendInitStructure   000000014002c588     arcinit.obj
 0004:00000594       $pdata$HandleAdapterGetConfig 000000014002c594     arcinit.obj
 0004:000005a0       $pdata$HandleAdapterCommitConfig 000000014002c5a0     arcinit.obj
 0004:000005ac       $pdata$InitializeConsumerProducerCommRegion 000000014002c5ac     arcinit.obj
 0004:000005b8       $pdata$MapDeviceBase       000000014002c5b8     arcinit.obj
 0004:000005c4       $pdata$IOPReset            000000014002c5c4     arcinit.obj
 0004:000005d0       $pdata$HWSoftReset         000000014002c5d0     arcinit.obj
 0004:000005dc       $pdata$DumpFibsSentToFW60SecondsBefore 000000014002c5dc     arcinit.obj
 0004:000005e8       $pdata$4$DumpFibsSentToFW60SecondsBefore 000000014002c5e8     arcinit.obj
 0004:000005f4       $pdata$5$DumpFibsSentToFW60SecondsBefore 000000014002c5f4     arcinit.obj
 0004:00000600       $pdata$ReturningOutstandingSentToFWBeforeIOPResetToOS 000000014002c600     arcinit.obj
 0004:0000060c       $pdata$3$ReturningOutstandingSentToFWBeforeIOPResetToOS 000000014002c60c     arcinit.obj
 0004:00000618       $pdata$4$ReturningOutstandingSentToFWBeforeIOPResetToOS 000000014002c618     arcinit.obj
 0004:00000624       $pdata$5$ReturningOutstandingSentToFWBeforeIOPResetToOS 000000014002c624     arcinit.obj
 0004:00000630       $pdata$6$ReturningOutstandingSentToFWBeforeIOPResetToOS 000000014002c630     arcinit.obj
 0004:0000063c       $pdata$ReturnOutstandingFibOnTargetDevice 000000014002c63c     arcinit.obj
 0004:00000648       $pdata$2$ReturnOutstandingFibOnTargetDevice 000000014002c648     arcinit.obj
 0004:00000654       $pdata$3$ReturnOutstandingFibOnTargetDevice 000000014002c654     arcinit.obj
 0004:00000660       $pdata$4$ReturnOutstandingFibOnTargetDevice 000000014002c660     arcinit.obj
 0004:0000066c       $pdata$5$ReturnOutstandingFibOnTargetDevice 000000014002c66c     arcinit.obj
 0004:00000678       $pdata$SetFwTime           000000014002c678     arcinit.obj
 0004:00000684       $pdata$0$SetFwTime         000000014002c684     arcinit.obj
 0004:00000690       $pdata$4$SetFwTime         000000014002c690     arcinit.obj
 0004:0000069c       $pdata$5$SetFwTime         000000014002c69c     arcinit.obj
 0004:000006a8       $pdata$6$SetFwTime         000000014002c6a8     arcinit.obj
 0004:000006b4       $pdata$7$SetFwTime         000000014002c6b4     arcinit.obj
 0004:000006c0       $pdata$SetArcsasFwTime     000000014002c6c0     arcinit.obj
 0004:000006cc       $pdata$SetPciSlotNumber    000000014002c6cc     arcinit.obj
 0004:000006d8       $pdata$SendWellnessCmnd    000000014002c6d8     arcinit.obj
 0004:000006e4       $pdata$GetThorHbaPhyDevInfo 000000014002c6e4     arcinit.obj
 0004:000006f0       $pdata$ArcLogEventString   000000014002c6f0     arcinit.obj
 0004:000006fc       $pdata$LogSystemEvent      000000014002c6fc     arcinit.obj
 0004:00000708       $pdata$SendEvent2OS        000000014002c708     arcinit.obj
 0004:00000714       $pdata$WppTraceCallback    000000014002c714     arcinit.obj
 0004:00000720       $pdata$2$WppTraceCallback  000000014002c720     arcinit.obj
 0004:0000072c       $pdata$3$WppTraceCallback  000000014002c72c     arcinit.obj
 0004:00000738       $pdata$DynamicallyThrottleLunQueueDepth 000000014002c738     arcinit.obj
 0004:00000744       $pdata$SA4StatusBatching   000000014002c744     arcinit.obj
 0004:00000750       $pdata$SA4ACI2Interface    000000014002c750     arcinit.obj
 0004:0000075c       $pdata$SMCrashDumpModeInitAdapter 000000014002c75c     arcinit.obj
 0004:00000768       $pdata$SendEvent2OSChild   000000014002c768     arcinit.obj
 0004:00000774       $pdata$PostProcessScsiCommand 000000014002c774     cmddelivery.obj
 0004:00000780       $pdata$SendFib             000000014002c780     cmddelivery.obj
 0004:0000078c       $pdata$HandleMSIXInterrupt 000000014002c78c     cmddelivery.obj
 0004:00000798       $pdata$QueueRawIoReadWriteRequest 000000014002c798     cmddelivery.obj
 0004:000007a4       $pdata$1$QueueRawIoReadWriteRequest 000000014002c7a4     cmddelivery.obj
 0004:000007b0       $pdata$3$QueueRawIoReadWriteRequest 000000014002c7b0     cmddelivery.obj
 0004:000007bc       $pdata$4$QueueRawIoReadWriteRequest 000000014002c7bc     cmddelivery.obj
 0004:000007c8       $pdata$5$QueueRawIoReadWriteRequest 000000014002c7c8     cmddelivery.obj
 0004:000007d4       $pdata$6$QueueRawIoReadWriteRequest 000000014002c7d4     cmddelivery.obj
 0004:000007e0       $pdata$StartIo             000000014002c7e0     cmddelivery.obj
 0004:000007ec       $pdata$0$StartIo           000000014002c7ec     cmddelivery.obj
 0004:000007f8       $pdata$1$StartIo           000000014002c7f8     cmddelivery.obj
 0004:00000804       $pdata$CompleteQueuedRequest 000000014002c804     cmddelivery.obj
 0004:00000810       $pdata$DequeueRawIoReadWriteRequest 000000014002c810     cmddelivery.obj
 0004:0000081c       $pdata$0$DequeueRawIoReadWriteRequest 000000014002c81c     cmddelivery.obj
 0004:00000828       $pdata$1$DequeueRawIoReadWriteRequest 000000014002c828     cmddelivery.obj
 0004:00000834       $pdata$2$DequeueRawIoReadWriteRequest 000000014002c834     cmddelivery.obj
 0004:00000840       $pdata$3$DequeueRawIoReadWriteRequest 000000014002c840     cmddelivery.obj
 0004:0000084c       $pdata$ProcessContainerInquiry 000000014002c84c     cmddelivery.obj
 0004:00000858       $pdata$ProcessScsiCommand  000000014002c858     cmddelivery.obj
 0004:00000864       $pdata$QueuePrintf         000000014002c864     cmddelivery.obj
 0004:00000870       $pdata$SendRawIoFib        000000014002c870     cmddelivery.obj
 0004:0000087c       $pdata$SendSynchFib        000000014002c87c     cmddelivery.obj
 0004:00000888       $pdata$0$SendSynchFib      000000014002c888     cmddelivery.obj
 0004:00000894       $pdata$1$SendSynchFib      000000014002c894     cmddelivery.obj
 0004:000008a0       $pdata$DequeueCertainLD    000000014002c8a0     cmddelivery.obj
 0004:000008ac       $pdata$0$DequeueCertainLD  000000014002c8ac     cmddelivery.obj
 0004:000008b8       $pdata$1$DequeueCertainLD  000000014002c8b8     cmddelivery.obj
 0004:000008c4       $pdata$PollSmartHBAFIBCompletion 000000014002c8c4     cmddelivery.obj
 0004:000008d0       $pdata$AdapterControl      000000014002c8d0     cmdproc.obj
 0004:000008dc       $pdata$BuildIo             000000014002c8dc     cmdproc.obj
 0004:000008e8       $pdata$BuildRawIoFib       000000014002c8e8     cmdproc.obj
 0004:000008f4       $pdata$BuildRawIoScatterGather 000000014002c8f4     cmdproc.obj
 0004:00000900       $pdata$0$BuildRawIoScatterGather 000000014002c900     cmdproc.obj
 0004:0000090c       $pdata$1$BuildRawIoScatterGather 000000014002c90c     cmdproc.obj
 0004:00000918       $pdata$2$BuildRawIoScatterGather 000000014002c918     cmdproc.obj
 0004:00000924       $pdata$3$BuildRawIoScatterGather 000000014002c924     cmdproc.obj
 0004:00000930       $pdata$BuildRawIo2ScatterGather 000000014002c930     cmdproc.obj
 0004:0000093c       $pdata$ConvertRawIo2ScatterGather 000000014002c93c     cmdproc.obj
 0004:00000948       $pdata$1$ConvertRawIo2ScatterGather 000000014002c948     cmdproc.obj
 0004:00000954       $pdata$3$ConvertRawIo2ScatterGather 000000014002c954     cmdproc.obj
 0004:00000960       $pdata$4$ConvertRawIo2ScatterGather 000000014002c960     cmdproc.obj
 0004:0000096c       $pdata$5$ConvertRawIo2ScatterGather 000000014002c96c     cmdproc.obj
 0004:00000978       $pdata$BuildReadWriteFib   000000014002c978     cmdproc.obj
 0004:00000984       $pdata$BuildScatterGather  000000014002c984     cmdproc.obj
 0004:00000990       $pdata$BuildScatterGather64 000000014002c990     cmdproc.obj
 0004:0000099c       $pdata$BuildSrbFib         000000014002c99c     cmdproc.obj
 0004:000009a8       $pdata$InitializeFib       000000014002c9a8     cmdproc.obj
 0004:000009b4       $pdata$PrepareBMIC15       000000014002c9b4     cmdproc.obj
 0004:000009c0       $pdata$ProcessIoctl        000000014002c9c0     ioctl.obj
 0004:000009cc       $pdata$BuildRawScatterGather 000000014002c9cc     ioctl.obj
 0004:000009d8       $pdata$1$BuildRawScatterGather 000000014002c9d8     ioctl.obj
 0004:000009e4       $pdata$2$BuildRawScatterGather 000000014002c9e4     ioctl.obj
 0004:000009f0       $pdata$BuildRawScatterGather64 000000014002c9f0     ioctl.obj
 0004:000009fc       $pdata$CSMIGetRAIDConfig   000000014002c9fc     ioctl.obj
 0004:00000a08       $pdata$0$CSMIGetRAIDConfig 000000014002ca08     ioctl.obj
 0004:00000a14       $pdata$1$CSMIGetRAIDConfig 000000014002ca14     ioctl.obj
 0004:00000a20       $pdata$CSMISTPPassThru     000000014002ca20     ioctl.obj
 0004:00000a2c       $pdata$0$CSMISTPPassThru   000000014002ca2c     ioctl.obj
 0004:00000a38       $pdata$1$CSMISTPPassThru   000000014002ca38     ioctl.obj
 0004:00000a44       $pdata$HandleCSMI          000000014002ca44     ioctl.obj
 0004:00000a50       $pdata$QueueEvent          000000014002ca50     comm.obj
 0004:00000a5c       $pdata$AdapterIsAlive      000000014002ca5c     comm.obj
 0004:00000a68       $pdata$ServiceHostResponseNormalQueue 000000014002ca68     comm.obj
 0004:00000a74       $pdata$6$ServiceHostResponseNormalQueue 000000014002ca74     comm.obj
 0004:00000a80       $pdata$7$ServiceHostResponseNormalQueue 000000014002ca80     comm.obj
 0004:00000a8c       $pdata$FreeConsumerProducerAif 000000014002ca8c     comm.obj
 0004:00000a98       $pdata$0$FreeConsumerProducerAif 000000014002ca98     comm.obj
 0004:00000aa4       $pdata$1$FreeConsumerProducerAif 000000014002caa4     comm.obj
 0004:00000ab0       $pdata$ProcessAif          000000014002cab0     comm.obj
 0004:00000abc       $pdata$SendConsumerProducerFib 000000014002cabc     comm.obj
 0004:00000ac8       $pdata$SubDeQueueSortingQueue 000000014002cac8     comm.obj
 0004:00000ad4       $pdata$0$SubDeQueueSortingQueue 000000014002cad4     comm.obj
 0004:00000ae0       $pdata$1$SubDeQueueSortingQueue 000000014002cae0     comm.obj
 0004:00000aec       $pdata$DeQueueSortingQueue 000000014002caec     comm.obj
 0004:00000af8       $pdata$CompleteAllSortingQueue 000000014002caf8     comm.obj
 0004:00000b04       $pdata$5$CompleteAllSortingQueue 000000014002cb04     comm.obj
 0004:00000b10       $pdata$6$CompleteAllSortingQueue 000000014002cb10     comm.obj
 0004:00000b1c       $pdata$CompleteBufferedRequest 000000014002cb1c     comm.obj
 0004:00000b28       $pdata$0$CompleteBufferedRequest 000000014002cb28     comm.obj
 0004:00000b34       $pdata$1$CompleteBufferedRequest 000000014002cb34     comm.obj
 0004:00000b40       $pdata$ServiceHostCommandNormalQueue 000000014002cb40     comm.obj
 0004:00000b4c       $pdata$3$ServiceHostCommandNormalQueue 000000014002cb4c     comm.obj
 0004:00000b58       $pdata$4$ServiceHostCommandNormalQueue 000000014002cb58     comm.obj
 0004:00000b64       $pdata$DpcDequeueRawIoReadWriteRequest 000000014002cb64     comm.obj
 0004:00000b70       $pdata$ProcessNormalFib    000000014002cb70     comm.obj
 0004:00000b7c       $pdata$3$ProcessNormalFib  000000014002cb7c     comm.obj
 0004:00000b88       $pdata$5$ProcessNormalFib  000000014002cb88     comm.obj
 0004:00000b94       $pdata$6$ProcessNormalFib  000000014002cb94     comm.obj
 0004:00000ba0       $pdata$7$ProcessNormalFib  000000014002cba0     comm.obj
 0004:00000bac       $pdata$8$ProcessNormalFib  000000014002cbac     comm.obj
 0004:00000bb8       $pdata$ServiceInternalAifQueue 000000014002cbb8     comm.obj
 0004:00000bc4       $pdata$ProcessHbaErrors    000000014002cbc4     comm.obj
 0004:00000bd0       $pdata$3$ProcessHbaErrors  000000014002cbd0     comm.obj
 0004:00000bdc       $pdata$4$ProcessHbaErrors  000000014002cbdc     comm.obj
 0004:00000be8       $pdata$ProcessWmi          000000014002cbe8     wmi.obj
 0004:00000bf4       $pdata$HwScsiWmiExecuteMethod 000000014002cbf4     wmi.obj
 0004:00000c00       $pdata$HwScsiWmiFunctionControl 000000014002cc00     wmi.obj
 0004:00000c00       $pdata$HwScsiWmiQueryDataBlock 000000014002cc00     wmi.obj
 0004:00000c0c       $pdata$GsDriverEntry       000000014002cc0c     BufferOverflowK:gs_support.obj
 0004:00000c24       $pdata$__report_securityfailure 000000014002cc24     BufferOverflowK:gs_report.obj
 0004:00000c30       $pdata$__report_rangecheckfailure 000000014002cc30     BufferOverflowK:gs_report.obj
 0004:00000c3c       $pdata$__report_gsfailure  000000014002cc3c     BufferOverflowK:gs_report.obj
 0004:00000c54       $pdata$__GSHandlerCheckCommon 000000014002cc54     ntoskrnl:gshandler.obj
 0004:00000c60       $pdata$__GSHandlerCheck    000000014002cc60     ntoskrnl:gshandler.obj
 0004:00000c84       $pdata$ScsiPortWmiDispatchFunction 000000014002cc84     scsiwmi:wmilib.obj
 0004:00000c90       $pdata$ScsiWmipProcessRequest 000000014002cc90     scsiwmi:wmilib.obj
 0004:00000c9c       $pdata$ScsiPortWmiPostProcess 000000014002cc9c     scsiwmi:wmilib.obj
 0004:00000ca8       $pdata$ScsiWmipPostProcess 000000014002cca8     scsiwmi:wmilib.obj
 0004:00000cb4       $pdata$ScsiWmipFindGuid    000000014002ccb4     scsiwmi:wmilib.obj
 0005:000001e8       .idata$6                   000000014002d1e8     ntoskrnl:ntoskrnl.exe
 0005:00000212       .idata$6                   000000014002d212     hal:HAL.dll
 0005:000003d2       .idata$6                   000000014002d3d2     storport:storport.sys
 0006:000000d0       $R000000                   000000014002e0d0     arcsas.res
 0006:00000430       $R000360                   000000014002e430     arcsas.res
