 archba

 Timestamp is 5e5e5845 (Tue Mar  3 05:14:45 2020)

 Preferred load address is 0000000140000000

 Start         Length     Name                   Class
 0001:00000000 0001f2f0H .text$mn                CODE
 0001:0001f2f0 00000050H .text$mn$00             CODE
 0001:0001f340 00000430H .text$mn$21             CODE
 0001:0001f770 00009878H .text$s                 CODE
 0002:00000000 000000c8H .idata$5                DATA
 0002:000000c8 00000010H .00cfg                  DATA
 0002:000000d8 000000a8H .gfids                  DATA
 0002:0000017c 00000000H .gfids$y                DATA
 0002:00000180 000002f8H .rdata                  DATA
 0002:00000478 000001b0H .rdata$zzzdbg           DATA
 0002:00000628 00001584H .xdata                  DATA
 0003:00000000 00000aa0H .data                   DATA
 0003:00000aa0 00000338H .bss                    DATA
 0004:00000000 00000cc0H .pdata                  DATA
 0005:00000000 00000090H INIT                    CODE
 0005:00000090 0000003cH .idata$2                CODE
 0005:000000cc 00000014H .idata$3                CODE
 0005:000000e0 000000c8H .idata$4                CODE
 0005:000001a8 00000238H .idata$6                CODE
 0006:00000000 000000d0H .rsrc$01                DATA
 0006:000000d0 00001108H .rsrc$02                DATA

  Address         Publics by Value              Rva+Base               Lib:Object

 0000:00000000       __enclave_config           0000000000000000     <absolute>
 0000:00000000       __dynamic_value_reloc_table 0000000000000000     <absolute>
 0000:00000000       __guard_longjmp_table      0000000000000000     <absolute>
 0000:00000000       __guard_longjmp_count      0000000000000000     <absolute>
 0000:00000000       ___safe_se_handler_table   0000000000000000     <absolute>
 0000:00000000       __hybrid_code_map_count    0000000000000000     <absolute>
 0000:00000000       __guard_iat_table          0000000000000000     <absolute>
 0000:00000000       __hybrid_code_map          0000000000000000     <absolute>
 0000:00000000       __guard_iat_count          0000000000000000     <absolute>
 0000:00000000       __hybrid_auxiliary_iat     0000000000000000     <absolute>
 0000:00000000       __volatile_metadata        0000000000000000     <absolute>
 0000:00000000       ___safe_se_handler_count   0000000000000000     <absolute>
 0000:00000029       __guard_fids_count         0000000000000029     <absolute>
 0000:00014500       __guard_flags              0000000000014500     <absolute>
 0000:00000000       __ImageBase                0000000140000000     <linker-defined>
 0001:00000000       DumpHandles                0000000140001000 f   rxdevice.obj
 0001:000003b0       DumpHandlesZeroPointer     00000001400013b0 f   rxdevice.obj
 0001:00000760       GetOutstandingIoCnt        0000000140001760 f   rxdevice.obj
 0001:00000770       NonMSIXInterruptHandler    0000000140001770 f   rxdevice.obj
 0001:00000b50       PMCDpcResponseHandler      0000000140001b50 f   rxdevice.obj
 0001:000012f0       PMCInterruptHandler        00000001400022f0 f   rxdevice.obj
 0001:000018f0       PMCPushMessageUnitQueueFib 00000001400028f0 f   rxdevice.obj
 0001:00001c10       RxAccessDeviceRegister     0000000140002c10 f   rxdevice.obj
 0001:00001db0       RxCheckAdapterHealth       0000000140002db0 f   rxdevice.obj
 0001:00001e20       RxCheckSyncCommandComplete 0000000140002e20 f   rxdevice.obj
 0001:00001f60       RxDpcInterruptHandler      0000000140002f60 f   rxdevice.obj
 0001:00001f60       _guard_check_icall_nop     0000000140002f60 f   BufferOverflowK:guard_support.obj
 0001:00001f70       RxGetIBW                   0000000140002f70 f   rxdevice.obj
 0001:00001fa0       RxGetOMRx0                 0000000140002fa0 f   rxdevice.obj
 0001:00001fd0       RxInterruptHandler         0000000140002fd0 f   rxdevice.obj
 0001:000022a0       RxMapMailBoxFirmwareBase   00000001400032a0 f   rxdevice.obj
 0001:00002390       RxNewCommProcessInterrupt  0000000140003390 f   rxdevice.obj
 0001:00002760       RxNotifyAdapter            0000000140003760 f   rxdevice.obj
 0001:000027e0       RxPullMessageUnitQueueCompletedFib 00000001400037e0 f   rxdevice.obj
 0001:00002980       RxPushMessageUnitQueueFib  0000000140003980 f   rxdevice.obj
 0001:00002a70       RxSendSynchCommand         0000000140003a70 f   rxdevice.obj
 0001:00003690       RxStartAdapter             0000000140004690 f   rxdevice.obj
 0001:00003d10       RxWaitForAdapterToBoot     0000000140004d10 f   rxdevice.obj
 0001:00003e00       RxWriteIBW                 0000000140004e00 f   rxdevice.obj
 0001:00003e30       RxWriteIDR                 0000000140004e30 f   rxdevice.obj
 0001:00003e60       RxWriteODR                 0000000140004e60 f   rxdevice.obj
 0001:00003ea0       RevCheckCompatibility      0000000140004ea0 f   revision.obj
 0001:00003f40       RevGetBuildNumber          0000000140004f40 f   revision.obj
 0001:00003f50       RevGetExternalRev          0000000140004f50 f   revision.obj
 0001:00003f60       CompareStrings             0000000140004f60 f   helpers.obj
 0001:00003fe0       GetDriverParameter         0000000140004fe0 f   helpers.obj
 0001:00004120       LongToAscii                0000000140005120 f   helpers.obj
 0001:000041f0       MatchRegistryString        00000001400051f0 f   helpers.obj
 0001:000042b0       ZeroStructure              00000001400052b0 f   helpers.obj
 0001:000042c0       ArcPrintf                  00000001400052c0 f   arcdebug.obj
 0001:000047d0       ProcessCompleteSrbToHost   00000001400057d0 f   arcdebug.obj
 0001:000047e0       RealSprintf                00000001400057e0 f   arcdebug.obj
 0001:00004c90       StorWmiTraceMessage        0000000140005c90 f i arcdebug.obj
 0001:00004cf0       WPP_SF_s                   0000000140005cf0 f i arcdebug.obj
 0001:00004d50       CheckingFWAfterPowerStateChange 0000000140005d50 f   timer.obj
 0001:00005140       MainTimeThread             0000000140006140 f   timer.obj
 0001:00005cf0       RequestTimer               0000000140006cf0 f   timer.obj
 0001:00005dc0       Reset_IOP_CompletionTimer  0000000140006dc0 f   timer.obj
 0001:00006290       StopTimer                  0000000140007290 f   timer.obj
 0001:00006330       UpdateThorHBAMappingTable  0000000140007330 f   timer.obj
 0001:00006610       VMCloseAllCompletionTimer  0000000140007610 f   timer.obj
 0001:00006860       AllocateConsumerProducerCommArea 0000000140007860 f   arcinit.obj
 0001:00006bb0       AllocateMessageUnitQueueCommArea 0000000140007bb0 f   arcinit.obj
 0001:00007160       ArcLogEventString          0000000140008160 f   arcinit.obj
 0001:000071e0       AtomicINTXReleaseSlot      00000001400081e0 f   arcinit.obj
 0001:00007200       CheckMSIxPossibility       0000000140008200 f   arcinit.obj
 0001:00007410       CleanHostSideRRQ           0000000140008410 f   arcinit.obj
 0001:00007630       ConfigureContainersRuntime 0000000140008630 f   arcinit.obj
 0001:00008f60       DecToHex                   0000000140009f60 f   arcinit.obj
 0001:00008fc0       DriverEntry                0000000140009fc0 f   arcinit.obj
 0001:000091e0       DumpFibsSentToFW60SecondsBefore 000000014000a1e0 f   arcinit.obj
 0001:000094c0       DynamicallyThrottleLunQueueDepth 000000014000a4c0 f   arcinit.obj
 0001:00009740       EventTracingCleanup        000000014000a740 f   arcinit.obj
 0001:000097c0       FindAdapter                000000014000a7c0 f   arcinit.obj
 0001:0000c180       GetElapsedSeconds          000000014000d180 f   arcinit.obj
 0001:0000c210       GetFreeSlot                000000014000d210 f   arcinit.obj
 0001:0000c240       GetThorHbaPhyDevInfo       000000014000d240 f   arcinit.obj
 0001:0000c790       HWSoftReset                000000014000d790 f   arcinit.obj
 0001:0000c8f0       HandleAdapterCommitConfig  000000014000d8f0 f   arcinit.obj
 0001:0000c9c0       HandleAdapterConfigIssues  000000014000d9c0 f   arcinit.obj
 0001:0000cb90       HandleAdapterGetConfig     000000014000db90 f   arcinit.obj
 0001:0000cca0       HwInitializeAdapter        000000014000dca0 f   arcinit.obj
 0001:0000d0f0       INTXGetFreeSlot            000000014000e0f0 f   arcinit.obj
 0001:0000d110       IOPReset                   000000014000e110 f   arcinit.obj
 0001:0000d660       InitializeConsumerProducerCommRegion 000000014000e660 f   arcinit.obj
 0001:0000d8f0       InitializeDPCs             000000014000e8f0 f   arcinit.obj
 0001:0000e020       IsAdapterReadyForConfigCommand 000000014000f020 f   arcinit.obj
 0001:0000e150       LogSystemEvent             000000014000f150 f   arcinit.obj
 0001:0000e230       MapDeviceBase              000000014000f230 f   arcinit.obj
 0001:0000e7b0       ReleaseSlot                000000014000f7b0 f   arcinit.obj
 0001:0000e7e0       ResetAdapter               000000014000f7e0 f   arcinit.obj
 0001:0000eef0       ReturnOutstandingFibOnTargetDevice 000000014000fef0 f   arcinit.obj
 0001:0000f0a0       ReturningLocalOutstandingRequestsToOS 00000001400100a0 f   arcinit.obj
 0001:0000f360       ReturningOutstandingSentToFWBeforeIOPResetToOS 0000000140010360 f   arcinit.obj
 0001:0000f510       SA4ACI2Interface           0000000140010510 f   arcinit.obj
 0001:0000f6a0       SA4StatusBatching          00000001400106a0 f   arcinit.obj
 0001:0000f830       SMCrashDumpModeInitAdapter 0000000140010830 f   arcinit.obj
 0001:0000fad0       SMNormalModeInitAdapter    0000000140010ad0 f   arcinit.obj
 0001:0000ffa0       SendEvent2OS               0000000140010fa0 f   arcinit.obj
 0001:00010930       SendEvent2OSChild          0000000140011930 f   arcinit.obj
 0001:00010dc0       SendEvent2OSDelayed        0000000140011dc0 f   arcinit.obj
 0001:00011510       SendInitStructure          0000000140012510 f   arcinit.obj
 0001:000118e0       SendWellnessCmnd           00000001400128e0 f   arcinit.obj
 0001:00011ae0       SetArcsasFwTime            0000000140012ae0 f   arcinit.obj
 0001:00011bc0       SetFwTime                  0000000140012bc0 f   arcinit.obj
 0001:00012050       SetPciSlotNumber           0000000140013050 f   arcinit.obj
 0001:00012130       WppTraceCallback           0000000140013130 f   arcinit.obj
 0001:00012410       CompleteQueuedRequest      0000000140013410 f   cmddelivery.obj
 0001:00012510       DequeueCertainLD           0000000140013510 f   cmddelivery.obj
 0001:000125c0       DequeueRawIoReadWriteRequest 00000001400135c0 f   cmddelivery.obj
 0001:000126f0       HandleInterrupt            00000001400136f0 f   cmddelivery.obj
 0001:00012710       HandleMSIXInterrupt        0000000140013710 f   cmddelivery.obj
 0001:000127f0       PollSmartHBAFIBCompletion  00000001400137f0 f   cmddelivery.obj
 0001:00012b90       PostProcessScsiCommand     0000000140013b90 f   cmddelivery.obj
 0001:00012ee0       ProcessContainerInquiry    0000000140013ee0 f   cmddelivery.obj
 0001:000134b0       ProcessScsiCommand         00000001400144b0 f   cmddelivery.obj
 0001:00014110       QueuePrintf                0000000140015110 f   cmddelivery.obj
 0001:000141d0       QueueRawIoReadWriteRequest 00000001400151d0 f   cmddelivery.obj
 0001:00014470       SaveNFHandle               0000000140015470 f   cmddelivery.obj
 0001:000144b0       SendFib                    00000001400154b0 f   cmddelivery.obj
 0001:00014af0       SendRawIoFib               0000000140015af0 f   cmddelivery.obj
 0001:00014ce0       SendSynchFib               0000000140015ce0 f   cmddelivery.obj
 0001:00014ee0       StartIo                    0000000140015ee0 f   cmddelivery.obj
 0001:00015940       AdapterControl             0000000140016940 f   cmdproc.obj
 0001:00016070       BuildHBAFib                0000000140017070 f   cmdproc.obj
 0001:00016560       BuildHBAIoctlFib           0000000140017560 f   cmdproc.obj
 0001:00016810       BuildIo                    0000000140017810 f   cmdproc.obj
 0001:000173e0       BuildRawIo2ScatterGather   00000001400183e0 f   cmdproc.obj
 0001:000175c0       BuildRawIo2ScatterGather4HBAIoctl 00000001400185c0 f   cmdproc.obj
 0001:00017790       BuildRawIoFib              0000000140018790 f   cmdproc.obj
 0001:00017af0       BuildRawIoScatterGather    0000000140018af0 f   cmdproc.obj
 0001:00017ce0       BuildReadWriteFib          0000000140018ce0 f   cmdproc.obj
 0001:000180b0       BuildScatterGather         00000001400190b0 f   cmdproc.obj
 0001:00018160       BuildScatterGather64       0000000140019160 f   cmdproc.obj
 0001:00018220       BuildSrbFib                0000000140019220 f   cmdproc.obj
 0001:000184c0       ConvertRawIo2ScatterGather 00000001400194c0 f   cmdproc.obj
 0001:00018600       InitializeFib              0000000140019600 f   cmdproc.obj
 0001:00018630       PrepareBMIC15              0000000140019630 f   cmdproc.obj
 0001:00018870       BuildRawScatterGather      0000000140019870 f   ioctl.obj
 0001:00018920       BuildRawScatterGather64    0000000140019920 f   ioctl.obj
 0001:000189d0       CSMIGetRAIDConfig          00000001400199d0 f   ioctl.obj
 0001:00018c40       CSMIGetRAIDInfo            0000000140019c40 f   ioctl.obj
 0001:00019100       CSMISTPPassThru            000000014001a100 f   ioctl.obj
 0001:000193a0       HandleCSMI                 000000014001a3a0 f   ioctl.obj
 0001:000199a0       ProcessIoctl               000000014001a9a0 f   ioctl.obj
 0001:0001c290       AdapterIsAlive             000000014001d290 f   comm.obj
 0001:0001c2d0       CompleteBufferedRequest    000000014001d2d0 f   comm.obj
 0001:0001c390       DpcDequeueRawIoReadWriteRequest 000000014001d390 f   comm.obj
 0001:0001c400       FreeConsumerProducerAif    000000014001d400 f   comm.obj
 0001:0001c550       GetConsumerProducerCompletedFib 000000014001d550 f   comm.obj
 0001:0001c5e0       GetMessageUnitQueueCompletedFib 000000014001d5e0 f   comm.obj
 0001:0001c600       ProcessAif                 000000014001d600 f   comm.obj
 0001:0001cf30       ProcessHbaErrors           000000014001df30 f   comm.obj
 0001:0001d540       ProcessNormalFib           000000014001e540 f   comm.obj
 0001:0001e060       QueueEvent                 000000014001f060 f   comm.obj
 0001:0001e100       SendConsumerProducerFib    000000014001f100 f   comm.obj
 0001:0001e200       SendMessageUnitQueueFib    000000014001f200 f   comm.obj
 0001:0001e270       ServiceHostCommandNormalQueue 000000014001f270 f   comm.obj
 0001:0001e360       ServiceHostResponseNormalQueue 000000014001f360 f   comm.obj
 0001:0001e780       ServiceInternalAifQueue    000000014001f780 f   comm.obj
 0001:0001e850       HwScsiWmiExecuteMethod     000000014001f850 f   wmi.obj
 0001:0001e8f0       HwScsiWmiFunctionControl   000000014001f8f0 f   wmi.obj
 0001:0001e8f0       HwScsiWmiQueryDataBlock    000000014001f8f0 f   wmi.obj
 0001:0001e910       HwScsiWmiQueryReginfo      000000014001f910 f   wmi.obj
 0001:0001e920       HwScsiWmiSetDataBlock      000000014001f920 f   wmi.obj
 0001:0001e920       HwScsiWmiSetDataItem       000000014001f920 f   wmi.obj
 0001:0001e930       InitializeWmiInterface     000000014001f930 f   wmi.obj
 0001:0001ea40       ProcessWmi                 000000014001fa40 f   wmi.obj
 0001:0001ead0       __security_check_cookie    000000014001fad0 f   BufferOverflowK:amdsecgs.obj
 0001:0001eaf0       __report_gsfailure         000000014001faf0 f   BufferOverflowK:gs_report.obj
 0001:0001eb20       __report_rangecheckfailure 000000014001fb20 f   BufferOverflowK:gs_report.obj
 0001:0001eb30       __report_securityfailure   000000014001fb30 f   BufferOverflowK:gs_report.obj
 0001:0001eb60       __GSHandlerCheck           000000014001fb60 f   ntoskrnl:gshandler.obj
 0001:0001eb80       __GSHandlerCheckCommon     000000014001fb80 f   ntoskrnl:gshandler.obj
 0001:0001ebe0       ExSystemTimeToLocalTime    000000014001fbe0 f   ntoskrnl:ntoskrnl.exe
 0001:0001ebe6       RtlTimeToTimeFields        000000014001fbe6 f   ntoskrnl:ntoskrnl.exe
 0001:0001ebec       KeQueryPerformanceCounter  000000014001fbec f   hal:HAL.dll
 0001:0001ebf4       ScsiPortWmiDispatchFunction 000000014001fbf4 f   scsiwmi:wmilib.obj
 0001:0001ec94       ScsiPortWmiPostProcess     000000014001fc94 f   scsiwmi:wmilib.obj
 0001:0001ecd0       ScsiWmipFindGuid           000000014001fcd0 f   scsiwmi:wmilib.obj
 0001:0001ed30       ScsiWmipPostProcess        000000014001fd30 f   scsiwmi:wmilib.obj
 0001:0001ee80       ScsiWmipProcessRequest     000000014001fe80 f   scsiwmi:wmilib.obj
 0001:0001f300       _guard_dispatch_icall_nop  0000000140020300 f   BufferOverflowK:guard_dispatch.obj
 0001:0001f340       memcpy                     0000000140020340 f   ntoskrnl:memcpy.obj
 0001:0001f340       memmove                    0000000140020340 f   ntoskrnl:memcpy.obj
 0001:0001f680       memset                     0000000140020680 f   ntoskrnl:memset.obj
 0001:0001f770       ??_C@_0CJ@KAGJNHLI@OMR?5value?5in?5Check?5Adapter?5Heal@FNODOBFM@ 0000000140020770     rxdevice.obj
 0001:0001f7a0       ??_C@_0DE@IHDJGLJF@This?5should?5not?5happen?4?5We?5only@FNODOBFM@ 00000001400207a0     rxdevice.obj
 0001:0001f7e0       ??_C@_0CP@PEAJGKJE@?$CK?5NonMSIXInterruptHandle?3?5pFibC@FNODOBFM@ 00000001400207e0     rxdevice.obj
 0001:0001f810       ??_C@_0EM@CCDNION@?$CK?5Start?5a?5timer?5to?5update?5conta@FNODOBFM@ 0000000140020810     rxdevice.obj
 0001:0001f860       ??_C@_0DL@ELHJEKAJ@?$CK?57?124?3?5pFibContext?$DNNULL?5?$CB?$CBline@FNODOBFM@ 0000000140020860     rxdevice.obj
 0001:0001f8a0       ??_C@_0DA@IEDLNFHE@?$CK?55?124?3?5?9VectorIndex?9?5?$CB?$CBline?5?$CFd@FNODOBFM@ 00000001400208a0     rxdevice.obj
 0001:0001f8d0       ??_C@_0CN@FKDOCGDJ@?$CK?55?124?3?5OutStanding?5IO?5?$CB?$CBline?5?$CF@FNODOBFM@ 00000001400208d0     rxdevice.obj
 0001:0001f900       ??_C@_0CD@PAEIGALF@?$CK?57?124?3?5?$CB?$CBline?5?$CFd?5?$CIhandle?5?9?51?$CJ?5@FNODOBFM@ 0000000140020900     rxdevice.obj
 0001:0001f930       ??_C@_0ED@DAJFCMJP@?$CK?5Start?5a?5timer?5to?5update?5Conta@FNODOBFM@ 0000000140020930     rxdevice.obj
 0001:0001f980       ??_C@_0DK@JKKKPJCO@Dumping?5Normal?5Fib?5handles?0?5?5pD@FNODOBFM@ 0000000140020980     rxdevice.obj
 0001:0001f9c0       ??_C@_0DG@FEIEMBNE@?$CFd?3?5?$CFd?5?$CFd?5?$CFd?5?$CFd?5?$CFd?5?$CFd?5?$CFd?5?$CFd?5?$CFd?5@FNODOBFM@ 00000001400209c0     rxdevice.obj
 0001:0001fa00       ??_C@_0GP@CPJOGFCD@Dumping?5Free?5handle?5list?0?5?5pDev@FNODOBFM@ 0000000140020a00     rxdevice.obj
 0001:0001fa70       ??_C@_0DN@IDNOKJK@ZP?5Dumping?5Normal?5Fib?5handles?0?5@FNODOBFM@ 0000000140020a70     rxdevice.obj
 0001:0001fab0       ??_C@_0DJ@BENIEDOK@ZP?5?$CFd?3?5?$CFd?5?$CFd?5?$CFd?5?$CFd?5?$CFd?5?$CFd?5?$CFd?5?$CFd?5@FNODOBFM@ 0000000140020ab0     rxdevice.obj
 0001:0001faf0       ??_C@_0HC@OLAIGIPB@ZP?5Dumping?5Free?5handle?5list?0?5?5p@FNODOBFM@ 0000000140020af0     rxdevice.obj
 0001:0001fb70       ??_C@_0CG@KADALDIK@?$CK?5?$CFd?5call?5of?5CheckForDupHandles@FNODOBFM@ 0000000140020b70     rxdevice.obj
 0001:0001fba0       ??_C@_0EK@CPNBBJGG@?$CK?5duplicated?5handle?5found?5?$CFd?4?5?$CF@FNODOBFM@ 0000000140020ba0     rxdevice.obj
 0001:0001fbf0       ??_C@_0BP@BKKLPPMO@pFibContext?$DNNULL?5?$CB?$CB?5Handle?5?$CFd?6@FNODOBFM@ 0000000140020bf0     rxdevice.obj
 0001:0001fc10       ??_C@_0EI@DKKBIMEF@?$CK?5Start?5a?5timer?5to?5update?5conta@FNODOBFM@ 0000000140020c10     rxdevice.obj
 0001:0001fc60       ??_C@_0FE@JLKFMCPA@?$CK?5PMCPushMessageUnitQueueFib?3?5C@FNODOBFM@ 0000000140020c60     rxdevice.obj
 0001:0001fcc0       ??_C@_0FE@JICOMBJP@?$CK?5PMCPushMessageUnitQueueFib?3?5C@FNODOBFM@ 0000000140020cc0     rxdevice.obj
 0001:0001fd20       ??_C@_0HN@JEPKAECC@?$CK?5RxSendSynchCommand?3?5Thor?5AIF?5@FNODOBFM@ 0000000140020d20     rxdevice.obj
 0001:0001fda0       ??_C@_0EC@LAPIEKPJ@?$CK?5RxSendSynchCommand?3?5mailbox?$FL0@FNODOBFM@ 0000000140020da0     rxdevice.obj
 0001:0001fdf0       ??_C@_0DJ@GJNDHOED@?$CK?5RxSendSynchCommand?3?5mailbox?$FL0@FNODOBFM@ 0000000140020df0     rxdevice.obj
 0001:0001fe30       ??_C@_0HK@NJDHDGMI@?$CK?5RxSendSynchCommand?3?5There?5is?5@FNODOBFM@ 0000000140020e30     rxdevice.obj
 0001:0001feb0       ??_C@_0HB@PLCHFMAA@?$CK?5RxSendSynchCommand?3?5synch?5cmd@FNODOBFM@ 0000000140020eb0     rxdevice.obj
 0001:0001ff30       ??_C@_0FD@ECFFGBJE@?5RxSendSynchCommand?3?5FW?5doing?5I@FNODOBFM@ 0000000140020f30     rxdevice.obj
 0001:0001ff90       ??_C@_0FE@DOFCONDK@?$CK?5RxSendSynchCommand?3?5wait?5for?5@FNODOBFM@ 0000000140020f90     rxdevice.obj
 0001:0001fff0       ??_C@_0GF@LFEFAJKJ@?5RxSendSynchCommand?5?$CIcrash?5dump@FNODOBFM@ 0000000140020ff0     rxdevice.obj
 0001:00020060       ??_C@_0GF@CDCMENMG@?$CK?5RxSendSynchCommand?5?$CIcrash?5dum@FNODOBFM@ 0000000140021060     rxdevice.obj
 0001:000200d0       ??_C@_0EL@HOIBIGPI@?$CK?5RxSendSynchCommand?3?5Got?5respo@FNODOBFM@ 00000001400210d0     rxdevice.obj
 0001:00020120       ??_C@_0EJ@DGPABBLG@?$CK?5RxSendSynchCommand?3?5Should?5NO@FNODOBFM@ 0000000140021120     rxdevice.obj
 0001:00020170       ??_C@_0FA@HKIBFKMH@?$CK?5RxSendSynchCommand?3?5Still?5NO?5@FNODOBFM@ 0000000140021170     rxdevice.obj
 0001:000201c0       ??_C@_0KI@HMCHOJIN@?5RxSendSynchCommand?$FLMSIX?5mode?$FN?5@FNODOBFM@ 00000001400211c0     rxdevice.obj
 0001:00020270       ??_C@_0JP@JKCHEOCJ@?5RxSendSynchCommand?$FLMSIX?5mode?$FN?3@FNODOBFM@ 0000000140021270     rxdevice.obj
 0001:00020310       ??_C@_0CN@BCCBJMEA@?5RxSendSynchCommand?5Failed?5?$CFd?0w@FNODOBFM@ 0000000140021310     rxdevice.obj
 0001:00020340       ??_C@_0DB@JEAHJGPL@?$CK?5pDeviceExtension?9?$DOMaxMSIXVect@FNODOBFM@ 0000000140021340     rxdevice.obj
 0001:00020380       ??_C@_0CB@JPABDNKH@?$CK?5Begins?5StatusBatching?0?5Yeaaa?$CB@FNODOBFM@ 0000000140021380     rxdevice.obj
 0001:000203b0       ??_C@_0CF@BPKEMKA@?$CK?5ACI2?5Command?5Delivery?5is?5enab@FNODOBFM@ 00000001400213b0     rxdevice.obj
 0001:000203e0       ??_C@_1DK@JBHFOPMP@?$AAA?$AAd?$AAa?$AAp?$AAt?$AAe?$AAr?$AA?5?$AAC?$AAo?$AAn?$AAf?$AAi?$AAg?$AAu@FNODOBFM@ 00000001400213e0     rxdevice.obj
 0001:00020420       ??_C@_04HIBGFPH@NULL@FNODOBFM@ 0000000140021420     arcdebug.obj
 0001:00020430       ??_C@_02DKCKIIND@?$CFs@FNODOBFM@ 0000000140021430     arcdebug.obj
 0001:00020440       ??_C@_06NBLAGFFP@Archba@FNODOBFM@ 0000000140021440     arcdebug.obj
 0001:00020450       ??_C@_0BC@JKBDDNDF@DelayNotification@FNODOBFM@ 0000000140021450     timer.obj
 0001:00020470       ??_C@_0CK@BKKGBKDP@?$CK?5Scan?5Notification?5sent?5in?5?$CFs?5@FNODOBFM@ 0000000140021470     timer.obj
 0001:000204a0       ??_C@_0GB@FAGGLJPH@?$CK?5First?58?5HBA?5devices?3?5?$CI0x?$CFx?0?$CFd@FNODOBFM@ 00000001400214a0     timer.obj
 0001:00020510       ??_C@_0FN@EKAEFPGA@?$CK?5HBA?5mapping?5table?5updated?0?5ti@FNODOBFM@ 0000000140021510     timer.obj
 0001:00020570       ??_C@_0GF@PMGNJLIM@?$CK?5Start?5a?5timer?5to?5update?5Conta@FNODOBFM@ 0000000140021570     timer.obj
 0001:000205e0       ??_C@_0CK@JLKEFPAM@entering?5CheckingFWAfterPowerSt@FNODOBFM@ 00000001400215e0     timer.obj
 0001:00020610       ??_C@_0GN@GHJFFNOA@?$CK?5set?5timer?5AGAIN?5in?5CheckingFW@FNODOBFM@ 0000000140021610     timer.obj
 0001:00020680       ??_C@_0FK@MIIMDOAD@?$CK?5set?5timer?5AGAIN?5in?5CheckingFW@FNODOBFM@ 0000000140021680     timer.obj
 0001:000206e0       ??_C@_0GB@EDFGCDFC@?$CK?5set?5timer?5AGAIN?5in?5CheckingFW@FNODOBFM@ 00000001400216e0     timer.obj
 0001:00020750       ??_C@_0N@BOCOJDCO@7?45?40?459002?$AA@FNODOBFM@ 0000000140021750     timer.obj
 0001:00020760       ??_C@_0DO@GCDGNMH@?$CK?5FW?5is?5back?5from?5S3?1S4?4?5StorPo@FNODOBFM@ 0000000140021760     timer.obj
 0001:000207a0       ??_C@_0DM@JABFAEPO@?$CK?5?9?5Reset?5AIFSrb?5to?5NULL?5when?5b@FNODOBFM@ 00000001400217a0     timer.obj
 0001:000207e0       ??_C@_0DN@ELHOMNDM@?$CK?5leaving?5CheckingFWAfterPowerS@FNODOBFM@ 00000001400217e0     timer.obj
 0001:00020820       ??_C@_0DO@OBELKDEH@?$CK?5set?5timer?5AGAIN?5to?5check?5the?5@FNODOBFM@ 0000000140021820     timer.obj
 0001:00020860       ??_C@_0CI@JPJEKICG@DPC?9Timeout?5may?5happen?5in?5Reset@FNODOBFM@ 0000000140021860     timer.obj
 0001:00020890       ??_C@_0DH@JNGKJDAE@One?5kidnapped?5FIB?5released?$CB?5FIB@FNODOBFM@ 0000000140021890     timer.obj
 0001:000208d0       ??_C@_0EJ@PCDGPKJP@?$CK?5Driver?5was?5not?5able?5to?5send?5?$CF@FNODOBFM@ 00000001400218d0     timer.obj
 0001:00020920       ??_C@_0DM@PNDEAHOI@?$CK?5Send?5BusChangeDetected?5to?5OS?5@FNODOBFM@ 0000000140021920     timer.obj
 0001:00020960       ??_C@_0EH@FCLGCKBJ@?$CK?5Start?5a?5timer?5to?5update?5HBA?5d@FNODOBFM@ 0000000140021960     timer.obj
 0001:000209b0       ??_C@_0GE@IFJDDHGE@?$CK?5Start?5a?5timer?5to?5update?5Conta@FNODOBFM@ 00000001400219b0     timer.obj
 0001:00020a20       ??_C@_0DC@ODEFHEA@?$CK?5ConfigureContainersTimer?3?5Con@FNODOBFM@ 0000000140021a20     timer.obj
 0001:00020a60       ??_C@_0DL@DODBJONE@?$CK?5SynchCommandCompletionTimer?3?5@FNODOBFM@ 0000000140021a60     timer.obj
 0001:00020aa0       ??_C@_0EO@CBNEAKKI@?$CK?5VMCloseAllCompletionTimer?3?5se@FNODOBFM@ 0000000140021aa0     timer.obj
 0001:00020af0       ??_C@_0FI@MJCPBEAD@?$CK?5VMCloseAllCompletionTimer?3?5wa@FNODOBFM@ 0000000140021af0     timer.obj
 0001:00020b50       ??_C@_0DO@ELMMCKMD@?$CK?5VMCloseAllCompletionTimer?3?5SR@FNODOBFM@ 0000000140021b50     timer.obj
 0001:00020b90       ??_C@_0EH@BGEEAOIJ@?$CK?5VMCloseAllCompletionTimer?3?5Sh@FNODOBFM@ 0000000140021b90     timer.obj
 0001:00020be0       ??_C@_0EF@HLMPMNBN@?$CK?5VMCloseAllCompletionTimer?3?5Sy@FNODOBFM@ 0000000140021be0     timer.obj
 0001:00020c30       ??_C@_0DH@IBACIAED@?$CK?5SynchFibCompletionTimer?3?5Sync@FNODOBFM@ 0000000140021c30     timer.obj
 0001:00020c70       ??_C@_0DP@OKLOLMOG@?5IBW_SWR?5register?5value?50?0?5rese@FNODOBFM@ 0000000140021c70     timer.obj
 0001:00020cb0       ??_C@_0CK@IHFMNBPG@?$CK?5IOP?5Reset?5TSR?3?5State?5Machine?5@FNODOBFM@ 0000000140021cb0     timer.obj
 0001:00020ce0       ??_C@_0DH@KAAGAFOD@?$CK?5leaving?5Reset_IOP_CompletionT@FNODOBFM@ 0000000140021ce0     timer.obj
 0001:00020d20       ??_C@_0CD@MKPFBJDC@leaving?5Reset_IOP_CompletionTim@FNODOBFM@ 0000000140021d20     timer.obj
 0001:00020d50       ??_C@_0DL@DOEFCINE@?$CK?5HW?5SOFT?5RESET?5done?4?5StorPort?5@FNODOBFM@ 0000000140021d50     timer.obj
 0001:00020d90       ??_C@_0EA@DAIPACKH@?$CK?5RESET?5IOP?5done?5?$CFd?5times?4?5Stor@FNODOBFM@ 0000000140021d90     timer.obj
 0001:00020dd0       ??_C@_0CJ@HBOEHNNB@Kernel?5Panic?5BlinkLed?5Code?5?$CFx?0?5@FNODOBFM@ 0000000140021dd0     timer.obj
 0001:00020e00       ??_C@_0CK@CJGFOJPA@IOP_HWSOFT_RESET?3?5FW?5status?5?$CFx?0@FNODOBFM@ 0000000140021e00     timer.obj
 0001:00020e30       ??_C@_0BP@HJBLFCEF@?$CK?5PCIE?5reset?5issued?0?5line?5?$CD?$CFd?6@FNODOBFM@ 0000000140021e30     timer.obj
 0001:00020e50       ??_C@_0DE@KOMJIKJE@?$CK?5set?5timer?5AGAIN?5to?5check?5the?5@FNODOBFM@ 0000000140021e50     timer.obj
 0001:00020e90       ??_C@_0EF@BBNOBECH@?$CK?5set?5timer?5AGAIN?5to?5check?5the?5@FNODOBFM@ 0000000140021e90     timer.obj
 0001:00020ee0       ??_C@_0EC@MICIKMJM@?$CK?5set?5timer?5AGAIN?5to?5check?5the?5@FNODOBFM@ 0000000140021ee0     timer.obj
 0001:00020f30       ??_C@_0DI@CMFOGNCK@?$CK?5RequestAif?3?5do?5not?5handle?5AIF@FNODOBFM@ 0000000140021f30     timer.obj
 0001:00020f70       ??_C@_0CL@MJMGCLDD@entering?5AllocateConsumerProduc@FNODOBFM@ 0000000140021f70     arcinit.obj
 0001:00020fa0       ??_C@_0DK@IJIOFPFH@leaving?5AllocateConsumerProduce@FNODOBFM@ 0000000140021fa0     arcinit.obj
 0001:00020fe0       ??_C@_0CI@FFOEPFMJ@?$CK?5ConsumerProducerCommArea?0?5VAd@FNODOBFM@ 0000000140021fe0     arcinit.obj
 0001:00021010       ??_C@_0CN@MBHLABKL@?$CK?5Adapter?5got?5an?5invalid?5host?5m@FNODOBFM@ 0000000140022010     arcinit.obj
 0001:00021040       ??_C@_0DJ@JGKEIEFI@leaving?5AllocateConsumerProduce@FNODOBFM@ 0000000140022040     arcinit.obj
 0001:00021080       ??_C@_0CL@KCDMGIOM@entering?5AllocateMessageUnitQue@FNODOBFM@ 0000000140022080     arcinit.obj
 0001:000210b0       ??_C@_0FP@JFBPKCDF@?$CK?5AllocateMessageUnitQueueCommA@FNODOBFM@ 00000001400220b0     arcinit.obj
 0001:00021110       ??_C@_0DM@JMMHKBOC@?$CK?5AllocateMessageUnitQueueCommA@FNODOBFM@ 0000000140022110     arcinit.obj
 0001:00021150       ??_C@_0DK@BKFHOPDI@leaving?5AllocateMessageUnitQueu@FNODOBFM@ 0000000140022150     arcinit.obj
 0001:00021190       ??_C@_0DA@ICFHAOHF@?$CK?5AllocateMessageUnitQueueCommA@FNODOBFM@ 0000000140022190     arcinit.obj
 0001:000211c0       ??_C@_0FB@FDJPGKAF@?$CK?5StorPortAllocateContiguousMem@FNODOBFM@ 00000001400221c0     arcinit.obj
 0001:00021220       ??_C@_0FB@MMEFOJJL@?$CK?5StorPortAllocateContiguousMem@FNODOBFM@ 0000000140022220     arcinit.obj
 0001:00021280       ??_C@_0BJ@OICKMJHC@?$CK?5pBuf1?$DN0x?$CFp?0pBuf2?$DN0x?$CFp?6@FNODOBFM@ 0000000140022280     arcinit.obj
 0001:000212a0       ??_C@_0BO@DPONBFMO@?$CK?5MemoryPhysicalAddress?$DN0x?$CFp?6@FNODOBFM@ 00000001400222a0     arcinit.obj
 0001:000212c0       ??_C@_0EL@ELLGMDMB@?$CK?5Allocate?5big?5IOCTL?5buffer?5suc@FNODOBFM@ 00000001400222c0     arcinit.obj
 0001:00021310       ??_C@_0DJ@EGOLHGNF@leaving?5AllocateMessageUnitQueu@FNODOBFM@ 0000000140022310     arcinit.obj
 0001:00021350       ??_C@_0CF@DNFJFJLG@entering?5ConfigureContainersRun@FNODOBFM@ 0000000140022350     arcinit.obj
 0001:00021380       ??_C@_0EJ@GFICDCBB@?$CK?5ConfigureContainersRuntime?3?5R@FNODOBFM@ 0000000140022380     arcinit.obj
 0001:000213d0       ??_C@_0EF@KJEEMCEN@?$CK?5ConfigureContainersRuntime?3?5G@FNODOBFM@ 00000001400223d0     arcinit.obj
 0001:00021420       ??_C@_0EF@JADMGPAN@?$CK?5ConfigureContainersRuntime?3?5G@FNODOBFM@ 0000000140022420     arcinit.obj
 0001:00021470       ??_C@_0EM@NKPEDKJ@?$CK?5ConfigureContainersRuntime?3?5n@FNODOBFM@ 0000000140022470     arcinit.obj
 0001:000214c0       ??_C@_0EF@ECHMIPBP@?$CK?5Found?5a?5new?5container?5?9?5tid?3?5@FNODOBFM@ 00000001400224c0     arcinit.obj
 0001:00021510       ??_C@_0DK@FCJKMAGD@ConfigureContainersRuntime?3?5UID@FNODOBFM@ 0000000140022510     arcinit.obj
 0001:00021550       ??_C@_0DK@PHPDGAOG@?$CK?5ConfigureContainersRuntime?3?5d@FNODOBFM@ 0000000140022550     arcinit.obj
 0001:00021590       ??_C@_0GG@BFFFADFC@?$CK?5ConfigureContainersRuntime?3?5F@FNODOBFM@ 0000000140022590     arcinit.obj
 0001:00021600       ??_C@_0EA@JBBLNOGE@?$CK?5ConfigureContainersRuntime?3?5R@FNODOBFM@ 0000000140022600     arcinit.obj
 0001:00021640       ??_C@_0FJ@MOJFHLFO@?$CK?5ConfigureContainersRuntime?3?5D@FNODOBFM@ 0000000140022640     arcinit.obj
 0001:000216a0       ??_C@_0CO@FOBCLEMJ@?$CK?5ConfigureContainersRuntime?3?5d@FNODOBFM@ 00000001400226a0     arcinit.obj
 0001:000216d0       ??_C@_0DO@KMBICFHC@?$CK?5ConfigureContainersRuntime?3?5S@FNODOBFM@ 00000001400226d0     arcinit.obj
 0001:00021710       ??_C@_0DB@JMFIFBDA@leaving?5ConfigureContainersRunt@FNODOBFM@ 0000000140022710     arcinit.obj
 0001:00021750       ??_C@_0CC@KOGKIGDL@entering?5CheckForVersionMisMatc@FNODOBFM@ 0000000140022750     arcinit.obj
 0001:00021780       ??_C@_0CB@BOFDNAKM@This?5is?5a?5code?5stream?5identifie@FNODOBFM@ 0000000140022780     arcinit.obj
 0001:000217b0       ??_C@_1CE@PCDJGPON@?$AAB?$AAa?$AAd?$AA?5?$AAV?$AAe?$AAr?$AAs?$AAi?$AAo?$AAn?$AA?5?$AAM?$AAa?$AAt@FNODOBFM@ 00000001400227b0     arcinit.obj
 0001:000217e0       ??_C@_0DF@MNNMPGOO@?$CK?5Version?5Mismatch?3?5Bios?3?$CFd?0?5Fi@FNODOBFM@ 00000001400227e0     arcinit.obj
 0001:00021820       ??_C@_0EC@DEDLMEPI@leving?5CheckForVersionMisMatch?5@FNODOBFM@ 0000000140022820     arcinit.obj
 0001:00021870       ??_C@_0BN@GKEKJNDP@?$CFs?5Driver?5entry?5rtnval?5?$DN?5?$CFx?6@FNODOBFM@ 0000000140022870     arcinit.obj
 0001:00021890       ??_C@_0DD@FIIKPLIC@?$CFs?3?5Driver?5FindAdapter?5?9?5invali@FNODOBFM@ 0000000140022890     arcinit.obj
 0001:000218d0       ??_C@_0M@NCHBOPE@kernalprint@FNODOBFM@ 00000001400228d0     arcinit.obj
 0001:000218e0       ??_C@_0BE@IDLOJBGB@?$CK?5KERNAL?5PRINT?5?$DN?51?6@FNODOBFM@ 00000001400228e0     arcinit.obj
 0001:00021900       ??_C@_0BG@INJAEJHE@entering?5FindAdapter?6@FNODOBFM@ 0000000140022900     arcinit.obj
 0001:00021920       ??_C@_0FD@NLKPIIHJ@?$CK?5This?5is?5WS03?5R2?0?5Vista?5or?5Lon@FNODOBFM@ 0000000140022920     arcinit.obj
 0001:00021980       ??_C@_0FF@EIPBDAPC@?$CK?$CK?$CK?$CK?$CK?5Size?5of?5PORT_CONFIGURATIO@FNODOBFM@ 0000000140022980     arcinit.obj
 0001:000219e0       ??_C@_0EF@MDPAOPOH@?$CK?5HwScsiFindAdapter?3?5DeviceExte@FNODOBFM@ 00000001400229e0     arcinit.obj
 0001:00021a30       ??_C@_0CD@BBBDOKPE@?$CK?5Returned?5PCI?5bus?5data?5length?$DN@FNODOBFM@ 0000000140022a30     arcinit.obj
 0001:00021a60       ??_C@_0BB@ELNGMCEN@BreakPointHelper@FNODOBFM@ 0000000140022a60     arcinit.obj
 0001:00021a80       ??_C@_0BN@NMODDHNP@?$CK?53?5seconds?5waiting?5is?5done?6@FNODOBFM@ 0000000140022a80     arcinit.obj
 0001:00021aa0       ??_C@_0DD@OAOECDIB@leaving?5FindAdapter?5?9?5StorPortG@FNODOBFM@ 0000000140022aa0     arcinit.obj
 0001:00021ae0       ??_C@_0DF@ODNFGMFG@?$CK?5leaving?5FindAdapter?5?9?5StorPor@FNODOBFM@ 0000000140022ae0     arcinit.obj
 0001:00021b20       ??_C@_0BN@FJDEMAMC@?$CK?50x40?5PCI?5Bus?5Data?5read?5in?6@FNODOBFM@ 0000000140022b20     arcinit.obj
 0001:00021b40       ??_C@_0BN@INBKDNHG@?$CK?50xFF?5PCI?5Bus?5Data?5read?5in?6@FNODOBFM@ 0000000140022b40     arcinit.obj
 0001:00021b60       ??_C@_0DB@DAIGEFPJ@?$CK?5No?5Support?5on?5Capabilties?5lis@FNODOBFM@ 0000000140022b60     arcinit.obj
 0001:00021ba0       ??_C@_0BM@KCLFMKNE@?$CK?5Capability_offset?5?$DN?50x?$CFx?5@FNODOBFM@ 0000000140022ba0     arcinit.obj
 0001:00021bc0       ??_C@_0BJ@KNABCMMM@?5?9?9?$DOcapabilty_id?5?$DN?50x?$CFx?6@FNODOBFM@ 0000000140022bc0     arcinit.obj
 0001:00021be0       ??_C@_0BK@JIIOJNIO@?$CK?5Message_control?5?$DN?50x?$CFx?6@FNODOBFM@ 0000000140022be0     arcinit.obj
 0001:00021c00       ??_C@_0BF@HNFCBKLM@?$CK?5HW?5supports?5MSI?9X?6@FNODOBFM@ 0000000140022c00     arcinit.obj
 0001:00021c20       ??_C@_0L@BLEMHNKF@archbamode@FNODOBFM@ 0000000140022c20     arcinit.obj
 0001:00021c30       ??_C@_0BM@OFPMAGCK@?$CK?5ARC?5HBA?5MODE?5setting?3?5?$CFd?6@FNODOBFM@ 0000000140022c30     arcinit.obj
 0001:00021c50       ??_C@_07IICIIOGL@fibdump@FNODOBFM@ 0000000140022c50     arcinit.obj
 0001:00021c60       ??_C@_0BI@NEHBJBBP@?$CK?5FIB?5DUMP?5setting?3?5?$CFd?6@FNODOBFM@ 0000000140022c60     arcinit.obj
 0001:00021c80       ??_C@_09LEIBFFMJ@forceintx@FNODOBFM@ 0000000140022c80     arcinit.obj
 0001:00021c90       ??_C@_0N@FCLAIEBP@forcepolling@FNODOBFM@ 0000000140022c90     arcinit.obj
 0001:00021ca0       ??_C@_0DI@MNEPEDIK@?$CK?5StorPortGetActiveGroupCount?5h@FNODOBFM@ 0000000140022ca0     arcinit.obj
 0001:00021ce0       ??_C@_0ED@JJDFFHPI@?$CK?5StorPortGetActiveGroupCount?5r@FNODOBFM@ 0000000140022ce0     arcinit.obj
 0001:00021d30       ??_C@_0DJ@FDFDEBND@?$CK?5StorPortGetHighestNodeNumber?5@FNODOBFM@ 0000000140022d30     arcinit.obj
 0001:00021d70       ??_C@_0EL@PIGODLHL@?$CK?5StorPortGetHighestNodeNumber?5@FNODOBFM@ 0000000140022d70     arcinit.obj
 0001:00021dc0       ??_C@_0EM@HBPALBEJ@?$CK?5StorPortGetHighestNodeNumber?5@FNODOBFM@ 0000000140022dc0     arcinit.obj
 0001:00021e10       ??_C@_0DF@EDOFIEGL@?$CK?5StorPortGetGroupAffinity?5has?5@FNODOBFM@ 0000000140022e10     arcinit.obj
 0001:00021e50       ??_C@_0HE@CADMEBCK@?$CK?5StorPortGetGroupAffinity?5retu@FNODOBFM@ 0000000140022e50     arcinit.obj
 0001:00021ed0       ??_C@_0EI@OFPHCHHN@?$CK?5StorPortGetGroupAffinity?5retu@FNODOBFM@ 0000000140022ed0     arcinit.obj
 0001:00021f20       ??_C@_0EO@MADFJJKE@?$CK?5StorPortGetGroupAffinity?5retu@FNODOBFM@ 0000000140022f20     arcinit.obj
 0001:00021f70       ??_C@_0P@JECJMKHH@runspecialcode@FNODOBFM@ 0000000140022f70     arcinit.obj
 0001:00021f80       ??_C@_0BI@LHEEIHDL@?$CK?5RUN?5SPECIAL?5CODE?5?$DN?51?6@FNODOBFM@ 0000000140022f80     arcinit.obj
 0001:00021fa0       ??_C@_0BI@LGIGONAM@?$CK?5RUN?5SPECIAL?5CODE?5?$DN?50?6@FNODOBFM@ 0000000140022fa0     arcinit.obj
 0001:00021fc0       ??_C@_0N@DDALOBCN@enablekidnap@FNODOBFM@ 0000000140022fc0     arcinit.obj
 0001:00021fd0       ??_C@_0BE@NKPEGEFN@?$CK?5Catchfib?5enabled?6@FNODOBFM@ 0000000140022fd0     arcinit.obj
 0001:00021ff0       ??_C@_0BI@PLLAPJLO@?$CK?5Catchfib?5not?5enabled?6@FNODOBFM@ 0000000140022ff0     arcinit.obj
 0001:00022010       ??_C@_0M@KNIKEID@kidnapvalve@FNODOBFM@ 0000000140023010     arcinit.obj
 0001:00022020       ??_C@_0BF@CEDJMGLL@?$CK?5KIDNAP?5VALVE?5?$DN?5?$CFd?6@FNODOBFM@ 0000000140023020     arcinit.obj
 0001:00022040       ??_C@_0O@OCGMBHKL@checkinterval@FNODOBFM@ 0000000140023040     arcinit.obj
 0001:00022050       ??_C@_0CM@FEFEBKKC@?$CK?5IOP?5RESET?5COMPLETION?5Check?5In@FNODOBFM@ 0000000140023050     arcinit.obj
 0001:00022080       ??_C@_0N@MOEJGNKK@stallseconds@FNODOBFM@ 0000000140023080     arcinit.obj
 0001:00022090       ??_C@_0BG@DLFLFJEO@?$CK?5STALL?5SECONDS?5?$DN?5?$CFd?6@FNODOBFM@ 0000000140023090     arcinit.obj
 0001:000220b0       ??_C@_0O@BPMKJHCJ@hbaqueuedepth@FNODOBFM@ 00000001400230b0     arcinit.obj
 0001:000220c0       ??_C@_0BI@IIHNBKPK@?$CK?5HBA?5QUEUE?5DEPTH?5?$DN?5?$CFd?6@FNODOBFM@ 00000001400230c0     arcinit.obj
 0001:000220e0       ??_C@_04GGLOKIEE@dump@FNODOBFM@ 00000001400230e0     arcinit.obj
 0001:000220f0       ??_C@_05FDLGEGEK@ntldr@FNODOBFM@ 00000001400230f0     arcinit.obj
 0001:00022100       ??_C@_05PMICOLGA@hiber@FNODOBFM@ 0000000140023100     arcinit.obj
 0001:00022110       ??_C@_0CD@JEMNEMMP@?$CK?$CK?$CK?$CK?5dump?5?$HM?5ntldr?5?$HM?5hiber?5is?5TR@FNODOBFM@ 0000000140023110     arcinit.obj
 0001:00022140       ??_C@_0BK@NELCFLHO@?$CK?5Switching?5to?5INTx?5mode?6@FNODOBFM@ 0000000140023140     arcinit.obj
 0001:00022160       ??_C@_09IPELKJIO@BLEDCheck@FNODOBFM@ 0000000140023160     arcinit.obj
 0001:00022170       ??_C@_0L@NIPCGJOG@DPCAllowed@FNODOBFM@ 0000000140023170     arcinit.obj
 0001:00022180       ??_C@_09CHINNNMJ@CSMI?$DNNone@FNODOBFM@ 0000000140023180     arcinit.obj
 0001:00022190       ??_C@_0BA@BKKNJKOP@CSMI?$DNRestricted@FNODOBFM@ 0000000140023190     arcinit.obj
 0001:000221a0       ??_C@_09PKBPEONE@CSMI?$DNFull@FNODOBFM@ 00000001400231a0     arcinit.obj
 0001:000221b0       ??_C@_0CJ@JHBMKCEI@leaving?5FindAdapter?5?9?5PCI?5Id?5no@FNODOBFM@ 00000001400231b0     arcinit.obj
 0001:000221e0       ??_C@_0CL@HDBMPJMP@?$CK?5leaving?5FindAdapter?5?9?5PCI?5Id?5@FNODOBFM@ 00000001400231e0     arcinit.obj
 0001:00022210       ??_C@_0CH@LNPKNDMP@Rx?3?5BAR0?5Range?50x?$CFlx?5MappedSize@FNODOBFM@ 0000000140023210     arcinit.obj
 0001:00022240       ??_C@_0DF@OFCBAPFL@leaving?5FindAdapter?5?9?5fail?5mapp@FNODOBFM@ 0000000140023240     arcinit.obj
 0001:00022280       ??_C@_0DH@MNDLADLD@?$CK?5leaving?5FindAdapter?5?9?5fail?5ma@FNODOBFM@ 0000000140023280     arcinit.obj
 0001:000222c0       ??_C@_0DC@NODBFDAD@leaving?5FindAdapter?5?9?5illegal?5F@FNODOBFM@ 00000001400232c0     arcinit.obj
 0001:00022300       ??_C@_0EH@FLDBENFC@?$CK?5leaving?5FindAdapter?5?9?5illegal@FNODOBFM@ 0000000140023300     arcinit.obj
 0001:00022350       ??_C@_0EI@ILGHPFNM@?$CK?5FULL?564?5BIT?5addressing?5suppor@FNODOBFM@ 0000000140023350     arcinit.obj
 0001:000223a0       ??_C@_0CD@NJEIKDOH@?$CK?5New?5outstanding?5number?5chose?3@FNODOBFM@ 00000001400233a0     arcinit.obj
 0001:000223d0       ??_C@_0CD@CCLGIJ@?$CK?5Old?5outstanding?5number?5chose?3@FNODOBFM@ 00000001400233d0     arcinit.obj
 0001:00022400       ??_C@_05JGHMLIKJ@devqd@FNODOBFM@ 0000000140023400     arcinit.obj
 0001:00022410       ??_C@_0O@EPNNFPIH@?$CK?5DEV?5QD?3?5?$CFd?6@FNODOBFM@ 0000000140023410     arcinit.obj
 0001:00022420       ??_C@_0N@OEGLNJCG@ioctlbufsize@FNODOBFM@ 0000000140023420     arcinit.obj
 0001:00022430       ??_C@_0CI@LFOBEGIG@?$CK?5This?5is?564?9bit?5Vista?5or?5Longh@FNODOBFM@ 0000000140023430     arcinit.obj
 0001:00022460       ??_C@_0DB@NLEKMFMO@?$CK?5This?5is?532?9bit?5WS03?5R2?0?5Vista@FNODOBFM@ 0000000140023460     arcinit.obj
 0001:000224a0       ??_C@_0CA@DJAEOOFI@?$CK?5This?5is?564?9bit?5WS03?5SP1?5?4?4?4?5?6@FNODOBFM@ 00000001400234a0     arcinit.obj
 0001:000224c0       ??_C@_0CA@IELABMFO@?$CK?5This?5is?532?9bit?5WS03?5SP1?5?4?4?4?5?6@FNODOBFM@ 00000001400234c0     arcinit.obj
 0001:000224e0       ??_C@_0CA@MNGBKCLD@?$CK?5This?5is?532?9bit?5WS03?5RTM?5?4?4?4?5?6@FNODOBFM@ 00000001400234e0     arcinit.obj
 0001:00022500       ??_C@_0BL@FPDNGGII@?$CK?5Adapter?5is?5in?5poll?5mode?6@FNODOBFM@ 0000000140023500     arcinit.obj
 0001:00022520       ??_C@_0CO@NGAJFGIM@?$CK?5pDeviceExtension?9?$DONewCommInte@FNODOBFM@ 0000000140023520     arcinit.obj
 0001:00022550       ??_C@_0CE@MCFGELJ@?$CK?5pDeviceExtension?9?$DOVendorId?3?50@FNODOBFM@ 0000000140023550     arcinit.obj
 0001:00022580       ??_C@_0CE@PNKCKBKJ@?$CK?5pDeviceExtension?9?$DODeviceId?3?50@FNODOBFM@ 0000000140023580     arcinit.obj
 0001:000225b0       ??_C@_0CH@NNKEKBEL@?$CK?5pDeviceExtension?9?$DOSubVendorId@FNODOBFM@ 00000001400235b0     arcinit.obj
 0001:000225e0       ??_C@_0CH@BEBMHIHH@?$CK?5pDeviceExtension?9?$DOSubSystemId@FNODOBFM@ 00000001400235e0     arcinit.obj
 0001:00022610       ??_C@_0CB@ELGCJIGA@?$CK?5Uncached?5Memory?5address?3?50x?$CFp@FNODOBFM@ 0000000140023610     arcinit.obj
 0001:00022640       ??_C@_0CH@CKCEEBMD@?$CK?5Uncached?5Memory?5allocated?3?50x@FNODOBFM@ 0000000140023640     arcinit.obj
 0001:00022670       ??_C@_0DK@INJPNBCP@?$CK?5MailBox?51?3?$CFx?0?5MailBox?52?3?$CFx?0?5M@FNODOBFM@ 0000000140023670     arcinit.obj
 0001:000226b0       ??_C@_0DB@DBAPOAM@?$CK?5pDeviceExtension?9?$DOMaxOutstand@FNODOBFM@ 00000001400236b0     arcinit.obj
 0001:000226f0       ??_C@_0DF@CKKIGFIG@?$CK?5pDeviceExtension?9?$DOMaxMSIXVect@FNODOBFM@ 00000001400236f0     arcinit.obj
 0001:00022730       ??_C@_0M@EHMNKBMA@forcev8tov7@FNODOBFM@ 0000000140023730     arcinit.obj
 0001:00022740       ??_C@_0CA@HGCPDEFI@?$CK?5SupportV8InitStruct?5Flag?3?5?$CFd?6@FNODOBFM@ 0000000140023740     arcinit.obj
 0001:00022760       ??_C@_0BA@EOIIECBM@loopbacklatency@FNODOBFM@ 0000000140023760     arcinit.obj
 0001:00022770       ??_C@_0BC@BDCJEMN@?$CK?5FORCE?5INTX?3?5?$CFd?6@FNODOBFM@ 0000000140023770     arcinit.obj
 0001:00022790       ??_C@_0BF@FJIEGFMA@?$CK?5FORCE?5POLLING?3?5?$CFd?6@FNODOBFM@ 0000000140023790     arcinit.obj
 0001:000227b0       ??_C@_0CN@OMCAJNOM@?$CK?5?$DN?$DN?$DN?$DN?$DN?$DN?$DO?5Front?5Vector?5Number?5i@FNODOBFM@ 00000001400237b0     arcinit.obj
 0001:000227e0       ??_C@_0CI@BJJEDHMG@?$CK?5pDeviceExtension?9?$DOVectorCapac@FNODOBFM@ 00000001400237e0     arcinit.obj
 0001:00022810       ??_C@_0DE@JJAKLEJD@?$CK?5pDeviceExtension?9?$DOMSIXIoThrot@FNODOBFM@ 0000000140023810     arcinit.obj
 0001:00022850       ??_C@_0DF@LMKAIIEG@?$CK?5pDeviceExtension?9?$DOMSIXIoThrot@FNODOBFM@ 0000000140023850     arcinit.obj
 0001:00022890       ??_C@_0BK@NKHDFADJ@?$CK?5CPU?5Group?5number?5is?5?$CFd?6@FNODOBFM@ 0000000140023890     arcinit.obj
 0001:000228b0       ??_C@_0BJ@OBKJCBPL@?$CK?5CPU?5Node?5number?5is?5?$CFd?6@FNODOBFM@ 00000001400238b0     arcinit.obj
 0001:000228d0       ??_C@_0BI@KNCDOCH@?$CK?5Node?5per?5Group?5is?5?$CFd?6@FNODOBFM@ 00000001400238d0     arcinit.obj
 0001:000228f0       ??_C@_0BH@FMFCFLGH@?$CK?5Core?5per?5Node?5is?5?$CFd?6@FNODOBFM@ 00000001400238f0     arcinit.obj
 0001:00022910       ??_C@_0CB@HDFPBACC@?$CK?5System?5processor?5number?5is?5?$CFd@FNODOBFM@ 0000000140023910     arcinit.obj
 0001:00022940       ??_C@_0CI@EOOKBOFL@?$CK?5?$DN?$DN?$DN?$DN?$DN?$DN?$DO?5End?5of?5Front?5summary?5@FNODOBFM@ 0000000140023940     arcinit.obj
 0001:00022970       ??_C@_0DE@FBKNPKIG@?$CK?5?$DN?$DN?$DN?$DN?$DN?$DN?$DO?5inside?5finalizing?5vec@FNODOBFM@ 0000000140023970     arcinit.obj
 0001:000229b0       ??_C@_06DCBAGJIF@vecnum@FNODOBFM@ 00000001400239b0     arcinit.obj
 0001:000229c0       ??_C@_0EB@PLAOEAEF@?$CK?5Valid_MSIX_Vectors?5is?5reset?5t@FNODOBFM@ 00000001400239c0     arcinit.obj
 0001:00022a10       ??_C@_0CN@KPEBIFEO@?$CK?5?$DN?$DN?$DN?$DN?$DN?$DN?$DO?5Final?5Vector?5Number?5i@FNODOBFM@ 0000000140023a10     arcinit.obj
 0001:00022a40       ??_C@_0CC@CEGCGDDK@?$CK?5?$DN?$DN?$DN?$DN?$DN?$DN?$DO?5End?5of?5summary?5?$DM?$DN?$DN?$DN?$DN?$DN@FNODOBFM@ 0000000140023a40     arcinit.obj
 0001:00022a70       ??_C@_0EC@KMMHNEKL@?$CK?5ConfigInfo?9?$DOHwMSInterruptRout@FNODOBFM@ 0000000140023a70     arcinit.obj
 0001:00022ac0       ??_C@_0BH@CDLDBOJF@?$CK?5SrbExtensionSize?3?$CFx?6@FNODOBFM@ 0000000140023ac0     arcinit.obj
 0001:00022ae0       ??_C@_0EK@GNODIBNL@?$CK?5MiniARC?5Interface?5?9?5?5CommandS@FNODOBFM@ 0000000140023ae0     arcinit.obj
 0001:00022b30       ??_C@_0EL@HJMLPDNI@?$CK?5New?5Comm?5Interface?5?9?5?5Command@FNODOBFM@ 0000000140023b30     arcinit.obj
 0001:00022b80       ??_C@_0CM@NKHNJDEG@leaving?5FindAdapter?5?9?5fail?5init@FNODOBFM@ 0000000140023b80     arcinit.obj
 0001:00022bb0       ??_C@_0CO@GHEIBKDI@?$CK?5leaving?5FindAdapter?5?9?5fail?5in@FNODOBFM@ 0000000140023bb0     arcinit.obj
 0001:00022be0       ??_C@_1EA@GNKDGDHK@?$AAA?$AAd?$AAa?$AAp?$AAt?$AAe?$AAr?$AA?5?$AAg?$AAo?$AAt?$AA?5?$AAi?$AAn?$AAv@FNODOBFM@ 0000000140023be0     arcinit.obj
 0001:00022c20       ??_C@_1EI@NELDFHEH@?$AAA?$AAd?$AAa?$AAp?$AAt?$AAe?$AAr?$AA?5?$AAd?$AAo?$AAe?$AAs?$AA?5?$AAn?$AAo@FNODOBFM@ 0000000140023c20     arcinit.obj
 0001:00022c70       ??_C@_0DC@BFHJHJOO@?$CK?5fail?5SynFibCT_SET_MINIARC_HOS@FNODOBFM@ 0000000140023c70     arcinit.obj
 0001:00022cb0       ??_C@_0DF@KABMIJBB@?$CK?5RequestSupplementAdapterInfo?0@FNODOBFM@ 0000000140023cb0     arcinit.obj
 0001:00022cf0       ??_C@_0CE@IADADNNA@?$CK?5Use?5MU?5Register?5for?5IOP_Reset@FNODOBFM@ 0000000140023cf0     arcinit.obj
 0001:00022d20       ??_C@_0CJ@LHHNJCHI@?$CK?5Use?5inbound?5doorbell?5for?5IOP_@FNODOBFM@ 0000000140023d20     arcinit.obj
 0001:00022d50       ??_C@_0DI@LGINDMLA@?$CK?5ERROR?3?5FW?5does?5not?5provide?5wh@FNODOBFM@ 0000000140023d50     arcinit.obj
 0001:00022d90       ??_C@_0BP@DJKPJIGJ@?$CK?5Ignore_IOP_Reset?5is?5set?5?4?4?4?6@FNODOBFM@ 0000000140023d90     arcinit.obj
 0001:00022db0       ??_C@_0CK@LEDHDPPJ@?$CK?5Disk?5Power?5Management?5is?5supp@FNODOBFM@ 0000000140023db0     arcinit.obj
 0001:00022de0       ??_C@_0CJ@PJOACPGJ@?$CK?5This?5firmware?5supports?5fast?5J@FNODOBFM@ 0000000140023de0     arcinit.obj
 0001:00022e10       ??_C@_0DB@HEHLEMPI@?$CK?5Controller?5Firmware?5supports?5@FNODOBFM@ 0000000140023e10     arcinit.obj
 0001:00022e50       ??_C@_0CI@CJPAOACI@?$CK?5Controller?5Firmware?5supports?5@FNODOBFM@ 0000000140023e50     arcinit.obj
 0001:00022e80       ??_C@_0BM@LNCHEOOO@?$CK?5Virtual?5B?1T?1L?5?$CI?$CFd?1?$CFd?1?$CFd?$CJ?6@FNODOBFM@ 0000000140023e80     arcinit.obj
 0001:00022ea0       ??_C@_0DA@OBMGONKI@?$CK?5Driver?5got?5SUPPORTED_NATIVE_H@FNODOBFM@ 0000000140023ea0     arcinit.obj
 0001:00022ed0       ??_C@_0DI@GIKAIFLA@?$CK?5Driver?5did?5not?5get?5SUPPORTED_@FNODOBFM@ 0000000140023ed0     arcinit.obj
 0001:00022f10       ??_C@_0BH@LMHJIEKF@?$CK?5ExposeNonDASD?5is?5?$CFx?6@FNODOBFM@ 0000000140023f10     arcinit.obj
 0001:00022f30       ??_C@_0BB@JIKBMNNG@QueueDepthPerLun@FNODOBFM@ 0000000140023f30     arcinit.obj
 0001:00022f50       ??_C@_0N@GDDJMKFE@PauseIOLimit@FNODOBFM@ 0000000140023f50     arcinit.obj
 0001:00022f60       ??_C@_0O@LIIBGGCF@ResumeIOLimit@FNODOBFM@ 0000000140023f60     arcinit.obj
 0001:00022f70       ??_C@_0O@OKMDGJBG@ConvertSGList@FNODOBFM@ 0000000140023f70     arcinit.obj
 0001:00022f80       ??_C@_0BE@IIJOOEPG@QueueStartThreshold@FNODOBFM@ 0000000140023f80     arcinit.obj
 0001:00022fa0       ??_C@_0BD@CEDPKLI@QueueDumpThreshold@FNODOBFM@ 0000000140023fa0     arcinit.obj
 0001:00022fc0       ??_C@_0BA@NLIGFJMK@MaxIoSizeQueued@FNODOBFM@ 0000000140023fc0     arcinit.obj
 0001:00022fd0       ??_C@_0N@MLHJOFDC@QueueAllowed@FNODOBFM@ 0000000140023fd0     arcinit.obj
 0001:00022fe0       ??_C@_0BC@IEBJFOIJ@FlushSizeInBlocks@FNODOBFM@ 0000000140023fe0     arcinit.obj
 0001:00023000       ??_C@_0EA@OJJGPBKL@leaving?5FindAdapter?5?9?5fail?5Hand@FNODOBFM@ 0000000140024000     arcinit.obj
 0001:00023040       ??_C@_0EC@HNCBOCML@?$CK?5leaving?5FindAdapter?5?9?5fail?5Ha@FNODOBFM@ 0000000140024040     arcinit.obj
 0001:00023090       ??_C@_09NBOIBGGK@EnableWMI@FNODOBFM@ 0000000140024090     arcinit.obj
 0001:000230a0       ??_C@_0DH@OIMAJCMK@?$CK?5?9?5Driver?5version?5?$CFs?0?5adapter?5@FNODOBFM@ 00000001400240a0     arcinit.obj
 0001:000230e0       ??_C@_0DF@NGIHOECA@?$CK?5?9?5Size?5of?5HwDevExt?$DN0x?$CFx?4?5Size@FNODOBFM@ 00000001400240e0     arcinit.obj
 0001:00023120       ??_C@_0IC@BPBMMOAO@?$CK?5?9?5Size?$CISrbExt?$CJ?$DN0x?$CFx?4?5sizeof?$CIF@FNODOBFM@ 0000000140024120     arcinit.obj
 0001:000231b0       ??_C@_0CA@ENCHFGMA@?$CK?5?9?5reported?5Size?$CISrbExt?$CJ?$DN0x?$CFx?6@FNODOBFM@ 00000001400241b0     arcinit.obj
 0001:000231d0       ??_C@_0BG@JAEBOKND@?$CK?5?9?5Done?5FindAdapter?6@FNODOBFM@ 00000001400241d0     arcinit.obj
 0001:000231f0       ??_C@_0FF@LMEIGAGF@?$CK?5?9?5ConfigInfo?9?$DOMaximumTransfer@FNODOBFM@ 00000001400241f0     arcinit.obj
 0001:00023250       ??_C@_0CG@GOHAMHPA@leaving?5FindAdapter?5?9?5adapter?5f@FNODOBFM@ 0000000140024250     arcinit.obj
 0001:00023280       ??_C@_0BN@DGMFEGDN@entering?5GetElapsedSeconds?5?6@FNODOBFM@ 0000000140024280     arcinit.obj
 0001:000232a0       ??_C@_0DD@GOLHMOHG@leaving?5GetElapsedSeconds?5?9?5sec@FNODOBFM@ 00000001400242a0     arcinit.obj
 0001:000232e0       ??_C@_0CJ@KCPJKGH@entering?5IsAdapterReadyForConfi@FNODOBFM@ 00000001400242e0     arcinit.obj
 0001:00023310       ??_C@_0DB@PNDBFHEI@IsAdapterReadyForConfigCommand?3@FNODOBFM@ 0000000140024310     arcinit.obj
 0001:00023350       ??_C@_0CH@PFKKGKLP@IsAdapterReadyForConfigCommand?3@FNODOBFM@ 0000000140024350     arcinit.obj
 0001:00023380       ??_C@_0DJ@FMKIDFML@?$CK?5leaving?5IsAdapterReadyForConf@FNODOBFM@ 0000000140024380     arcinit.obj
 0001:000233c0       ??_C@_0CI@LLJGECEO@leaving?5IsAdapterReadyForConfig@FNODOBFM@ 00000001400243c0     arcinit.obj
 0001:000233f0       ??_C@_0BD@LJONEFCN@entering?5IOPReset?6@FNODOBFM@ 00000001400243f0     arcinit.obj
 0001:00023410       ??_C@_0EN@CPGMGMBD@?$CK?$CK?5Fail?5to?5iopreset?5the?5adapter@FNODOBFM@ 0000000140024410     arcinit.obj
 0001:00023460       ??_C@_0GF@NGDIBMBA@?$CK?5Driver?5has?5been?5waiting?55?5sec@FNODOBFM@ 0000000140024460     arcinit.obj
 0001:000234d0       ??_C@_1CG@OOCCJMGE@?$AAI?$AAO?$AAP?$AA?5?$AAR?$AAE?$AAS?$AAE?$AAT?$AA?5?$AAd?$AAi?$AAs?$AAa?$AAb@FNODOBFM@ 00000001400244d0     arcinit.obj
 0001:00023500       ??_C@_1CC@HLNFBNCO@?$AAI?$AAO?$AAP?$AA?5?$AAR?$AAE?$AAS?$AAE?$AAT?$AA?5?$AAf?$AAa?$AAi?$AAl?$AAe@FNODOBFM@ 0000000140024500     arcinit.obj
 0001:00023530       ??_C@_0DE@GCJLBNBN@?$CK?$CK?5Fail?5to?5iopreset?5the?5adapter@FNODOBFM@ 0000000140024530     arcinit.obj
 0001:00023570       ??_C@_0BI@DKKBLGKC@?$CK?$CK?5IOPReset?5succeeded?4?6@FNODOBFM@ 0000000140024570     arcinit.obj
 0001:00023590       ??_C@_0DG@MCABGJKN@Driver?5should?5not?5work?5under?5MS@FNODOBFM@ 0000000140024590     arcinit.obj
 0001:000235d0       ??_C@_0DE@DDNIODIO@?$CK?5Set?5pInitStruct?9?$DONoOfMsiVecto@FNODOBFM@ 00000001400245d0     arcinit.obj
 0001:00023610       ??_C@_0BC@JKJGEENA@leaving?5IOPReset?6@FNODOBFM@ 0000000140024610     arcinit.obj
 0001:00023630       ??_C@_0HE@MJKNAGNA@?$CK?$CK?5Fib2?5sent?560?5seconds?5ago?3?5B?1@FNODOBFM@ 0000000140024630     arcinit.obj
 0001:000236b0       ??_C@_0HE@MLFEGAEP@?$CK?$CK?5Fib1?5sent?560?5seconds?5ago?3?5B?1@FNODOBFM@ 00000001400246b0     arcinit.obj
 0001:00023730       ??_C@_0EB@NJFNJFPK@?$CK?$CK?5Driver?5internal?5AIF?5FIB?5has?5@FNODOBFM@ 0000000140024730     arcinit.obj
 0001:00023780       ??_C@_0EN@EHHFOLPM@?$CK?$CK?5returned?5?$CFd?5SRB?5to?5OS?5at?5Ret@FNODOBFM@ 0000000140024780     arcinit.obj
 0001:000237d0       ??_C@_0EB@JKABANOB@?$CK?$CK?5Returned?5?$CFd?5SRB?5to?5OS?5at?5Ret@FNODOBFM@ 00000001400247d0     arcinit.obj
 0001:00023820       ??_C@_0BK@OLLEIHIC@?$CK?5Switching?5to?5MSIx?5mode?6@FNODOBFM@ 0000000140024820     arcinit.obj
 0001:00023840       ??_C@_0BA@EAOKKBLN@?$CK?5MSIx?5Enabled?6@FNODOBFM@ 0000000140024840     arcinit.obj
 0001:00023850       ??_C@_0EB@JEEKIEDM@?$CK?5Set?5pInitStruct?9?$DONoOfMsiVecto@FNODOBFM@ 0000000140024850     arcinit.obj
 0001:000238a0       ??_C@_0EA@DFHNCIMC@?$CK?5Set?5pInitStruct?9?$DONoOfMsiVecto@FNODOBFM@ 00000001400248a0     arcinit.obj
 0001:000238e0       ??_C@_0FP@EFJPBKEO@?$CK?5Valid?5Vector?$CI?$CFd?$CJ?0?5msix?5capabi@FNODOBFM@ 00000001400248e0     arcinit.obj
 0001:00023940       ??_C@_0CE@KCFAPPCO@?$CK?5Coalescing?5Disabled?5in?5INTx?5M@FNODOBFM@ 0000000140024940     arcinit.obj
 0001:00023970       ??_C@_0BE@OKKJEBLK@?$CK?5MSIX?5NOT?5Enabled?6@FNODOBFM@ 0000000140024970     arcinit.obj
 0001:00023990       ??_C@_0DJ@NFBMPICJ@?$CK?5Thor?5V8?5INIT?5structure?5sent?5s@FNODOBFM@ 0000000140024990     arcinit.obj
 0001:000239d0       ??_C@_0DK@LLCEGMEJ@?$CK?5NON?9Thor?5INIT?5structure?5sent?5@FNODOBFM@ 00000001400249d0     arcinit.obj
 0001:00023a10       ??_C@_0DE@DCIDKABN@?$CK?5V8?5INIT?5structure?5sent?5succes@FNODOBFM@ 0000000140024a10     arcinit.obj
 0001:00023a50       ??_C@_0DI@LJKDAFIG@?$CK?5NON?9V8?5INIT?5structure?5sent?5su@FNODOBFM@ 0000000140024a50     arcinit.obj
 0001:00023a90       ??_C@_0ED@LLOJEJPI@leaving?5HandleAdapterGetConfig?5@FNODOBFM@ 0000000140024a90     arcinit.obj
 0001:00023ae0       ??_C@_0EF@MHNEOFPB@?$CK?5leaving?5HandleAdapterGetConfi@FNODOBFM@ 0000000140024ae0     arcinit.obj
 0001:00023b30       ??_C@_0DP@PECHNPGJ@leaving?5HandleAdapterGetConfig?5@FNODOBFM@ 0000000140024b30     arcinit.obj
 0001:00023b70       ??_C@_0EB@CHAPDLOA@?$CK?5leaving?5HandleAdapterGetConfi@FNODOBFM@ 0000000140024b70     arcinit.obj
 0001:00023bc0       ??_C@_0EC@JNDOKFCE@leaving?5HandleAdapterCommitConf@FNODOBFM@ 0000000140024bc0     arcinit.obj
 0001:00023c10       ??_C@_0EE@HMHNBLOK@?$CK?5leaving?5HandleAdapterCommitCo@FNODOBFM@ 0000000140024c10     arcinit.obj
 0001:00023c60       ??_C@_0CE@FDDAIENL@entering?5HandleAdapterConfigIss@FNODOBFM@ 0000000140024c60     arcinit.obj
 0001:00023c90       ??_C@_0EG@EOLGKFDM@leaving?5HandleAdapterConfigIssu@FNODOBFM@ 0000000140024c90     arcinit.obj
 0001:00023ce0       ??_C@_0EI@BLLNCBDL@?$CK?5leaving?5HandleAdapterConfigIs@FNODOBFM@ 0000000140024ce0     arcinit.obj
 0001:00023d30       ??_C@_0EC@KFDDDOGD@leaving?5HandleAdapterConfigIssu@FNODOBFM@ 0000000140024d30     arcinit.obj
 0001:00023d80       ??_C@_0EE@EEHAIAKN@?$CK?5leaving?5HandleAdapterConfigIs@FNODOBFM@ 0000000140024d80     arcinit.obj
 0001:00023dd0       ??_C@_0EC@EGKDAAOP@leaving?5HandleAdapterConfigIssu@FNODOBFM@ 0000000140024dd0     arcinit.obj
 0001:00023e20       ??_C@_0EE@KHOALOCB@?$CK?5leaving?5HandleAdapterConfigIs@FNODOBFM@ 0000000140024e20     arcinit.obj
 0001:00023e70       ??_C@_0CD@FIHDJCJC@leaving?5HandleAdapterConfigIssu@FNODOBFM@ 0000000140024e70     arcinit.obj
 0001:00023ea0       ??_C@_0BK@LNIBADPE@?$CK?5Setting?5StatusBatching?6@FNODOBFM@ 0000000140024ea0     arcinit.obj
 0001:00023ec0       ??_C@_0EF@JDALIICL@?$CK?5Firmware?5should?5support?5ACI2?5@FNODOBFM@ 0000000140024ec0     arcinit.obj
 0001:00023f10       ??_C@_0CB@DDHFLEBF@?$CK?5FW?5sets?5KERNEL_UP_AND_RUNNING@FNODOBFM@ 0000000140024f10     arcinit.obj
 0001:00023f40       ??_C@_0CC@HECBNNJJ@?$CK?5FW?5is?5ready?5for?5config?5comman@FNODOBFM@ 0000000140024f40     arcinit.obj
 0001:00023f70       ??_C@_0BJ@GODFBPEB@?$CK?5Get?5config?5from?5FW?5ok?6@FNODOBFM@ 0000000140024f70     arcinit.obj
 0001:00023f90       ??_C@_0BK@PANMBLHC@?$CK?5Commit?5config?5to?5FW?5ok?6@FNODOBFM@ 0000000140024f90     arcinit.obj
 0001:00023fb0       ??_C@_0CA@BDIKNGAL@?$CK?5INIT?5Structure?5sent?5to?5FW?5ok?6@FNODOBFM@ 0000000140024fb0     arcinit.obj
 0001:00023fd0       ??_C@_0EE@GNMBAHCA@?$CK?5Get?5FW?5debug?5buffer?5failed?0?5b@FNODOBFM@ 0000000140024fd0     arcinit.obj
 0001:00024020       ??_C@_0BH@FLOGONBD@?$CK?5?9?5Driver?5version?5?$CFs?6@FNODOBFM@ 0000000140025020     arcinit.obj
 0001:00024040       ??_C@_0DN@NNHBAELD@SMNormalModeInitAdapter?3?5Soft?5R@FNODOBFM@ 0000000140025040     arcinit.obj
 0001:00024080       ??_C@_0BO@IEENCLHE@entering?5HwInitializeAdapter?6@FNODOBFM@ 0000000140025080     arcinit.obj
 0001:000240a0       ??_C@_1CA@OFEHMOBK@?$AAB?$AAa?$AAd?$AA?5?$AAP?$AAo?$AAr?$AAt?$AA?5?$AAD?$AAr?$AAi?$AAv?$AAe?$AAr@FNODOBFM@ 00000001400250a0     arcinit.obj
 0001:000240c0       ??_C@_0FM@FIFECPG@?$CK?5pDeviceExtension?9?$DOValid_MSIX_@FNODOBFM@ 00000001400250c0     arcinit.obj
 0001:00024120       ??_C@_0EH@ONHPKJKD@?$CK?5StorPortGetMSIInfo?5returned?5F@FNODOBFM@ 0000000140025120     arcinit.obj
 0001:00024170       ??_C@_0EC@KLPNNIKH@?$CK?5StorPortGetMSIInfo?5returned?5s@FNODOBFM@ 0000000140025170     arcinit.obj
 0001:000241c0       ??_C@_0EE@OLLCNNAO@?$CK?5StorPortGetMSIInfo?5returned?5s@FNODOBFM@ 00000001400251c0     arcinit.obj
 0001:00024210       ??_C@_0EJ@OBPFJGIJ@?$CK?5StorPortGetMSIInfo?5returned?5s@FNODOBFM@ 0000000140025210     arcinit.obj
 0001:00024260       ??_C@_0CF@FDBIIPFF@?$CK?5This?5Tupelo?5driver?5is?5MSI?5ena@FNODOBFM@ 0000000140025260     arcinit.obj
 0001:00024290       ??_C@_0BO@FHHBMMGN@?$CK?5PerfConfigData?4Flags?3?50x?$CFx?6@FNODOBFM@ 0000000140025290     arcinit.obj
 0001:000242b0       ??_C@_0FE@LBLIGLIO@GetDoorbellMaskForIOPReset?5retu@FNODOBFM@ 00000001400252b0     arcinit.obj
 0001:00024310       ??_C@_0DN@IMFNPMPP@?$CK?5Failed?5to?5Initialize?5Adapter?5@FNODOBFM@ 0000000140025310     arcinit.obj
 0001:00024350       ??_C@_0DE@CMNGFMDL@?$CK?5Succeed?5to?5Initialize?5Adapter@FNODOBFM@ 0000000140025350     arcinit.obj
 0001:00024390       ??_C@_0EG@KGJBNOFG@?$CK?5Failed?5to?5Initialize?5Adapter?5@FNODOBFM@ 0000000140025390     arcinit.obj
 0001:000243e0       ??_C@_0BP@MCCOMIEF@?$CK?5leaving?5HwInitializeAdapter?6@FNODOBFM@ 00000001400253e0     arcinit.obj
 0001:00024400       ??_C@_0FN@OJHBJJGK@?$CK?5StorPortAllocateContiguousMem@FNODOBFM@ 0000000140025400     arcinit.obj
 0001:00024460       ??_C@_0FD@MKBBGMOP@?$CK?5PROBLEM?3?5returnedSize?5?$DN?50?5?$CISt@FNODOBFM@ 0000000140025460     arcinit.obj
 0001:000244c0       ??_C@_0IH@LCJNFDMG@?$CK?5StorPortAllocateContiguousMem@FNODOBFM@ 00000001400254c0     arcinit.obj
 0001:00024550       ??_C@_0BI@BOGNCAIA@entering?5InitializeDPC?6@FNODOBFM@ 0000000140025550     arcinit.obj
 0001:00024570       ??_C@_0BL@ICGKMMAJ@?$CK?5Start?5scanning?5group?5?$CFd?6@FNODOBFM@ 0000000140025570     arcinit.obj
 0001:00024590       ??_C@_0CO@FDNLALKJ@?$CK?5Group?5Affinity?5for?5msix?5vecto@FNODOBFM@ 0000000140025590     arcinit.obj
 0001:000245c0       ??_C@_0DA@FPNPLEPN@?$CK?5NUMA?5node?5for?5MSIX?5vector?5?$CFd?5@FNODOBFM@ 00000001400255c0     arcinit.obj
 0001:000245f0       ??_C@_0DP@MAPFHEEH@?$CK?5Outbound?5Queue?5Memory?5allocat@FNODOBFM@ 00000001400255f0     arcinit.obj
 0001:00024630       ??_C@_0CG@GFDFODNM@?$CK?5MemoryBlock?5?$CFd?5assigned?5in?5no@FNODOBFM@ 0000000140025630     arcinit.obj
 0001:00024660       ??_C@_0DG@CGCBEMEO@?$CK?5MSG?5CAP?5setup?5failed?5?$CIbecause@FNODOBFM@ 0000000140025660     arcinit.obj
 0001:000246a0       ??_C@_0ED@CJAGENOE@?$CK?5we?5are?5processing?5last?5MSIX?5v@FNODOBFM@ 00000001400256a0     arcinit.obj
 0001:000246f0       ??_C@_0HA@GKDMKHHO@?$CK?5we?5have?5a?5problem?4?5All?5groups@FNODOBFM@ 00000001400256f0     arcinit.obj
 0001:00024760       ??_C@_0FD@LFCJJKMC@?$CK?5StorPortGetLogicalProcessorRe@FNODOBFM@ 0000000140025760     arcinit.obj
 0001:000247c0       ??_C@_0BG@FAIHHGLA@?$CK?5Vector?5?$CFd?5is?5done?6?6@FNODOBFM@ 00000001400257c0     arcinit.obj
 0001:000247e0       ??_C@_0DJ@MGMHFMAN@?$CK?5Failed?5to?5Initialize?5Adapter?5@FNODOBFM@ 00000001400257e0     arcinit.obj
 0001:00024820       ??_C@_0DA@GDJCAINB@?$CK?5Succeed?5to?5Initialize?5Adapter@FNODOBFM@ 0000000140025820     arcinit.obj
 0001:00024850       ??_C@_0BJ@CFFELFMJ@?$CK?5MSIx?5DPCs?5initialized?6@FNODOBFM@ 0000000140025850     arcinit.obj
 0001:00024870       ??_C@_0BI@LAPEOFCN@?$CK?5?9?5Done?5InitializeDPC?6@FNODOBFM@ 0000000140025870     arcinit.obj
 0001:00024890       ??_C@_0BH@PAHICDNJ@leaving?5InitializeDPC?6@FNODOBFM@ 0000000140025890     arcinit.obj
 0001:000248b0       ??_C@_0CP@OJKLKHLO@entering?5InitializeConsumerProd@FNODOBFM@ 00000001400258b0     arcinit.obj
 0001:000248e0       ??_C@_0DE@MJJEGAKI@leaving?5InitializeConsumerProdu@FNODOBFM@ 00000001400258e0     arcinit.obj
 0001:00024920       ??_C@_0CO@NEGLFCOP@leaving?5InitializeConsumerProdu@FNODOBFM@ 0000000140025920     arcinit.obj
 0001:00024950       ??_C@_0CP@IKCNDLML@entering?5InitializeConsumerProd@FNODOBFM@ 0000000140025950     arcinit.obj
 0001:00024980       ??_C@_0DF@IICIHNDP@leaving?5InitializeConsumerProdu@FNODOBFM@ 0000000140025980     arcinit.obj
 0001:000249c0       ??_C@_0DE@OBANPGHF@leaving?5InitializeConsumerProdu@FNODOBFM@ 00000001400259c0     arcinit.obj
 0001:00024a00       ??_C@_0CP@GDFIJJML@entering?5InitializeMessageUnitQ@FNODOBFM@ 0000000140025a00     arcinit.obj
 0001:00024a30       ??_C@_0DF@CLHHLLI@leaving?5InitializeMessageUnitQu@FNODOBFM@ 0000000140025a30     arcinit.obj
 0001:00024a70       ??_C@_0DE@BBDIIBAC@leaving?5InitializeMessageUnitQu@FNODOBFM@ 0000000140025a70     arcinit.obj
 0001:00024ab0       ??_C@_0BI@PNFIHJKN@entering?5MapDeviceBase?6@FNODOBFM@ 0000000140025ab0     arcinit.obj
 0001:00024ad0       ??_C@_1CM@FGGDGCGC@?$AAA?$AAd?$AAa?$AAp?$AAt?$AAe?$AAr?$AA?5?$AAb?$AAo?$AAo?$AAt?$AA?5?$AAt?$AAi@FNODOBFM@ 0000000140025ad0     arcinit.obj
 0001:00024b00       ??_C@_0CO@NHBGNFPE@?$CK?5Driver?5got?564?5bit?5FIB?5support@FNODOBFM@ 0000000140025b00     arcinit.obj
 0001:00024b30       ??_C@_0DG@EECBHNEJ@?$CK?5Driver?5did?5not?5get?564?5bit?5FIB@FNODOBFM@ 0000000140025b30     arcinit.obj
 0001:00024b70       ??_C@_0CB@MHHOKKDH@?$CK?5Smart?5Array?5Based?5FW?5detected@FNODOBFM@ 0000000140025b70     arcinit.obj
 0001:00024ba0       ??_C@_0CG@INGLDPEA@?$CK?5This?5is?5NOT?5a?5Smart?5Array?5Bas@FNODOBFM@ 0000000140025ba0     arcinit.obj
 0001:00024bd0       ??_C@_0DL@HHJHAPNC@?$CK?5StorPortGetDeviceBase?5failed?0@FNODOBFM@ 0000000140025bd0     arcinit.obj
 0001:00024c10       ??_C@_0FM@FAGAFMJI@?$CK?5StorPortGetDeviceBaseB1?5faile@FNODOBFM@ 0000000140025c10     arcinit.obj
 0001:00024c70       ??_C@_0FM@DFFNMELK@?$CK?5StorPortGetDeviceBaseB0?5faile@FNODOBFM@ 0000000140025c70     arcinit.obj
 0001:00024cd0       ??_C@_0DH@GMHBCEJM@?$CK?5GET_MINIARC_PROPERTIES?5fails?0@FNODOBFM@ 0000000140025cd0     arcinit.obj
 0001:00024d10       ??_C@_0CE@JIIGOPEA@?$CK?5This?5is?5a?5BEDROC?5inplementati@FNODOBFM@ 0000000140025d10     arcinit.obj
 0001:00024d40       ??_C@_0CF@HKNELPOC@leaving?5MapDeviceBase?5?9?5rtnval?5@FNODOBFM@ 0000000140025d40     arcinit.obj
 0001:00024d70       ??_C@_0BG@LOIMFNHP@entering?5MatchPciIds?6@FNODOBFM@ 0000000140025d70     arcinit.obj
 0001:00024d90       ??_C@_08HNOCAICB@Adaptec?5@FNODOBFM@ 0000000140025d90     arcinit.obj
 0001:00024da0       ??_C@_0CC@GEDCIDMJ@leaving?5MatchPciIds?0?5rtnval?5?$DN?5?$CF@FNODOBFM@ 0000000140025da0     arcinit.obj
 0001:00024dd0       ??_C@_0DG@MJCHKBMN@?$CK?5Calling?5CompleteBufferedReque@FNODOBFM@ 0000000140025dd0     arcinit.obj
 0001:00024e10       ??_C@_0HF@LDMKNKBL@?$CK?5Calling?5DequeueRawIoReadWrite@FNODOBFM@ 0000000140025e10     arcinit.obj
 0001:00024e90       ??_C@_0CG@EHFONFB@ReturningLocalOutstandingReques@FNODOBFM@ 0000000140025e90     arcinit.obj
 0001:00024ec0       ??_C@_0CL@CGNJGHDF@?$CK?5?$CFd?5outstanding?5IO?5left?5after?5@FNODOBFM@ 0000000140025ec0     arcinit.obj
 0001:00024ef0       ??_C@_0DI@FDADMONL@?$CK?5CleanHostSideRRQ?3?5Host?5RRQ?5cl@FNODOBFM@ 0000000140025ef0     arcinit.obj
 0001:00024f30       ??_C@_0CF@IKJOOFLA@?$CK?5ResetAdapter?3?5Entering?5Routin@FNODOBFM@ 0000000140025f30     arcinit.obj
 0001:00024f60       ??_C@_0FI@OABPGHMC@?$CK?5ResetAdapter?3?5FW?5is?5processin@FNODOBFM@ 0000000140025f60     arcinit.obj
 0001:00024fc0       ??_C@_0DK@DMNFFNOF@?$CK?5ResetAdapter?3?5OS?5calls?5ResetA@FNODOBFM@ 0000000140025fc0     arcinit.obj
 0001:00025000       ??_C@_0CF@DGMKAPOJ@?$CK?5ResetAdapter?3?5BlinkLed?5Code?3?5@FNODOBFM@ 0000000140026000     arcinit.obj
 0001:00025030       ??_C@_0CL@MJAGNJPB@?$CK?5ResetAdapter?3?5IOP?5RESET?5due?5t@FNODOBFM@ 0000000140026030     arcinit.obj
 0001:00025060       ??_C@_0DG@CLNGJPOA@?$CK?5ResetAdapter?3?5SendSynchFib?5fa@FNODOBFM@ 0000000140026060     arcinit.obj
 0001:000250a0       ??_C@_0FF@JLPFKNGK@?$CK?5ResetAdapter?3?5There?5is?5a?5pend@FNODOBFM@ 00000001400260a0     arcinit.obj
 0001:00025100       ??_C@_0EC@MMLNJELN@?$CK?5ResetAdapter?3?5set?5TriggerIOPR@FNODOBFM@ 0000000140026100     arcinit.obj
 0001:00025150       ??_C@_0EH@BGKKNIMJ@?$CK?5ResetAdapter?3?5synch?5command?5R@FNODOBFM@ 0000000140026150     arcinit.obj
 0001:000251a0       ??_C@_0EE@KPCKIKGP@?$CK?5ResetAdapter?3?5AdapterIsAlive?5@FNODOBFM@ 00000001400261a0     arcinit.obj
 0001:000251f0       ??_C@_0DN@OJOIDCGM@?$CK?5ResetAdapter?3?5leaving?5Routine@FNODOBFM@ 00000001400261f0     arcinit.obj
 0001:00025230       ??_C@_0DN@MKLLHNDH@?$CK?5ResetAdapter?3?5IOP?5RESET?5due?5t@FNODOBFM@ 0000000140026230     arcinit.obj
 0001:00025270       ??_C@_0DA@IHJFMKGH@?$CK?5ResetAdapter?3?5IOP?5RESET?5due?5t@FNODOBFM@ 0000000140026270     arcinit.obj
 0001:000252a0       ??_C@_0FJ@HDBMDLNL@?$CK?5ResetAdapter?3?5RAID?5volume?5?$CFd?5@FNODOBFM@ 00000001400262a0     arcinit.obj
 0001:00025300       ??_C@_0DC@DFLLLKCM@?$CK?5ResetAdapter?3?5IOP_RESET_FW_FI@FNODOBFM@ 0000000140026300     arcinit.obj
 0001:00025340       ??_C@_0DM@IMELCPEN@?$CK?5ResetAdapter?3?5Failed?5to?5send?5@FNODOBFM@ 0000000140026340     arcinit.obj
 0001:00025380       ??_C@_0EG@FKMCGCCN@?$CK?5ResetAdapter?3?5IOP?5RESET?5due?5t@FNODOBFM@ 0000000140026380     arcinit.obj
 0001:000253d0       ??_C@_0DE@IDNFNJBF@?$CK?5ResetAdapter?3?5NO?5lun?5reset?5co@FNODOBFM@ 00000001400263d0     arcinit.obj
 0001:00025410       ??_C@_0DM@KJNOMFJC@?$CK?5ResetAdapter?3?5leaving?5Routine@FNODOBFM@ 0000000140026410     arcinit.obj
 0001:00025450       ??_C@_0EK@OOPLAGOO@?$CK?5ResetAdapter?3?5set?5timer?5to?5ch@FNODOBFM@ 0000000140026450     arcinit.obj
 0001:000254a0       ??_C@_0DM@LMPLKKMJ@?$CK?5ResetAdapter?3?5leaving?5Routine@FNODOBFM@ 00000001400264a0     arcinit.obj
 0001:000254e0       ??_C@_0EJ@DNGMPOBO@?$CK?5ResetAdapter?3?5HWSoftReset?5lea@FNODOBFM@ 00000001400264e0     arcinit.obj
 0001:00025530       ??_C@_0CJ@PCBCCJEM@?$DMHW?$DOTD?$AI?$AA?$AA?$AA?$AA?$AA?$AA?$AA?$AA?$AADW?$AA?$AADV?$BK?$AA?$AA?$AA?$AA?$AA?$AA?$AA?$AA@FNODOBFM@ 0000000140026530     arcinit.obj
 0001:00025560       ??_C@_0BP@BFNIMKLC@?$CK?5SetFwTime?3?5Time?5sent?5failed?6@FNODOBFM@ 0000000140026560     arcinit.obj
 0001:00025580       ??_C@_0BL@IIHDOJJO@?$CK?5Time?3?5?$CFd?4?$CFd?4?$CFd?5?$CFd?3?$CFd?3?$CFd?6@FNODOBFM@ 0000000140026580     arcinit.obj
 0001:000255a0       ??_C@_0BG@NCOEMLFM@?$CK?5Driver?5version?5?$CFs?5?6@FNODOBFM@ 00000001400265a0     arcinit.obj
 0001:000255c0       ??_C@_0CF@KGAABJAP@?$CK?5SetFwTime?3?5Time?5sent?5successf@FNODOBFM@ 00000001400265c0     arcinit.obj
 0001:000255f0       ??_C@_0DB@DBHKEEOM@?$CK?5SendWellnessCommand?3?5Wellness@FNODOBFM@ 00000001400265f0     arcinit.obj
 0001:00025630       ??_C@_0DG@CHJDHKJC@?$CK?5SendWellnessCommand?3?5Wellness@FNODOBFM@ 0000000140026630     arcinit.obj
 0001:00025670       ??_C@_0N@GDIDOMEJ@?$DMHW?$DOPS?$AC?$AA?$AA?$AAZZ@FNODOBFM@ 0000000140026670     arcinit.obj
 0001:00025680       ??_C@_0CM@KDDJKBII@?$CK?5SetPciSlotNumber?3?5Update?5PCI?5@FNODOBFM@ 0000000140026680     arcinit.obj
 0001:000256b0       ??_C@_0BL@CAAHKIPO@?$CK?5PCI?5Slot?5Number?5Set?5?$CFx?5?6@FNODOBFM@ 00000001400266b0     arcinit.obj
 0001:000256d0       ??_C@_0DB@KLKDBGPC@?$CK?5current?5ElapsedTime?5is?5?$CFx?4?5Dr@FNODOBFM@ 00000001400266d0     arcinit.obj
 0001:00025710       ??_C@_0EE@NDLKAFLN@?$CK?5SetArcsasFwTime?3?5SendSyncFib?5@FNODOBFM@ 0000000140026710     arcinit.obj
 0001:00025760       ??_C@_0DN@BMDNNOBN@?$CK?5GetThorHbaPhyDevInfo?3?5synch?5F@FNODOBFM@ 0000000140026760     arcinit.obj
 0001:000257a0       ??_C@_0FG@PNEDCHMO@?$CK?5one?5dual?5port?5entry?5?$CIB?1T?1nexu@FNODOBFM@ 00000001400267a0     arcinit.obj
 0001:00025800       ??_C@_0EM@BKPAJHPD@?$CK?5One?5entry?5?$CIB?1T?1nexus?3?5?$CFd?1?$CFd?10@FNODOBFM@ 0000000140026800     arcinit.obj
 0001:00025850       ??_C@_0BI@NKGGGHHE@?$CK?5?$CFd?5HBA?5devices?5found?6@FNODOBFM@ 0000000140026850     arcinit.obj
 0001:00025870       ??_C@_0DD@PLCLGMJE@?$CK?5All?5HBA?5devices?8?5average?5Queu@FNODOBFM@ 0000000140026870     arcinit.obj
 0001:000258b0       ??_C@_0BF@GFOGGOIF@GetThorHbaPhyDevInfo@FNODOBFM@ 00000001400268b0     arcinit.obj
 0001:000258d0       ??_C@_0CL@OHPEFDNF@?$CK?5There?5is?5a?5synch?5SRB?5pending?0@FNODOBFM@ 00000001400268d0     arcinit.obj
 0001:00025900       ??_C@_0DJ@HDKNIPML@?$CK?5Not?5a?5Thor?5product?5OR?5virtual@FNODOBFM@ 0000000140026900     arcinit.obj
 0001:00025940       ??_C@_1FE@JLJHJCGF@?$AAA?$AAr?$AAr?$AAa?$AAy?$AA?5?$AAm?$AAi?$AAg?$AAr?$AAa?$AAt?$AAi?$AAo?$AAn@FNODOBFM@ 0000000140026940     arcinit.obj
 0001:000259a0       ??_C@_1CK@DJNKNDAB@?$AAR?$AAa?$AAw?$AA?5?$AAD?$AAr?$AAi?$AAv?$AAe?$AA?5?$AAr?$AAe?$AAm?$AAo?$AAv@FNODOBFM@ 00000001400269a0     arcinit.obj
 0001:000259d0       ??_C@_1DG@JPPGPNNE@?$AAN?$AAa?$AAt?$AAi?$AAv?$AAe?$AA?5?$AAH?$AAB?$AAA?$AA?5?$AAd?$AAe?$AAv?$AAi@FNODOBFM@ 00000001400269d0     arcinit.obj
 0001:00025a10       ??_C@_1DK@DMPEAPAK@?$AAN?$AAa?$AAt?$AAi?$AAv?$AAe?$AA?5?$AAH?$AAB?$AAA?$AA?5?$AAd?$AAe?$AAv?$AAi@FNODOBFM@ 0000000140026a10     arcinit.obj
 0001:00025a50       ??_C@_1EO@PNKAKFGH@?$AAH?$AAa?$AAr?$AAd?$AAw?$AAa?$AAr?$AAe?$AA?5?$AAn?$AAo?$AAt?$AA?5?$AAp?$AAr@FNODOBFM@ 0000000140026a50     arcinit.obj
 0001:00025aa0       ??_C@_1CI@IELPCEHF@?$AAS?$AAu?$AAp?$AAe?$AAr?$AAc?$AAa?$AAp?$AA?5?$AAh?$AAe?$AAa?$AAl?$AAt?$AAh@FNODOBFM@ 0000000140026aa0     arcinit.obj
 0001:00025ad0       ??_C@_1CK@BAADJOPA@?$AAS?$AAu?$AAp?$AAe?$AAr?$AAc?$AAa?$AAp?$AA?5?$AAh?$AAe?$AAa?$AAl?$AAt?$AAh@FNODOBFM@ 0000000140026ad0     arcinit.obj
 0001:00025b00       ??_C@_1CA@DNJAAJKJ@?$AAC?$AAa?$AAc?$AAh?$AAe?$AA?5?$AAd?$AAa?$AAt?$AAa?$AA?5?$AAl?$AAo?$AAs?$AAs@FNODOBFM@ 0000000140026b00     arcinit.obj
 0001:00025b20       ??_C@_1DG@KILEJPC@?$AAT?$AAe?$AAm?$AAp?$AAe?$AAr?$AAa?$AAt?$AAu?$AAr?$AAe?$AA?5?$AAB?$AAa?$AAc@FNODOBFM@ 0000000140026b20     arcinit.obj
 0001:00025b60       ??_C@_1DG@IHOODPDN@?$AAS?$AAu?$AAp?$AAe?$AAr?$AAc?$AAa?$AAp?$AA?5?$AAT?$AAe?$AAm?$AAp?$AAe?$AAr@FNODOBFM@ 0000000140026b60     arcinit.obj
 0001:00025ba0       ??_C@_1DK@KKLIINGO@?$AAS?$AAu?$AAp?$AAe?$AAr?$AAc?$AAa?$AAp?$AA?5?$AAT?$AAe?$AAm?$AAp?$AAe?$AAr@FNODOBFM@ 0000000140026ba0     arcinit.obj
 0001:00025be0       ??_C@_1DK@HENHBAOO@?$AAB?$AAa?$AAc?$AAk?$AAu?$AAp?$AA?5?$AAu?$AAn?$AAi?$AAt?$AA?5?$AAs?$AAe?$AAl@FNODOBFM@ 0000000140026be0     arcinit.obj
 0001:00025c20       ??_C@_1DK@GKIHJFEC@?$AAF?$AAa?$AAt?$AAa?$AAl?$AA?5?$AAE?$AAr?$AAr?$AAo?$AAr?$AA?3?$AA?5?$AAB?$AAa@FNODOBFM@ 0000000140026c20     arcinit.obj
 0001:00025c60       ??_C@_1CO@DFMHCOAI@?$AAL?$AAo?$AAg?$AAi?$AAc?$AAa?$AAl?$AA?5?$AAD?$AAr?$AAi?$AAv?$AAe?$AA?5?$AAa@FNODOBFM@ 0000000140026c60     arcinit.obj
 0001:00025c90       ??_C@_1DC@CMPCKFLI@?$AAL?$AAo?$AAg?$AAi?$AAc?$AAa?$AAl?$AA?5?$AAD?$AAr?$AAi?$AAv?$AAe?$AA?5?$AAd@FNODOBFM@ 0000000140026c90     arcinit.obj
 0001:00025cd0       ??_C@_1CI@JDGBIDGK@?$AAA?$AA?5?$AAn?$AAe?$AAw?$AA?5?$AAJ?$AAB?$AAO?$AAD?$AA?5?$AAi?$AAs?$AA?5?$AAa@FNODOBFM@ 0000000140026cd0     arcinit.obj
 0001:00025d00       ??_C@_1CE@CICPDMOD@?$AAA?$AA?5?$AAJ?$AAB?$AAO?$AAD?$AA?5?$AAi?$AAs?$AA?5?$AAd?$AAe?$AAl?$AAe?$AAt@FNODOBFM@ 0000000140026d00     arcinit.obj
 0001:00025d30       ??_C@_1DI@CCPBOJAM@?$AAL?$AAu?$AAn?$AA?5?$AAR?$AAe?$AAs?$AAe?$AAt?$AA?5?$AAt?$AAh?$AAr?$AAe?$AAs@FNODOBFM@ 0000000140026d30     arcinit.obj
 0001:00025d70       ??_C@_1DG@OJKKJGHC@?$AAA?$AAd?$AAa?$AAp?$AAt?$AAe?$AAr?$AA?5?$AAa?$AAl?$AAi?$AAv?$AAe?$AA?5?$AAr@FNODOBFM@ 0000000140026d70     arcinit.obj
 0001:00025db0       ??_C@_1FC@MIPJHMMM@?$AAR?$AAe?$AAq?$AAu?$AAe?$AAs?$AAt?$AAA?$AAd?$AAa?$AAp?$AAt?$AAe?$AAr?$AAI@FNODOBFM@ 0000000140026db0     arcinit.obj
 0001:00025e10       ??_C@_1DC@FGMGNGA@?$AAF?$AAW?$AA?5?$AAK?$AAe?$AAr?$AAn?$AAe?$AAl?$AA?5?$AAP?$AAa?$AAn?$AAi?$AAc@FNODOBFM@ 0000000140026e10     arcinit.obj
 0001:00025e50       ??_C@_1CA@BBEOIBOD@?$AAU?$AAn?$AAd?$AAe?$AAf?$AAi?$AAn?$AAe?$AAd?$AA?5?$AAE?$AAv?$AAe?$AAn?$AAt@FNODOBFM@ 0000000140026e50     arcinit.obj
 0001:00025e70       ??_C@_1EG@MMOHKHFO@?$AAC?$AAT?$AA_?$AAC?$AAO?$AAN?$AAF?$AAI?$AAG?$AA_?$AAS?$AAT?$AAA?$AAT?$AAU@FNODOBFM@ 0000000140026e70     arcinit.obj
 0001:00025ec0       ??_C@_1EC@LINPOIBA@?$AAC?$AAT?$AA_?$AAG?$AAE?$AAT?$AA_?$AAC?$AAO?$AAN?$AAF?$AAI?$AAG?$AA_?$AAS@FNODOBFM@ 0000000140026ec0     arcinit.obj
 0001:00025f10       ??_C@_1DI@OLCGHNCB@?$AAC?$AAT?$AA_?$AAC?$AAO?$AAM?$AAM?$AAI?$AAT?$AA_?$AAC?$AAO?$AAN?$AAF?$AAI@FNODOBFM@ 0000000140026f10     arcinit.obj
 0001:00025f50       ??_C@_1FA@NIJNEMHE@?$AAA?$AAD?$AAA?$AAP?$AAT?$AAE?$AAR?$AA_?$AAI?$AAN?$AAI?$AAT?$AA_?$AAS?$AAT@FNODOBFM@ 0000000140026f50     arcinit.obj
 0001:00025fa0       ??_C@_1DM@EFGMNBLE@?$AAV?$AAM?$AA_?$AAC?$AAo?$AAn?$AAt?$AAa?$AAi?$AAn?$AAe?$AAr?$AAC?$AAo?$AAn@FNODOBFM@ 0000000140026fa0     arcinit.obj
 0001:00025fe0       ??_C@_1DC@PCLINFGL@?$AAT?$AAi?$AAm?$AAe?$AAd?$AAo?$AAu?$AAt?$AA?0?$AA?5?$AAI?$AAn?$AAi?$AAt?$AA?5@FNODOBFM@ 0000000140026fe0     arcinit.obj
 0001:00026020       ??_C@_1FE@PCKFJNFD@?$AAR?$AAe?$AAs?$AAe?$AAt?$AA?5?$AAf?$AAr?$AAo?$AAm?$AA?5?$AAO?$AAS?$AA?3?$AAp@FNODOBFM@ 0000000140027020     arcinit.obj
 0001:00026080       ??_C@_1FC@CLHIPIHG@?$AAG?$AAo?$AAt?$AA?5?$AAL?$AAU?$AAN?$AA?5?$AAR?$AAE?$AAS?$AAE?$AAT?$AA?5?$AAf@FNODOBFM@ 0000000140027080     arcinit.obj
 0001:000260e0       ??_C@_1FI@HJHKOPPE@?$AAG?$AAo?$AAt?$AA?5?$AAT?$AAa?$AAr?$AAg?$AAe?$AAt?$AA?5?$AAR?$AAE?$AAS?$AAE@FNODOBFM@ 00000001400270e0     arcinit.obj
 0001:00026140       ??_C@_1EC@DEFLMBHE@?$AAI?$AAO?$AAP?$AA?5?$AAR?$AAE?$AAS?$AAE?$AAT?$AA?5?$AAb?$AAe?$AAc?$AAa?$AAu@FNODOBFM@ 0000000140027140     arcinit.obj
 0001:00026190       ??_C@_1FA@GLBMBCFD@?$AAR?$AAe?$AAq?$AAu?$AAe?$AAs?$AAt?$AAA?$AAd?$AAa?$AAp?$AAt?$AAe?$AAr?$AAI@FNODOBFM@ 0000000140027190     arcinit.obj
 0001:000261e0       ??_C@_1EK@DPFNMDNI@?$AAI?$AAO?$AAP?$AAR?$AAE?$AAS?$AAE?$AAT?$AA?3?$AA?5?$AAR?$AAe?$AAq?$AAu?$AAe@FNODOBFM@ 00000001400271e0     arcinit.obj
 0001:00026230       ??_C@_1EC@JONMGECF@?$AAR?$AAA?$AA?3?$AA?5?$AAA?$AAd?$AAa?$AAp?$AAt?$AAe?$AAr?$AAI?$AAs?$AAA?$AAl@FNODOBFM@ 0000000140027230     arcinit.obj
 0001:00026280       ??_C@_1EA@KMCOFCE@?$AAI?$AAO?$AAP?$AA?5?$AAR?$AAE?$AAS?$AAE?$AAT?$AA?5?$AAf?$AAo?$AAr?$AA?5?$AAS@FNODOBFM@ 0000000140027280     arcinit.obj
 0001:000262c0       ??_C@_1EK@EBJJOFBF@?$AAR?$AAE?$AAS?$AAE?$AAT?$AA?$CI?$AAc?$AAn?$AAt?$AA?$DO?$AA?$DN?$AA5?$AA?$CJ?$AA?3?$AA?5@FNODOBFM@ 00000001400272c0     arcinit.obj
 0001:00026310       ??_C@_1DA@EFMGPIMG@?$AAS?$AAO?$AAF?$AAT?$AA?5?$AAR?$AAE?$AAS?$AAE?$AAT?$AA?5?$AAI?$AAs?$AAs?$AAu@FNODOBFM@ 0000000140027310     arcinit.obj
 0001:00026340       ??_C@_1CO@GBDEAPLE@?$AAI?$AAO?$AAP?$AA?5?$AAR?$AAE?$AAS?$AAE?$AAT?$AA?5?$AAI?$AAs?$AAs?$AAu?$AAe@FNODOBFM@ 0000000140027340     arcinit.obj
 0001:00026370       ??_C@_1EI@KMCCOKBI@?$AAF?$AAW?$AA?5?$AAK?$AAE?$AAR?$AAN?$AAE?$AAL?$AA?5?$AAP?$AAA?$AAN?$AAI?$AAC@FNODOBFM@ 0000000140027370     arcinit.obj
 0001:000263c0       ??_C@_1EK@GGMELPLN@?$AAF?$AAW?$AA?5?$AAN?$AAo?$AAt?$AA?5?$AAU?$AAp?$AA?5?$AA?$CG?$AA?5?$AAR?$AAu?$AAn@FNODOBFM@ 00000001400273c0     arcinit.obj
 0001:00026410       ??_C@_0BG@HHGGAPDG@entering?5HWSoftReset?6@FNODOBFM@ 0000000140027410     arcinit.obj
 0001:00026430       ??_C@_0CB@CNHAMPIN@HwSoftReset?3?5Soft?5Reset?5Issued?4@FNODOBFM@ 0000000140027430     arcinit.obj
 0001:00026460       ??_C@_0DJ@CBPNBDFH@?$CK?5Set?5pInitStruct?9?$DONoOfMsiVecto@FNODOBFM@ 0000000140027460     arcinit.obj
 0001:000264a0       ??_C@_0BG@FGBHCKJG@CompleteQueuedRequest@FNODOBFM@ 00000001400274a0     cmddelivery.obj
 0001:000264c0       ??_C@_0DM@OFFCECMD@IN?5?$CFs?0?5WE?5ARE?5SEEING?5AIF?5FIB?4?5D@FNODOBFM@ 00000001400274c0     cmddelivery.obj
 0001:00026500       ??_C@_0L@ENAJINDB@Management@FNODOBFM@ 0000000140027500     cmddelivery.obj
 0001:00026510       ??_C@_0BB@JIADCMFJ@Array?5?5?5?5?5?5?5?5?5?5?5@FNODOBFM@ 0000000140027510     cmddelivery.obj
 0001:00026530       ??_C@_0BB@HJODFKJH@ARRAY?5?5?5?5?5?5?5?5?5?5?5@FNODOBFM@ 0000000140027530     cmddelivery.obj
 0001:00026550       ??_C@_0CB@IIENMBOI@?$CK?5Got?5an?5AIF?5in?5crash?5dump?5mode@FNODOBFM@ 0000000140027550     cmddelivery.obj
 0001:00026580       ??_C@_0DO@NPBDNHBG@?$CK?5Should?5not?5be?5here?0?5we?5should@FNODOBFM@ 0000000140027580     cmddelivery.obj
 0001:000265c0       ??_C@_0CO@PDPAIINM@?$CK?5PollSmartHBAFIBCompletion?3?5wa@FNODOBFM@ 00000001400275c0     cmddelivery.obj
 0001:000265f0       ??_C@_0FC@DFPAPIBO@?$CK?5?9?9?5SCSIOP_START_STOP_UNIT?3?5Pa@FNODOBFM@ 00000001400275f0     cmddelivery.obj
 0001:00026650       ??_C@_0CP@GPLNGCJB@?$CK?5?9?5Cannot?5start?1stop?5a?5unit?0?5e@FNODOBFM@ 0000000140027650     cmddelivery.obj
 0001:00026680       ??_C@_0FM@ENJACBOF@?$CK?5SCSIOP_SYNCHRONIZE_CACHE?$CICDM?$CJ@FNODOBFM@ 0000000140027680     cmddelivery.obj
 0001:000266e0       ??_C@_0GA@MEOEEOJH@?$CK?5SCSIOP_SYNCHRONIZE_CACHE?$CICDM?$CJ@FNODOBFM@ 00000001400276e0     cmddelivery.obj
 0001:00026740       ??_C@_0GO@DFFGFOPL@?$CK?$CK?57?124?5SendFib?3?5Line?5?$CFd?5Outsta@FNODOBFM@ 0000000140027740     cmddelivery.obj
 0001:000267b0       ??_C@_0EI@ELGPOPDD@?$CK?$CK?57?124?5SendFib?3?5Line?5?$CFd?5MsgCap@FNODOBFM@ 00000001400277b0     cmddelivery.obj
 0001:00026800       ??_C@_0GF@HHOGHLFF@?$CK?5This?5should?5not?5happen?4?5Srb?5p@FNODOBFM@ 0000000140027800     cmddelivery.obj
 0001:00026870       ??_C@_0DC@IHNBNMNO@?$CK?$CK?5One?5FIB?5kidnapped?0?5FIB_Conte@FNODOBFM@ 0000000140027870     cmddelivery.obj
 0001:000268b0       ??_C@_0HI@CALKOMHC@?$CK?5SendSynchFib?3?5There?5is?5a?5pend@FNODOBFM@ 00000001400278b0     cmddelivery.obj
 0001:00026930       ??_C@_0FM@IHOMFPBM@?$CK?5In?5StartIo?0?5FW?5is?5still?5NOT?5b@FNODOBFM@ 0000000140027930     cmddelivery.obj
 0001:00026990       ??_C@_0CN@EPOHBMBH@?$CK?5path?5?$CFd?5target?5?$CFd?5reset?5count@FNODOBFM@ 0000000140027990     cmddelivery.obj
 0001:000269c0       ??_C@_0CB@KIAHGGON@?5RESET?5is?5for?5Smart?5HBA?5device?5@FNODOBFM@ 00000001400279c0     cmddelivery.obj
 0001:000269f0       ??_C@_0BP@PAHACOBL@?$CK?5Got?5path?5?$CFd?5target?5?$CFd?5reset?6@FNODOBFM@ 00000001400279f0     cmddelivery.obj
 0001:00026a10       ??_C@_0CC@BGHDODBG@?$CK?5SRB_FUNCTION_POWER?3?5action?3?5?$CF@FNODOBFM@ 0000000140027a10     cmddelivery.obj
 0001:00026a40       ??_C@_0BP@DFKLHFDI@?$CK?5SRB_FUNCTION_POWER?3?5sleep?51?6@FNODOBFM@ 0000000140027a40     cmddelivery.obj
 0001:00026a60       ??_C@_0DL@PCKMOFFE@?$CK?5SRB_FUNCTION_POWER?3?5coming?5ba@FNODOBFM@ 0000000140027a60     cmddelivery.obj
 0001:00026aa0       ??_C@_0CG@NCNALCOB@?$CK?5SRB_FUNCTION_POWER?3?5going?5to?5@FNODOBFM@ 0000000140027aa0     cmddelivery.obj
 0001:00026ad0       ??_C@_0CA@IBGDOHDE@?$CK?5SRB_FUNCTION_POWER?3?5shutdown?6@FNODOBFM@ 0000000140027ad0     cmddelivery.obj
 0001:00026af0       ??_C@_0CD@NOANDIPK@?$CK?5SRB_FUNCTION_POWER?3?5shutdownO@FNODOBFM@ 0000000140027af0     cmddelivery.obj
 0001:00026b20       ??_C@_0BO@KPPCGIPP@?$CK?5SRB_FUNCTION_POWER?3?5reboot?6@FNODOBFM@ 0000000140027b20     cmddelivery.obj
 0001:00026b40       ??_C@_0BJ@NDPKABON@entering?5AdapterControl?6@FNODOBFM@ 0000000140027b40     cmdproc.obj
 0001:00026b60       ??_C@_0CF@FDIANAIH@?$CK?5?9?5AdapterControl?3?5ScsiStopAda@FNODOBFM@ 0000000140027b60     cmdproc.obj
 0001:00026b90       ??_C@_0FJ@DLLPOCIO@?$CK?5?9?5AdapterControl?3?5ScsiStopAda@FNODOBFM@ 0000000140027b90     cmdproc.obj
 0001:00026bf0       ??_C@_0DK@JIECJOFO@?$CK?5Set?5pInitStruct?9?$DONoOfMsiVecto@FNODOBFM@ 0000000140027bf0     cmdproc.obj
 0001:00026c30       ??_C@_0HA@BIJAMPMG@?$CK?5?9?5AdapterControl?3?5ScsiSetBoot@FNODOBFM@ 0000000140027c30     cmdproc.obj
 0001:00026ca0       ??_C@_0DL@CMAPNHGC@?$CK?5?9?5AdapterControl?3?5ScsiSetBoot@FNODOBFM@ 0000000140027ca0     cmdproc.obj
 0001:00026ce0       ??_C@_0DI@IPKKLNPP@?$CK?5?9?5AdapterControl?3?5ScsiSetBoot@FNODOBFM@ 0000000140027ce0     cmdproc.obj
 0001:00026d20       ??_C@_0HE@CIFLMEO@?$CK?5?9?5AdapterControl?3?5ScsiSetRunn@FNODOBFM@ 0000000140027d20     cmdproc.obj
 0001:00026da0       ??_C@_0CI@NDPGKLNN@?$CK?5?9?5AdapterControl?3?5ScsiRestart@FNODOBFM@ 0000000140027da0     cmdproc.obj
[...]
 0004:000001e0       $pdata$1$RxWaitForAdapterToBoot 000000014002d1e0     rxdevice.obj
 0004:000001ec       $pdata$DumpHandles         000000014002d1ec     rxdevice.obj
 0004:000001f8       $pdata$DumpHandlesZeroPointer 000000014002d1f8     rxdevice.obj
 0004:00000204       $pdata$RevCheckCompatibility 000000014002d204     revision.obj
 0004:00000210       $pdata$GetDriverParameter  000000014002d210     helpers.obj
 0004:0000021c       $pdata$MatchRegistryString 000000014002d21c     helpers.obj
 0004:00000228       $pdata$LongToAscii         000000014002d228     helpers.obj
 0004:00000234       $pdata$0$LongToAscii       000000014002d234     helpers.obj
 0004:00000240       $pdata$1$LongToAscii       000000014002d240     helpers.obj
 0004:0000024c       $pdata$CompareStrings      000000014002d24c     helpers.obj
 0004:00000258       $pdata$StorWmiTraceMessage 000000014002d258     arcdebug.obj
 0004:00000264       $pdata$ArcPrintf           000000014002d264     arcdebug.obj
 0004:00000270       $pdata$1$ArcPrintf         000000014002d270     arcdebug.obj
 0004:0000027c       $pdata$2$ArcPrintf         000000014002d27c     arcdebug.obj
 0004:00000288       $pdata$3$ArcPrintf         000000014002d288     arcdebug.obj
 0004:00000294       $pdata$4$ArcPrintf         000000014002d294     arcdebug.obj
 0004:000002a0       $pdata$5$ArcPrintf         000000014002d2a0     arcdebug.obj
 0004:000002ac       $pdata$6$ArcPrintf         000000014002d2ac     arcdebug.obj
 0004:000002b8       $pdata$WPP_SF_s            000000014002d2b8     arcdebug.obj
 0004:000002c4       $pdata$RealSprintf         000000014002d2c4     arcdebug.obj
 0004:000002d0       $pdata$1$RealSprintf       000000014002d2d0     arcdebug.obj
 0004:000002dc       $pdata$6$RealSprintf       000000014002d2dc     arcdebug.obj
 0004:000002e8       $pdata$7$RealSprintf       000000014002d2e8     arcdebug.obj
 0004:000002f4       $pdata$8$RealSprintf       000000014002d2f4     arcdebug.obj
 0004:00000300       $pdata$VMCloseAllCompletionTimer 000000014002d300     timer.obj
 0004:0000030c       $pdata$0$VMCloseAllCompletionTimer 000000014002d30c     timer.obj
 0004:00000318       $pdata$1$VMCloseAllCompletionTimer 000000014002d318     timer.obj
 0004:00000324       $pdata$UpdateThorHBAMappingTable 000000014002d324     timer.obj
 0004:00000330       $pdata$0$UpdateThorHBAMappingTable 000000014002d330     timer.obj
 0004:0000033c       $pdata$2$UpdateThorHBAMappingTable 000000014002d33c     timer.obj
 0004:00000348       $pdata$3$UpdateThorHBAMappingTable 000000014002d348     timer.obj
 0004:00000354       $pdata$4$UpdateThorHBAMappingTable 000000014002d354     timer.obj
 0004:00000360       $pdata$Reset_IOP_CompletionTimer 000000014002d360     timer.obj
 0004:0000036c       $pdata$0$Reset_IOP_CompletionTimer 000000014002d36c     timer.obj
 0004:00000378       $pdata$2$Reset_IOP_CompletionTimer 000000014002d378     timer.obj
 0004:00000384       $pdata$4$Reset_IOP_CompletionTimer 000000014002d384     timer.obj
 0004:00000390       $pdata$5$Reset_IOP_CompletionTimer 000000014002d390     timer.obj
 0004:0000039c       $pdata$StopTimer           000000014002d39c     timer.obj
 0004:000003a8       $pdata$RequestTimer        000000014002d3a8     timer.obj
 0004:000003b4       $pdata$MainTimeThread      000000014002d3b4     timer.obj
 0004:000003c0       $pdata$4$MainTimeThread    000000014002d3c0     timer.obj
 0004:000003cc       $pdata$5$MainTimeThread    000000014002d3cc     timer.obj
 0004:000003d8       $pdata$6$MainTimeThread    000000014002d3d8     timer.obj
 0004:000003e4       $pdata$7$MainTimeThread    000000014002d3e4     timer.obj
 0004:000003f0       $pdata$8$MainTimeThread    000000014002d3f0     timer.obj
 0004:000003fc       $pdata$9$MainTimeThread    000000014002d3fc     timer.obj
 0004:00000408       $pdata$CheckingFWAfterPowerStateChange 000000014002d408     timer.obj
 0004:00000414       $pdata$0$CheckingFWAfterPowerStateChange 000000014002d414     timer.obj
 0004:00000420       $pdata$3$CheckingFWAfterPowerStateChange 000000014002d420     timer.obj
 0004:0000042c       $pdata$4$CheckingFWAfterPowerStateChange 000000014002d42c     timer.obj
 0004:00000438       $pdata$DriverEntry         000000014002d438     arcinit.obj
 0004:00000444       $pdata$0$DriverEntry       000000014002d444     arcinit.obj
 0004:00000450       $pdata$1$DriverEntry       000000014002d450     arcinit.obj
 0004:0000045c       $pdata$FindAdapter         000000014002d45c     arcinit.obj
 0004:00000468       $pdata$1$FindAdapter       000000014002d468     arcinit.obj
 0004:00000474       $pdata$2$FindAdapter       000000014002d474     arcinit.obj
 0004:00000480       $pdata$SMNormalModeInitAdapter 000000014002d480     arcinit.obj
 0004:0000048c       $pdata$1$SMNormalModeInitAdapter 000000014002d48c     arcinit.obj
 0004:00000498       $pdata$2$SMNormalModeInitAdapter 000000014002d498     arcinit.obj
 0004:000004a4       $pdata$HwInitializeAdapter 000000014002d4a4     arcinit.obj
 0004:000004b0       $pdata$InitializeDPCs      000000014002d4b0     arcinit.obj
 0004:000004bc       $pdata$1$InitializeDPCs    000000014002d4bc     arcinit.obj
 0004:000004c8       $pdata$2$InitializeDPCs    000000014002d4c8     arcinit.obj
 0004:000004d4       $pdata$ReturningLocalOutstandingRequestsToOS 000000014002d4d4     arcinit.obj
 0004:000004e0       $pdata$CleanHostSideRRQ    000000014002d4e0     arcinit.obj
 0004:000004ec       $pdata$ResetAdapter        000000014002d4ec     arcinit.obj
 0004:000004f8       $pdata$5$ResetAdapter      000000014002d4f8     arcinit.obj
 0004:00000504       $pdata$6$ResetAdapter      000000014002d504     arcinit.obj
 0004:00000510       $pdata$EventTracingCleanup 000000014002d510     arcinit.obj
 0004:0000051c       $pdata$AllocateConsumerProducerCommArea 000000014002d51c     arcinit.obj
 0004:00000528       $pdata$AllocateMessageUnitQueueCommArea 000000014002d528     arcinit.obj
 0004:00000534       $pdata$ConfigureContainersRuntime 000000014002d534     arcinit.obj
 0004:00000540       $pdata$0$ConfigureContainersRuntime 000000014002d540     arcinit.obj
 0004:0000054c       $pdata$1$ConfigureContainersRuntime 000000014002d54c     arcinit.obj
 0004:00000558       $pdata$SendEvent2OSDelayed 000000014002d558     arcinit.obj
 0004:00000564       $pdata$GetElapsedSeconds   000000014002d564     arcinit.obj
 0004:00000570       $pdata$IsAdapterReadyForConfigCommand 000000014002d570     arcinit.obj
 0004:0000057c       $pdata$CheckMSIxPossibility 000000014002d57c     arcinit.obj
 0004:00000588       $pdata$0$CheckMSIxPossibility 000000014002d588     arcinit.obj
 0004:00000594       $pdata$1$CheckMSIxPossibility 000000014002d594     arcinit.obj
 0004:000005a0       $pdata$2$CheckMSIxPossibility 000000014002d5a0     arcinit.obj
 0004:000005ac       $pdata$3$CheckMSIxPossibility 000000014002d5ac     arcinit.obj
 0004:000005b8       $pdata$HandleAdapterConfigIssues 000000014002d5b8     arcinit.obj
 0004:000005c4       $pdata$SendInitStructure   000000014002d5c4     arcinit.obj
 0004:000005d0       $pdata$HandleAdapterGetConfig 000000014002d5d0     arcinit.obj
 0004:000005dc       $pdata$HandleAdapterCommitConfig 000000014002d5dc     arcinit.obj
 0004:000005e8       $pdata$InitializeConsumerProducerCommRegion 000000014002d5e8     arcinit.obj
 0004:000005f4       $pdata$MapDeviceBase       000000014002d5f4     arcinit.obj
 0004:00000600       $pdata$IOPReset            000000014002d600     arcinit.obj
 0004:0000060c       $pdata$HWSoftReset         000000014002d60c     arcinit.obj
 0004:00000618       $pdata$DumpFibsSentToFW60SecondsBefore 000000014002d618     arcinit.obj
 0004:00000624       $pdata$4$DumpFibsSentToFW60SecondsBefore 000000014002d624     arcinit.obj
 0004:00000630       $pdata$5$DumpFibsSentToFW60SecondsBefore 000000014002d630     arcinit.obj
 0004:0000063c       $pdata$ReturningOutstandingSentToFWBeforeIOPResetToOS 000000014002d63c     arcinit.obj
 0004:00000648       $pdata$3$ReturningOutstandingSentToFWBeforeIOPResetToOS 000000014002d648     arcinit.obj
 0004:00000654       $pdata$4$ReturningOutstandingSentToFWBeforeIOPResetToOS 000000014002d654     arcinit.obj
 0004:00000660       $pdata$5$ReturningOutstandingSentToFWBeforeIOPResetToOS 000000014002d660     arcinit.obj
 0004:0000066c       $pdata$6$ReturningOutstandingSentToFWBeforeIOPResetToOS 000000014002d66c     arcinit.obj
 0004:00000678       $pdata$ReturnOutstandingFibOnTargetDevice 000000014002d678     arcinit.obj
 0004:00000684       $pdata$2$ReturnOutstandingFibOnTargetDevice 000000014002d684     arcinit.obj
 0004:00000690       $pdata$3$ReturnOutstandingFibOnTargetDevice 000000014002d690     arcinit.obj
 0004:0000069c       $pdata$4$ReturnOutstandingFibOnTargetDevice 000000014002d69c     arcinit.obj
 0004:000006a8       $pdata$5$ReturnOutstandingFibOnTargetDevice 000000014002d6a8     arcinit.obj
 0004:000006b4       $pdata$SetFwTime           000000014002d6b4     arcinit.obj
 0004:000006c0       $pdata$0$SetFwTime         000000014002d6c0     arcinit.obj
 0004:000006cc       $pdata$4$SetFwTime         000000014002d6cc     arcinit.obj
 0004:000006d8       $pdata$5$SetFwTime         000000014002d6d8     arcinit.obj
 0004:000006e4       $pdata$6$SetFwTime         000000014002d6e4     arcinit.obj
 0004:000006f0       $pdata$7$SetFwTime         000000014002d6f0     arcinit.obj
 0004:000006fc       $pdata$SetArcsasFwTime     000000014002d6fc     arcinit.obj
 0004:00000708       $pdata$SetPciSlotNumber    000000014002d708     arcinit.obj
 0004:00000714       $pdata$SendWellnessCmnd    000000014002d714     arcinit.obj
 0004:00000720       $pdata$GetThorHbaPhyDevInfo 000000014002d720     arcinit.obj
 0004:0000072c       $pdata$ArcLogEventString   000000014002d72c     arcinit.obj
 0004:00000738       $pdata$LogSystemEvent      000000014002d738     arcinit.obj
 0004:00000744       $pdata$SendEvent2OS        000000014002d744     arcinit.obj
 0004:00000750       $pdata$WppTraceCallback    000000014002d750     arcinit.obj
 0004:0000075c       $pdata$0$WppTraceCallback  000000014002d75c     arcinit.obj
 0004:00000768       $pdata$1$WppTraceCallback  000000014002d768     arcinit.obj
 0004:00000774       $pdata$DynamicallyThrottleLunQueueDepth 000000014002d774     arcinit.obj
 0004:00000780       $pdata$SA4StatusBatching   000000014002d780     arcinit.obj
 0004:0000078c       $pdata$SA4ACI2Interface    000000014002d78c     arcinit.obj
 0004:00000798       $pdata$SMCrashDumpModeInitAdapter 000000014002d798     arcinit.obj
 0004:000007a4       $pdata$SendEvent2OSChild   000000014002d7a4     arcinit.obj
 0004:000007b0       $pdata$PostProcessScsiCommand 000000014002d7b0     cmddelivery.obj
 0004:000007bc       $pdata$SendFib             000000014002d7bc     cmddelivery.obj
 0004:000007c8       $pdata$HandleMSIXInterrupt 000000014002d7c8     cmddelivery.obj
 0004:000007d4       $pdata$QueueRawIoReadWriteRequest 000000014002d7d4     cmddelivery.obj
 0004:000007e0       $pdata$0$QueueRawIoReadWriteRequest 000000014002d7e0     cmddelivery.obj
 0004:000007ec       $pdata$1$QueueRawIoReadWriteRequest 000000014002d7ec     cmddelivery.obj
 0004:000007f8       $pdata$StartIo             000000014002d7f8     cmddelivery.obj
 0004:00000804       $pdata$0$StartIo           000000014002d804     cmddelivery.obj
 0004:00000810       $pdata$1$StartIo           000000014002d810     cmddelivery.obj
 0004:0000081c       $pdata$CompleteQueuedRequest 000000014002d81c     cmddelivery.obj
 0004:00000828       $pdata$DequeueRawIoReadWriteRequest 000000014002d828     cmddelivery.obj
 0004:00000834       $pdata$0$DequeueRawIoReadWriteRequest 000000014002d834     cmddelivery.obj
 0004:00000840       $pdata$1$DequeueRawIoReadWriteRequest 000000014002d840     cmddelivery.obj
 0004:0000084c       $pdata$ProcessContainerInquiry 000000014002d84c     cmddelivery.obj
 0004:00000858       $pdata$ProcessScsiCommand  000000014002d858     cmddelivery.obj
 0004:00000864       $pdata$QueuePrintf         000000014002d864     cmddelivery.obj
 0004:00000870       $pdata$SendRawIoFib        000000014002d870     cmddelivery.obj
 0004:0000087c       $pdata$2$SendRawIoFib      000000014002d87c     cmddelivery.obj
 0004:00000888       $pdata$4$SendRawIoFib      000000014002d888     cmddelivery.obj
 0004:00000894       $pdata$5$SendRawIoFib      000000014002d894     cmddelivery.obj
 0004:000008a0       $pdata$SendSynchFib        000000014002d8a0     cmddelivery.obj
 0004:000008ac       $pdata$0$SendSynchFib      000000014002d8ac     cmddelivery.obj
 0004:000008b8       $pdata$1$SendSynchFib      000000014002d8b8     cmddelivery.obj
 0004:000008c4       $pdata$DequeueCertainLD    000000014002d8c4     cmddelivery.obj
 0004:000008d0       $pdata$0$DequeueCertainLD  000000014002d8d0     cmddelivery.obj
 0004:000008dc       $pdata$1$DequeueCertainLD  000000014002d8dc     cmddelivery.obj
 0004:000008e8       $pdata$PollSmartHBAFIBCompletion 000000014002d8e8     cmddelivery.obj
 0004:000008f4       $pdata$AdapterControl      000000014002d8f4     cmdproc.obj
 0004:00000900       $pdata$BuildIo             000000014002d900     cmdproc.obj
 0004:0000090c       $pdata$BuildHBAFib         000000014002d90c     cmdproc.obj
 0004:00000918       $pdata$BuildRawIoFib       000000014002d918     cmdproc.obj
 0004:00000924       $pdata$BuildRawIoScatterGather 000000014002d924     cmdproc.obj
 0004:00000930       $pdata$0$BuildRawIoScatterGather 000000014002d930     cmdproc.obj
 0004:0000093c       $pdata$1$BuildRawIoScatterGather 000000014002d93c     cmdproc.obj
 0004:00000948       $pdata$2$BuildRawIoScatterGather 000000014002d948     cmdproc.obj
 0004:00000954       $pdata$3$BuildRawIoScatterGather 000000014002d954     cmdproc.obj
 0004:00000960       $pdata$BuildRawIo2ScatterGather 000000014002d960     cmdproc.obj
 0004:0000096c       $pdata$ConvertRawIo2ScatterGather 000000014002d96c     cmdproc.obj
 0004:00000978       $pdata$1$ConvertRawIo2ScatterGather 000000014002d978     cmdproc.obj
 0004:00000984       $pdata$3$ConvertRawIo2ScatterGather 000000014002d984     cmdproc.obj
 0004:00000990       $pdata$4$ConvertRawIo2ScatterGather 000000014002d990     cmdproc.obj
 0004:0000099c       $pdata$5$ConvertRawIo2ScatterGather 000000014002d99c     cmdproc.obj
 0004:000009a8       $pdata$BuildReadWriteFib   000000014002d9a8     cmdproc.obj
 0004:000009b4       $pdata$BuildScatterGather  000000014002d9b4     cmdproc.obj
 0004:000009c0       $pdata$BuildScatterGather64 000000014002d9c0     cmdproc.obj
 0004:000009cc       $pdata$BuildRawIo2ScatterGather4HBAIoctl 000000014002d9cc     cmdproc.obj
 0004:000009d8       $pdata$BuildHBAIoctlFib    000000014002d9d8     cmdproc.obj
 0004:000009e4       $pdata$BuildSrbFib         000000014002d9e4     cmdproc.obj
 0004:000009f0       $pdata$InitializeFib       000000014002d9f0     cmdproc.obj
 0004:000009fc       $pdata$PrepareBMIC15       000000014002d9fc     cmdproc.obj
 0004:00000a08       $pdata$ProcessIoctl        000000014002da08     ioctl.obj
 0004:00000a14       $pdata$BuildRawScatterGather 000000014002da14     ioctl.obj
 0004:00000a20       $pdata$1$BuildRawScatterGather 000000014002da20     ioctl.obj
 0004:00000a2c       $pdata$2$BuildRawScatterGather 000000014002da2c     ioctl.obj
 0004:00000a38       $pdata$BuildRawScatterGather64 000000014002da38     ioctl.obj
 0004:00000a44       $pdata$CSMIGetRAIDConfig   000000014002da44     ioctl.obj
 0004:00000a50       $pdata$0$CSMIGetRAIDConfig 000000014002da50     ioctl.obj
 0004:00000a5c       $pdata$1$CSMIGetRAIDConfig 000000014002da5c     ioctl.obj
 0004:00000a68       $pdata$CSMIGetRAIDInfo     000000014002da68     ioctl.obj
 0004:00000a74       $pdata$CSMISTPPassThru     000000014002da74     ioctl.obj
 0004:00000a80       $pdata$0$CSMISTPPassThru   000000014002da80     ioctl.obj
 0004:00000a8c       $pdata$1$CSMISTPPassThru   000000014002da8c     ioctl.obj
 0004:00000a98       $pdata$HandleCSMI          000000014002da98     ioctl.obj
 0004:00000aa4       $pdata$QueueEvent          000000014002daa4     comm.obj
 0004:00000ab0       $pdata$AdapterIsAlive      000000014002dab0     comm.obj
 0004:00000abc       $pdata$ServiceHostResponseNormalQueue 000000014002dabc     comm.obj
 0004:00000ac8       $pdata$6$ServiceHostResponseNormalQueue 000000014002dac8     comm.obj
 0004:00000ad4       $pdata$7$ServiceHostResponseNormalQueue 000000014002dad4     comm.obj
 0004:00000ae0       $pdata$FreeConsumerProducerAif 000000014002dae0     comm.obj
 0004:00000aec       $pdata$0$FreeConsumerProducerAif 000000014002daec     comm.obj
 0004:00000af8       $pdata$1$FreeConsumerProducerAif 000000014002daf8     comm.obj
 0004:00000b04       $pdata$ProcessAif          000000014002db04     comm.obj
 0004:00000b10       $pdata$SendConsumerProducerFib 000000014002db10     comm.obj
 0004:00000b1c       $pdata$CompleteBufferedRequest 000000014002db1c     comm.obj
 0004:00000b28       $pdata$0$CompleteBufferedRequest 000000014002db28     comm.obj
 0004:00000b34       $pdata$1$CompleteBufferedRequest 000000014002db34     comm.obj
 0004:00000b40       $pdata$ServiceHostCommandNormalQueue 000000014002db40     comm.obj
 0004:00000b4c       $pdata$3$ServiceHostCommandNormalQueue 000000014002db4c     comm.obj
 0004:00000b58       $pdata$4$ServiceHostCommandNormalQueue 000000014002db58     comm.obj
 0004:00000b64       $pdata$DpcDequeueRawIoReadWriteRequest 000000014002db64     comm.obj
 0004:00000b70       $pdata$ProcessNormalFib    000000014002db70     comm.obj
 0004:00000b7c       $pdata$3$ProcessNormalFib  000000014002db7c     comm.obj
 0004:00000b88       $pdata$5$ProcessNormalFib  000000014002db88     comm.obj
 0004:00000b94       $pdata$6$ProcessNormalFib  000000014002db94     comm.obj
 0004:00000ba0       $pdata$7$ProcessNormalFib  000000014002dba0     comm.obj
 0004:00000bac       $pdata$8$ProcessNormalFib  000000014002dbac     comm.obj
 0004:00000bb8       $pdata$ServiceInternalAifQueue 000000014002dbb8     comm.obj
 0004:00000bc4       $pdata$ProcessHbaErrors    000000014002dbc4     comm.obj
 0004:00000bd0       $pdata$3$ProcessHbaErrors  000000014002dbd0     comm.obj
 0004:00000bdc       $pdata$4$ProcessHbaErrors  000000014002dbdc     comm.obj
 0004:00000be8       $pdata$ProcessWmi          000000014002dbe8     wmi.obj
 0004:00000bf4       $pdata$HwScsiWmiExecuteMethod 000000014002dbf4     wmi.obj
 0004:00000c00       $pdata$HwScsiWmiQueryDataBlock 000000014002dc00     wmi.obj
 0004:00000c00       $pdata$HwScsiWmiFunctionControl 000000014002dc00     wmi.obj
 0004:00000c0c       $pdata$GsDriverEntry       000000014002dc0c     BufferOverflowK:gs_support.obj
 0004:00000c24       $pdata$__report_securityfailure 000000014002dc24     BufferOverflowK:gs_report.obj
 0004:00000c30       $pdata$__report_rangecheckfailure 000000014002dc30     BufferOverflowK:gs_report.obj
 0004:00000c3c       $pdata$__report_gsfailure  000000014002dc3c     BufferOverflowK:gs_report.obj
 0004:00000c54       $pdata$__GSHandlerCheckCommon 000000014002dc54     ntoskrnl:gshandler.obj
 0004:00000c60       $pdata$__GSHandlerCheck    000000014002dc60     ntoskrnl:gshandler.obj
 0004:00000c84       $pdata$ScsiPortWmiDispatchFunction 000000014002dc84     scsiwmi:wmilib.obj
 0004:00000c90       $pdata$ScsiWmipProcessRequest 000000014002dc90     scsiwmi:wmilib.obj
 0004:00000c9c       $pdata$ScsiPortWmiPostProcess 000000014002dc9c     scsiwmi:wmilib.obj
 0004:00000ca8       $pdata$ScsiWmipPostProcess 000000014002dca8     scsiwmi:wmilib.obj
 0004:00000cb4       $pdata$ScsiWmipFindGuid    000000014002dcb4     scsiwmi:wmilib.obj
 0005:000001e8       .idata$6                   000000014002e1e8     ntoskrnl:ntoskrnl.exe
 0005:00000212       .idata$6                   000000014002e212     hal:HAL.dll
 0005:000003d2       .idata$6                   000000014002e3d2     storport:storport.sys
 0006:000000d0       $R000000                   000000014002f0d0     archba.res
 0006:00000420       $R000350                   000000014002f420     archba.res
